Mar  1 00:28:11 avas postfix/cleanup[2325]: 0CB0761AA4: message-id=<AWAD.20040301.361254.001.1078118631@wordsmith.org>
Mar  1 00:28:11 avas postfix/qmgr[23698]: 0CB0761AA4: from=<wsmith@wordsmith.org>, size=4041, nrcpt=1 (queue active)
Mar  1 00:28:11 avas postfix/smtpd[2924]: disconnect from avas.example.com[127.0.0.1]
Mar  1 00:28:11 avas amavis[2313]: (02313-08) Passed, <wsmith@wordsmith.org> -> <watson@example.com>, Message-ID: <AWAD.20040301.361254.001.1078118631@wordsmith.org>, Hits: -1.866
Mar  1 00:28:11 avas postfix/smtp[2918]: 2B45461A83: to=<watson@example.com>, relay=127.0.0.1[127.0.0.1], delay=5, status=sent (250 2.6.0 Ok, id=02313-08, from MTA: 250 Ok: queued as 0CB0761AA4)
Mar  1 00:28:11 avas postfix/smtp[2925]: 0CB0761AA4: to=<watson@example.com>, relay=10.0.0.251[10.0.0.251], delay=0, status=sent (250 Command DATA Processed mail data Ok)
Mar  1 00:28:11 avas postfix/smtpd[2737]: DF1F661A83: client=unknown[218.7.48.27]
Mar  1 00:28:16 avas postfix/smtpd[2411]: warning: 208.37.192.234: address not listed for hostname globrite.com
Mar  1 00:28:16 avas postfix/smtpd[2411]: connect from unknown[208.37.192.234]
Mar  1 00:28:17 avas postfix/smtpd[2411]: disconnect from unknown[208.37.192.234]
Mar  1 00:28:20 avas postfix/smtpd[2737]: lost connection after RCPT from unknown[218.7.48.27]
Mar  1 00:28:20 avas postfix/smtpd[2737]: disconnect from unknown[218.7.48.27]
Mar  1 00:28:22 avas postfix/smtpd[2769]: connect from unknown[217.219.161.6]
Mar  1 00:28:24 avas postfix/smtpd[2610]: warning: 200.106.73.175: hostname client-200.106.73.175.speedy.net.pe verification failed: Host not found
Mar  1 00:28:24 avas postfix/smtpd[2610]: connect from unknown[200.106.73.175]
Mar  1 00:28:24 avas postfix/smtpd[2610]: C4F3461A83: client=unknown[200.106.73.175]
Mar  1 00:28:26 avas postfix/smtpd[2769]: 1F74F61AA4: client=unknown[217.219.161.6]
Mar  1 00:28:26 avas postfix/smtpd[2410]: warning: 69.59.146.18: address not listed for hostname ns6.pazmy.com
Mar  1 00:28:26 avas postfix/smtpd[2410]: connect from unknown[69.59.146.18]
Mar  1 00:28:26 avas postfix/smtpd[2410]: C25E861AA6: client=unknown[69.59.146.18]
Mar  1 00:28:28 avas postfix/smtpd[2410]: disconnect from unknown[69.59.146.18]
Mar  1 00:28:30 avas postfix/smtpd[2610]: lost connection after RCPT from unknown[200.106.73.175]
Mar  1 00:28:30 avas postfix/smtpd[2610]: disconnect from unknown[200.106.73.175]
Mar  1 00:28:31 avas postfix/smtpd[2314]: warning: 208.37.192.234: address not listed for hostname globrite.com
Mar  1 00:28:31 avas postfix/smtpd[2314]: connect from unknown[208.37.192.234]
Mar  1 00:28:32 avas postfix/smtpd[2314]: disconnect from unknown[208.37.192.234]
Mar  1 00:28:33 avas postfix/smtpd[2413]: warning: 200.217.124.60: hostname BA124060.user.veloxzone.com.br verification failed: Host not found
Mar  1 00:28:33 avas postfix/smtpd[2413]: connect from unknown[200.217.124.60]
Mar  1 00:28:35 avas postfix/smtpd[2769]: lost connection after RCPT from unknown[217.219.161.6]
Mar  1 00:28:35 avas postfix/smtpd[2769]: disconnect from unknown[217.219.161.6]
Mar  1 00:28:37 avas postfix/smtpd[2413]: 2C2F961A83: client=unknown[200.217.124.60]
Mar  1 00:28:38 avas postfix/smtpd[2411]: connect from unknown[218.106.97.42]
Mar  1 00:28:40 avas postfix/smtpd[2411]: 4229961AA4: client=unknown[218.106.97.42]
Mar  1 00:28:43 avas postfix/smtpd[2411]: lost connection after RCPT from unknown[218.106.97.42]
Mar  1 00:28:43 avas postfix/smtpd[2411]: disconnect from unknown[218.106.97.42]
Mar  1 00:28:47 avas postfix/smtpd[2737]: warning: 208.37.192.234: address not listed for hostname globrite.com
Mar  1 00:28:47 avas postfix/smtpd[2737]: connect from unknown[208.37.192.234]
Mar  1 00:28:47 avas postfix/smtpd[2737]: disconnect from unknown[208.37.192.234]
Mar  1 00:28:47 avas postfix/smtpd[2410]: connect from wbar14.tampa1-4-4-148-124.tampa1.dsl-verizon.net[4.4.148.124]
Mar  1 00:28:52 avas postfix/smtpd[2410]: 7A8D961AA4: client=wbar14.tampa1-4-4-148-124.tampa1.dsl-verizon.net[4.4.148.124]
Mar  1 00:28:53 avas postfix/smtpd[2413]: disconnect from unknown[200.217.124.60]
Mar  1 00:28:58 avas postfix/smtpd[2410]: lost connection after RCPT from wbar14.tampa1-4-4-148-124.tampa1.dsl-verizon.net[4.4.148.124]
Mar  1 00:28:58 avas postfix/smtpd[2410]: disconnect from wbar14.tampa1-4-4-148-124.tampa1.dsl-verizon.net[4.4.148.124]
Mar  1 00:29:00 avas postfix/smtpd[2610]: connect from 42-185-194.adsl.cust.tie.cl[200.42.185.194]
Mar  1 00:29:02 avas postfix/smtpd[2314]: warning: 208.37.192.234: address not listed for hostname globrite.com
Mar  1 00:29:02 avas postfix/smtpd[2314]: connect from unknown[208.37.192.234]
Mar  1 00:29:02 avas postfix/smtpd[2314]: disconnect from unknown[208.37.192.234]
Mar  1 00:29:02 avas postfix/smtpd[2610]: 5CFC461A83: client=42-185-194.adsl.cust.tie.cl[200.42.185.194]
Mar  1 00:29:06 avas postfix/smtpd[2610]: lost connection after RCPT from 42-185-194.adsl.cust.tie.cl[200.42.185.194]
Mar  1 00:29:06 avas postfix/smtpd[2610]: disconnect from 42-185-194.adsl.cust.tie.cl[200.42.185.194]
Mar  1 00:29:09 avas postfix/smtpd[2769]: connect from unknown[61.153.198.1]
Mar  1 00:29:12 avas postfix/smtpd[2769]: 048A961A83: client=unknown[61.153.198.1]
Mar  1 00:29:16 avas postfix/smtpd[2769]: lost connection after RCPT from unknown[61.153.198.1]
Mar  1 00:29:16 avas postfix/smtpd[2769]: disconnect from unknown[61.153.198.1]
Mar  1 00:29:17 avas postfix/smtpd[2411]: warning: 208.37.192.234: address not listed for hostname globrite.com
Mar  1 00:29:17 avas postfix/smtpd[2411]: connect from unknown[208.37.192.234]
Mar  1 00:29:17 avas postfix/smtpd[2411]: disconnect from unknown[208.37.192.234]
Mar  1 00:29:17 avas postfix/smtpd[2737]: connect from unknown[218.15.26.130]
Mar  1 00:29:19 avas postfix/smtpd[2737]: E453361A83: client=unknown[218.15.26.130]
Mar  1 00:29:22 avas postfix/smtpd[2737]: lost connection after RCPT from unknown[218.15.26.130]
Mar  1 00:29:22 avas postfix/smtpd[2737]: disconnect from unknown[218.15.26.130]
Mar  1 00:29:24 avas postfix/smtpd[2413]: connect from unknown[211.109.110.187]
Mar  1 00:29:26 avas postfix/smtpd[2413]: 99CEA61A83: client=unknown[211.109.110.187]
Mar  1 00:29:30 avas postfix/smtpd[2413]: lost connection after RCPT from unknown[211.109.110.187]
Mar  1 00:29:30 avas postfix/smtpd[2413]: disconnect from unknown[211.109.110.187]
Mar  1 00:29:32 avas postfix/smtpd[2410]: warning: 208.37.192.234: address not listed for hostname globrite.com
Mar  1 00:29:32 avas postfix/smtpd[2410]: connect from unknown[208.37.192.234]
Mar  1 00:29:32 avas postfix/smtpd[2314]: connect from smtp-2.vancouver.ipapp.com[216.152.192.208]
Mar  1 00:29:32 avas postfix/smtpd[2314]: 70AE261A83: client=smtp-2.vancouver.ipapp.com[216.152.192.208]
Mar  1 00:29:32 avas postfix/smtpd[2410]: disconnect from unknown[208.37.192.234]
Mar  1 00:29:33 avas postfix/cleanup[2324]: 70AE261A83: message-id=<00df01c3ff64$4e2a18a0$23987240@rockrod>
Mar  1 00:29:33 avas postfix/qmgr[23698]: 70AE261A83: from=<samiam@ngis.ca>, size=15490, nrcpt=1 (queue active)
Mar  1 00:29:33 avas postfix/smtpd[2314]: disconnect from smtp-2.vancouver.ipapp.com[216.152.192.208]
Mar  1 00:29:36 avas postfix/smtpd[2924]: connect from avas.example.com[127.0.0.1]
Mar  1 00:29:36 avas postfix/smtpd[2924]: 73BC261AA4: client=avas.example.com[127.0.0.1]
Mar  1 00:29:36 avas postfix/cleanup[2325]: 73BC261AA4: message-id=<00df01c3ff64$4e2a18a0$23987240@rockrod>
Mar  1 00:29:36 avas postfix/qmgr[23698]: 73BC261AA4: from=<samiam@ngis.ca>, size=15955, nrcpt=1 (queue active)
Mar  1 00:29:36 avas postfix/smtpd[2924]: disconnect from avas.example.com[127.0.0.1]
Mar  1 00:29:36 avas amavis[2889]: (02889-03) Passed, <samiam@ngis.ca> -> <cunninghamh@example.com>, Message-ID: <00df01c3ff64$4e2a18a0$23987240@rockrod>, Hits: 3.458
Mar  1 00:29:36 avas postfix/smtp[2918]: 70AE261A83: to=<cunninghamh@example.com>, relay=127.0.0.1[127.0.0.1], delay=4, status=sent (250 2.6.0 Ok, id=02889-03, from MTA: 250 Ok: queued as 73BC261AA4)
Mar  1 00:29:36 avas postfix/smtp[2925]: 73BC261AA4: to=<cunninghamh@example.com>, relay=10.0.0.251[10.0.0.251], delay=0, status=sent (250 Command DATA Processed mail data Ok)
Mar  1 00:29:47 avas postfix/smtpd[2610]: warning: 208.37.192.234: address not listed for hostname globrite.com
Mar  1 00:29:47 avas postfix/smtpd[2610]: connect from unknown[208.37.192.234]
Mar  1 00:29:47 avas postfix/smtpd[2610]: disconnect from unknown[208.37.192.234]
Mar  1 00:30:02 avas postfix/smtpd[2769]: warning: 208.37.192.234: address not listed for hostname globrite.com
Mar  1 00:30:02 avas postfix/smtpd[2769]: connect from unknown[208.37.192.234]
Mar  1 00:30:02 avas postfix/smtpd[2769]: disconnect from unknown[208.37.192.234]
Mar  1 00:30:07 avas postfix/smtpd[2411]: connect from host81-153-11-97.range81-153.btcentralplus.com[81.153.11.97]
Mar  1 00:30:07 avas postfix/smtpd[2411]: BA2E161A83: client=host81-153-11-97.range81-153.btcentralplus.com[81.153.11.97]
Mar  1 00:30:09 avas postfix/smtpd[2411]: disconnect from host81-153-11-97.range81-153.btcentralplus.com[81.153.11.97]
Mar  1 00:30:17 avas postfix/smtpd[2413]: warning: 208.37.192.234: address not listed for hostname globrite.com
Mar  1 00:30:17 avas postfix/smtpd[2413]: connect from unknown[208.37.192.234]
Mar  1 00:30:18 avas postfix/smtpd[2413]: disconnect from unknown[208.37.192.234]
Mar  1 00:30:25 avas postfix/smtpd[2737]: warning: 200.52.174.17: hostname customer-zra-174-17.megared.net.mx verification failed: Host not found
Mar  1 00:30:25 avas postfix/smtpd[2737]: connect from unknown[200.52.174.17]
Mar  1 00:30:26 avas postfix/smtpd[2410]: connect from cable-134-156.inter.net.il[80.230.134.156]
Mar  1 00:30:26 avas postfix/smtpd[2737]: 4842061A83: client=unknown[200.52.174.17]
Mar  1 00:30:27 avas postfix/smtpd[2410]: 0CD2161AA4: client=cable-134-156.inter.net.il[80.230.134.156]
Mar  1 00:30:27 avas postfix/smtpd[2737]: disconnect from unknown[200.52.174.17]
Mar  1 00:30:32 avas postfix/smtpd[2314]: warning: 208.37.192.234: address not listed for hostname globrite.com
Mar  1 00:30:32 avas postfix/smtpd[2314]: connect from unknown[208.37.192.234]
Mar  1 00:30:33 avas postfix/smtpd[2314]: disconnect from unknown[208.37.192.234]
Mar  1 00:30:43 avas postfix/smtpd[2410]: disconnect from cable-134-156.inter.net.il[80.230.134.156]
Mar  1 00:30:47 avas postfix/smtpd[2610]: warning: 208.37.192.234: address not listed for hostname globrite.com
Mar  1 00:30:47 avas postfix/smtpd[2610]: connect from unknown[208.37.192.234]
Mar  1 00:30:48 avas postfix/smtpd[2610]: disconnect from unknown[208.37.192.234]
Mar  1 00:31:03 avas postfix/smtpd[2411]: warning: 208.37.192.234: address not listed for hostname globrite.com
Mar  1 00:31:03 avas postfix/smtpd[2411]: connect from unknown[208.37.192.234]
Mar  1 00:31:03 avas postfix/smtpd[2411]: disconnect from unknown[208.37.192.234]
Mar  1 00:31:14 avas postfix/smtpd[2769]: warning: 200.118.78.51: hostname Dynamic-IP-cr2001187851.cable.net.co verification failed: Host not found
Mar  1 00:31:14 avas postfix/smtpd[2769]: connect from unknown[200.118.78.51]
Mar  1 00:31:16 avas postfix/smtpd[2413]: connect from abn143-13.interaktif.net.tr[195.174.143.13]
Mar  1 00:31:18 avas postfix/smtpd[2737]: warning: 208.37.192.234: address not listed for hostname globrite.com
Mar  1 00:31:18 avas postfix/smtpd[2737]: connect from unknown[208.37.192.234]
Mar  1 00:31:18 avas postfix/smtpd[2769]: 79BB961A83: client=unknown[200.118.78.51]
Mar  1 00:31:18 avas postfix/smtpd[2737]: disconnect from unknown[208.37.192.234]
Mar  1 00:31:19 avas postfix/smtpd[2410]: connect from daguerre-1-81-57-164-104.fbx.proxad.net[81.57.164.104]
Mar  1 00:31:19 avas postfix/smtpd[2410]: BE05A61AA4: client=daguerre-1-81-57-164-104.fbx.proxad.net[81.57.164.104]
Mar  1 00:31:22 avas postfix/smtpd[2410]: lost connection after RCPT from daguerre-1-81-57-164-104.fbx.proxad.net[81.57.164.104]
Mar  1 00:31:22 avas postfix/smtpd[2410]: disconnect from daguerre-1-81-57-164-104.fbx.proxad.net[81.57.164.104]
Mar  1 00:31:26 avas postfix/smtpd[2769]: disconnect from unknown[200.118.78.51]
Mar  1 00:31:31 avas postfix/smtpd[2413]: D8D0C61A83: client=abn143-13.interaktif.net.tr[195.174.143.13]
Mar  1 00:31:33 avas postfix/smtpd[2314]: warning: 208.37.192.234: address not listed for hostname globrite.com
Mar  1 00:31:33 avas postfix/smtpd[2314]: connect from unknown[208.37.192.234]
Mar  1 00:31:33 avas postfix/smtpd[2314]: disconnect from unknown[208.37.192.234]
Mar  1 00:31:41 avas postfix/smtpd[2610]: connect from diup-253-243.inter.net.il[213.8.253.243]
Mar  1 00:31:44 avas postfix/smtpd[2411]: warning: 208.37.192.234: address not listed for hostname globrite.com
Mar  1 00:31:44 avas postfix/smtpd[2411]: connect from unknown[208.37.192.234]
Mar  1 00:31:44 avas postfix/smtpd[2411]: disconnect from unknown[208.37.192.234]
Mar  1 00:31:45 avas postfix/smtpd[2610]: 631EF61AA4: client=diup-253-243.inter.net.il[213.8.253.243]
Mar  1 00:31:46 avas postfix/smtpd[2737]: connect from 130.228.184.234.ip.tele2adsl.dk[130.228.184.234]
Mar  1 00:31:49 avas postfix/smtpd[2410]: connect from OL75-115.fibertel.com.ar[24.232.115.75]
Mar  1 00:31:50 avas postfix/smtpd[2413]: lost connection after RCPT from abn143-13.interaktif.net.tr[195.174.143.13]
Mar  1 00:31:50 avas postfix/smtpd[2413]: disconnect from abn143-13.interaktif.net.tr[195.174.143.13]
Mar  1 00:31:51 avas postfix/smtpd[2410]: 47CC561A83: client=OL75-115.fibertel.com.ar[24.232.115.75]
Mar  1 00:31:55 avas postfix/smtpd[2737]: 8935D61AA6: client=130.228.184.234.ip.tele2adsl.dk[130.228.184.234]
Mar  1 00:31:57 avas postfix/smtpd[2410]: disconnect from OL75-115.fibertel.com.ar[24.232.115.75]
Mar  1 00:31:59 avas postfix/smtpd[2314]: warning: 208.37.192.234: address not listed for hostname globrite.com
Mar  1 00:31:59 avas postfix/smtpd[2314]: connect from unknown[208.37.192.234]
Mar  1 00:31:59 avas postfix/smtpd[2314]: disconnect from unknown[208.37.192.234]
Mar  1 00:32:04 avas postfix/smtpd[2610]: lost connection after RCPT from diup-253-243.inter.net.il[213.8.253.243]
Mar  1 00:32:04 avas postfix/smtpd[2610]: disconnect from diup-253-243.inter.net.il[213.8.253.243]
Mar  1 00:32:05 avas postfix/smtpd[2769]: connect from s2058.ml00.net[216.39.127.58]
Mar  1 00:32:05 avas postfix/smtpd[2769]: E94A861A83: client=s2058.ml00.net[216.39.127.58]
Mar  1 00:32:06 avas postfix/smtpd[2737]: disconnect from 130.228.184.234.ip.tele2adsl.dk[130.228.184.234]
Mar  1 00:32:06 avas postfix/cleanup[2412]: E94A861A83: message-id=<200403010508.VAA90003@s2058.ml00.net>
Mar  1 00:32:06 avas postfix/qmgr[23698]: E94A861A83: from=<LovelyCard@fnp.ml00.net>, size=3087, nrcpt=1 (queue active)
Mar  1 00:32:11 avas postfix/smtpd[2411]: warning: 208.37.192.234: address not listed for hostname globrite.com
Mar  1 00:32:11 avas postfix/smtpd[2411]: connect from unknown[208.37.192.234]
Mar  1 00:32:11 avas postfix/smtpd[2411]: disconnect from unknown[208.37.192.234]
Mar  1 00:32:12 avas postfix/smtpd[2769]: disconnect from s2058.ml00.net[216.39.127.58]
Mar  1 00:32:14 avas postfix/smtpd[2413]: connect from unknown[61.177.79.93]
Mar  1 00:32:16 avas postfix/smtpd[2413]: 7862A61AA4: client=unknown[61.177.79.93]
Mar  1 00:32:17 avas postfix/smtpd[3034]: connect from avas.example.com[127.0.0.1]
Mar  1 00:32:17 avas postfix/smtpd[3034]: DA8F161AA6: client=avas.example.com[127.0.0.1]
Mar  1 00:32:17 avas postfix/cleanup[2324]: DA8F161AA6: message-id=<200403010508.VAA90003@s2058.ml00.net>
Mar  1 00:32:17 avas postfix/qmgr[23698]: DA8F161AA6: from=<LovelyCard@fnp.ml00.net>, size=3558, nrcpt=1 (queue active)
Mar  1 00:32:17 avas postfix/smtpd[3034]: disconnect from avas.example.com[127.0.0.1]
Mar  1 00:32:17 avas amavis[2313]: (02313-09) Passed, <LovelyCard@fnp.ml00.net> -> <manng@example.com>, Message-ID: <200403010508.VAA90003@s2058.ml00.net>, Hits: 5.932
Mar  1 00:32:17 avas postfix/smtp[3027]: E94A861A83: to=<manng@example.com>, relay=127.0.0.1[127.0.0.1], delay=12, status=sent (250 2.6.0 Ok, id=02313-09, from MTA: 250 Ok: queued as DA8F161AA6)
Mar  1 00:32:18 avas postfix/smtp[3035]: DA8F161AA6: to=<manng@example.com>, relay=10.0.0.251[10.0.0.251], delay=1, status=sent (250 Command DATA Processed mail data Ok)
Mar  1 00:32:19 avas postfix/smtpd[2413]: disconnect from unknown[61.177.79.93]
Mar  1 00:32:27 avas postfix/smtpd[2410]: warning: 208.37.192.234: address not listed for hostname globrite.com
Mar  1 00:32:27 avas postfix/smtpd[2410]: connect from unknown[208.37.192.234]
Mar  1 00:32:27 avas postfix/smtpd[2410]: disconnect from unknown[208.37.192.234]
Mar  1 00:32:32 avas postfix/smtpd[2314]: connect from unknown[61.190.168.201]
Mar  1 00:32:35 avas postfix/smtpd[2314]: BD00661A83: client=unknown[61.190.168.201]
Mar  1 00:32:39 avas postfix/smtpd[2314]: lost connection after RCPT from unknown[61.190.168.201]
Mar  1 00:32:39 avas postfix/smtpd[2314]: disconnect from unknown[61.190.168.201]
Mar  1 00:32:41 avas postfix/smtpd[2610]: connect from unknown[220.163.189.41]
Mar  1 00:32:42 avas postfix/smtpd[2737]: warning: 208.37.192.234: address not listed for hostname globrite.com
Mar  1 00:32:42 avas postfix/smtpd[2737]: connect from unknown[208.37.192.234]
Mar  1 00:32:42 avas postfix/smtpd[2737]: disconnect from unknown[208.37.192.234]
Mar  1 00:32:45 avas postfix/smtpd[2610]: 6F0D861A83: client=unknown[220.163.189.41]
Mar  1 00:32:50 avas postfix/smtpd[2610]: lost connection after RCPT from unknown[220.163.189.41]
Mar  1 00:32:50 avas postfix/smtpd[2610]: disconnect from unknown[220.163.189.41]
Mar  1 00:32:51 avas postfix/smtpd[2411]: connect from unknown[218.87.90.233]
Mar  1 00:32:54 avas postfix/smtpd[2411]: 706EB61A83: client=unknown[218.87.90.233]
Mar  1 00:32:54 avas postfix/smtpd[2410]: connect from unknown[218.87.90.233]
Mar  1 00:32:56 avas postfix/smtpd[2410]: 280EC61AA4: client=unknown[218.87.90.233]
Mar  1 00:32:57 avas postfix/smtpd[2413]: warning: 208.37.192.234: address not listed for hostname globrite.com
Mar  1 00:32:57 avas postfix/smtpd[2413]: connect from unknown[208.37.192.234]
Mar  1 00:32:57 avas postfix/smtpd[2413]: disconnect from unknown[208.37.192.234]
Mar  1 00:32:58 avas postfix/smtpd[2411]: lost connection after RCPT from unknown[218.87.90.233]
Mar  1 00:32:58 avas postfix/smtpd[2411]: disconnect from unknown[218.87.90.233]
Mar  1 00:32:59 avas postfix/smtpd[2410]: lost connection after RCPT from unknown[218.87.90.233]
Mar  1 00:32:59 avas postfix/smtpd[2410]: disconnect from unknown[218.87.90.233]
Mar  1 00:33:03 avas postfix/smtpd[2314]: connect from unknown[210.219.161.20]
Mar  1 00:33:05 avas postfix/smtpd[2314]: 7C40D61A83: client=unknown[210.219.161.20]
Mar  1 00:33:06 avas postfix/smtpd[2737]: connect from ALyon-109-1-15-237.w83-112.abo.wanadoo.fr[83.112.20.237]
Mar  1 00:33:08 avas postfix/smtpd[2737]: 132E961AA4: client=ALyon-109-1-15-237.w83-112.abo.wanadoo.fr[83.112.20.237]
Mar  1 00:33:09 avas postfix/smtpd[2314]: lost connection after RCPT from unknown[210.219.161.20]
Mar  1 00:33:09 avas postfix/smtpd[2314]: disconnect from unknown[210.219.161.20]
Mar  1 00:33:12 avas postfix/smtpd[2610]: warning: 208.37.192.234: address not listed for hostname globrite.com
Mar  1 00:33:12 avas postfix/smtpd[2610]: connect from unknown[208.37.192.234]
Mar  1 00:33:12 avas postfix/smtpd[2610]: disconnect from unknown[208.37.192.234]
Mar  1 00:33:13 avas postfix/smtpd[2413]: connect from 217-162-230-149.dclient.hispeed.ch[217.162.230.149]
Mar  1 00:33:13 avas postfix/smtpd[2411]: connect from 81-203-121-193.user.ono.com[81.203.121.193]
Mar  1 00:33:15 avas postfix/smtpd[2413]: 50D8461A83: client=217-162-230-149.dclient.hispeed.ch[217.162.230.149]
Mar  1 00:33:15 avas postfix/smtpd[2737]: lost connection after RCPT from ALyon-109-1-15-237.w83-112.abo.wanadoo.fr[83.112.20.237]
Mar  1 00:33:15 avas postfix/smtpd[2737]: disconnect from ALyon-109-1-15-237.w83-112.abo.wanadoo.fr[83.112.20.237]
Mar  1 00:33:17 avas postfix/smtpd[2769]: connect from unknown[68.118.140.153]
Mar  1 00:33:17 avas postfix/smtpd[2769]: lost connection after CONNECT from unknown[68.118.140.153]
Mar  1 00:33:17 avas postfix/smtpd[2769]: disconnect from unknown[68.118.140.153]
Mar  1 00:33:18 avas postfix/smtpd[2413]: lost connection after RCPT from 217-162-230-149.dclient.hispeed.ch[217.162.230.149]
Mar  1 00:33:18 avas postfix/smtpd[2413]: disconnect from 217-162-230-149.dclient.hispeed.ch[217.162.230.149]
Mar  1 00:33:19 avas postfix/smtpd[2411]: 00B3761A83: client=81-203-121-193.user.ono.com[81.203.121.193]
Mar  1 00:33:19 avas postfix/smtpd[2410]: connect from unknown[211.107.154.195]
Mar  1 00:33:20 avas postfix/smtpd[2314]: connect from cm-lflo1-12-165.cm.vtr.net[200.83.12.165]
Mar  1 00:33:21 avas postfix/smtpd[2410]: 914B561AA4: client=unknown[211.107.154.195]
Mar  1 00:33:23 avas postfix/smtpd[2410]: lost connection after RCPT from unknown[211.107.154.195]
Mar  1 00:33:23 avas postfix/smtpd[2410]: disconnect from unknown[211.107.154.195]
Mar  1 00:33:24 avas postfix/smtpd[2737]: connect from unknown[221.140.69.42]
Mar  1 00:33:24 avas postfix/smtpd[2737]: F1ED261AA4: client=unknown[221.140.69.42]
Mar  1 00:33:25 avas postfix/smtpd[2314]: 4574661AA6: client=cm-lflo1-12-165.cm.vtr.net[200.83.12.165]
Mar  1 00:33:25 avas postfix/smtpd[2769]: connect from unknown[218.2.24.59]
Mar  1 00:33:26 avas postfix/smtpd[2769]: 7506761AAF: client=unknown[218.2.24.59]
Mar  1 00:33:27 avas postfix/smtpd[2737]: disconnect from unknown[221.140.69.42]
Mar  1 00:33:27 avas postfix/smtpd[2413]: warning: 208.37.192.234: address not listed for hostname globrite.com
Mar  1 00:33:27 avas postfix/smtpd[2413]: connect from unknown[208.37.192.234]
Mar  1 00:33:27 avas postfix/smtpd[2413]: disconnect from unknown[208.37.192.234]
Mar  1 00:33:28 avas postfix/smtpd[2411]: lost connection after RCPT from 81-203-121-193.user.ono.com[81.203.121.193]
Mar  1 00:33:28 avas postfix/smtpd[2411]: disconnect from 81-203-121-193.user.ono.com[81.203.121.193]
Mar  1 00:33:28 avas postfix/smtpd[2314]: lost connection after RCPT from cm-lflo1-12-165.cm.vtr.net[200.83.12.165]
Mar  1 00:33:28 avas postfix/smtpd[2314]: disconnect from cm-lflo1-12-165.cm.vtr.net[200.83.12.165]
Mar  1 00:33:29 avas postfix/smtpd[2410]: connect from unknown[219.148.129.111]
Mar  1 00:33:30 avas postfix/smtpd[2737]: connect from unknown[61.236.246.36]
Mar  1 00:33:31 avas postfix/smtpd[2769]: lost connection after RCPT from unknown[218.2.24.59]
Mar  1 00:33:31 avas postfix/smtpd[2769]: disconnect from unknown[218.2.24.59]
Mar  1 00:33:32 avas postfix/smtpd[2410]: 17D6E61A83: client=unknown[219.148.129.111]
Mar  1 00:33:32 avas postfix/smtpd[2737]: D0C1761AA4: client=unknown[61.236.246.36]
Mar  1 00:33:34 avas postfix/smtpd[2411]: connect from unknown[218.147.116.166]
Mar  1 00:33:35 avas postfix/smtpd[2411]: 1CA5D61AA6: client=unknown[218.147.116.166]
Mar  1 00:33:37 avas postfix/smtpd[2737]: lost connection after RCPT from unknown[61.236.246.36]
Mar  1 00:33:37 avas postfix/smtpd[2737]: disconnect from unknown[61.236.246.36]
Mar  1 00:33:38 avas postfix/smtpd[2413]: connect from lsanca1-ar58-4-40-033-235.lsanca1.dsl-verizon.net[4.40.33.235]
Mar  1 00:33:38 avas postfix/smtpd[2610]: connect from unknown[12.163.183.192]
Mar  1 00:33:38 avas postfix/smtpd[2610]: BE09761AA4: client=unknown[12.163.183.192]
Mar  1 00:33:40 avas postfix/smtpd[2413]: 0BE7861AAF: client=lsanca1-ar58-4-40-033-235.lsanca1.dsl-verizon.net[4.40.33.235]
Mar  1 00:33:41 avas postfix/smtpd[2411]: disconnect from unknown[218.147.116.166]
Mar  1 00:33:42 avas postfix/smtpd[2413]: lost connection after RCPT from lsanca1-ar58-4-40-033-235.lsanca1.dsl-verizon.net[4.40.33.235]
Mar  1 00:33:42 avas postfix/smtpd[2413]: disconnect from lsanca1-ar58-4-40-033-235.lsanca1.dsl-verizon.net[4.40.33.235]
Mar  1 00:33:42 avas postfix/smtpd[2314]: warning: 208.37.192.234: address not listed for hostname globrite.com
Mar  1 00:33:42 avas postfix/smtpd[2314]: connect from unknown[208.37.192.234]
Mar  1 00:33:43 avas postfix/smtpd[2314]: disconnect from unknown[208.37.192.234]
Mar  1 00:33:44 avas postfix/smtpd[2411]: connect from unknown[61.153.216.142]
Mar  1 00:33:44 avas postfix/smtpd[2610]: lost connection after RCPT from unknown[12.163.183.192]
Mar  1 00:33:44 avas postfix/smtpd[2610]: disconnect from unknown[12.163.183.192]
Mar  1 00:33:46 avas postfix/smtpd[2411]: 260BF61AA4: client=unknown[61.153.216.142]
Mar  1 00:33:48 avas postfix/smtpd[2413]: connect from unknown[61.234.77.18]
Mar  1 00:33:49 avas postfix/smtpd[2413]: 96EF861AA6: client=unknown[61.234.77.18]
Mar  1 00:33:49 avas postfix/smtpd[2411]: lost connection after RCPT from unknown[61.153.216.142]
Mar  1 00:33:49 avas postfix/smtpd[2411]: disconnect from unknown[61.153.216.142]
Mar  1 00:33:51 avas postfix/smtpd[2610]: connect from unknown[61.153.203.162]
Mar  1 00:33:52 avas postfix/smtpd[2413]: lost connection after RCPT from unknown[61.234.77.18]
Mar  1 00:33:52 avas postfix/smtpd[2413]: disconnect from unknown[61.234.77.18]
Mar  1 00:33:53 avas postfix/smtpd[2610]: 269F261AA4: client=unknown[61.153.203.162]
Mar  1 00:33:53 avas postfix/smtpd[2411]: connect from unknown[218.190.46.209]
Mar  1 00:33:54 avas postfix/smtpd[2411]: 61E1D61AA6: client=unknown[218.190.46.209]
Mar  1 00:33:57 avas postfix/smtpd[2411]: lost connection after RCPT from unknown[218.190.46.209]
Mar  1 00:33:57 avas postfix/smtpd[2411]: disconnect from unknown[218.190.46.209]
Mar  1 00:33:57 avas postfix/smtpd[2610]: lost connection after RCPT from unknown[61.153.203.162]
Mar  1 00:33:57 avas postfix/smtpd[2610]: disconnect from unknown[61.153.203.162]
Mar  1 00:33:57 avas postfix/smtpd[2314]: warning: 208.37.192.234: address not listed for hostname globrite.com
Mar  1 00:33:57 avas postfix/smtpd[2314]: connect from unknown[208.37.192.234]
Mar  1 00:33:58 avas postfix/smtpd[2314]: disconnect from unknown[208.37.192.234]
Mar  1 00:33:58 avas postfix/smtpd[2413]: connect from d154-5-49-96.bchsia.telus.net[154.5.49.96]
Mar  1 00:33:58 avas postfix/smtpd[2413]: E873A61AA4: client=d154-5-49-96.bchsia.telus.net[154.5.49.96]
Mar  1 00:34:00 avas postfix/smtpd[2413]: lost connection after RCPT from d154-5-49-96.bchsia.telus.net[154.5.49.96]
Mar  1 00:34:00 avas postfix/smtpd[2413]: disconnect from d154-5-49-96.bchsia.telus.net[154.5.49.96]
Mar  1 00:34:02 avas postfix/smtpd[2769]: connect from unknown[218.25.204.154]
Mar  1 00:34:02 avas postfix/smtpd[2769]: lost connection after CONNECT from unknown[218.25.204.154]
Mar  1 00:34:02 avas postfix/smtpd[2769]: disconnect from unknown[218.25.204.154]
Mar  1 00:34:05 avas postfix/smtpd[2410]: lost connection after RCPT from unknown[219.148.129.111]
Mar  1 00:34:05 avas postfix/smtpd[2410]: disconnect from unknown[219.148.129.111]
Mar  1 00:34:05 avas postfix/smtpd[2610]: connect from unknown[218.23.23.20]
Mar  1 00:34:06 avas postfix/smtpd[2411]: connect from ip112.197-51-69.sogetel.net[69.51.197.112]
Mar  1 00:34:07 avas postfix/smtpd[2411]: 2F80361A83: client=ip112.197-51-69.sogetel.net[69.51.197.112]
Mar  1 00:34:08 avas postfix/smtpd[2314]: connect from unknown[218.9.22.82]
Mar  1 00:34:08 avas postfix/smtpd[2610]: A442E61AA4: client=unknown[218.23.23.20]
Mar  1 00:34:10 avas postfix/smtpd[2411]: lost connection after RCPT from ip112.197-51-69.sogetel.net[69.51.197.112]
Mar  1 00:34:10 avas postfix/smtpd[2411]: disconnect from ip112.197-51-69.sogetel.net[69.51.197.112]
Mar  1 00:34:10 avas postfix/smtpd[2413]: connect from syr-24-59-168-206.twcny.rr.com[24.59.168.206]
Mar  1 00:34:10 avas postfix/smtpd[2314]: 8FBB761A83: client=unknown[218.9.22.82]
Mar  1 00:34:12 avas postfix/smtpd[2769]: connect from unknown[61.187.179.152]
Mar  1 00:34:12 avas postfix/smtpd[2413]: 8EE1C61AA6: client=syr-24-59-168-206.twcny.rr.com[24.59.168.206]
Mar  1 00:34:12 avas postfix/smtpd[2410]: warning: 208.37.192.234: address not listed for hostname globrite.com
Mar  1 00:34:12 avas postfix/smtpd[2410]: connect from unknown[208.37.192.234]
Mar  1 00:34:13 avas postfix/smtpd[2410]: disconnect from unknown[208.37.192.234]
Mar  1 00:34:13 avas postfix/smtpd[2769]: DA65861AAF: client=unknown[61.187.179.152]
Mar  1 00:34:14 avas postfix/smtpd[2610]: lost connection after RCPT from unknown[218.23.23.20]
Mar  1 00:34:14 avas postfix/smtpd[2610]: disconnect from unknown[218.23.23.20]
Mar  1 00:34:15 avas postfix/smtpd[2411]: connect from unknown[61.153.151.122]
Mar  1 00:34:16 avas postfix/smtpd[2314]: lost connection after RCPT from unknown[218.9.22.82]
Mar  1 00:34:16 avas postfix/smtpd[2314]: disconnect from unknown[218.9.22.82]
Mar  1 00:34:18 avas postfix/smtpd[2411]: 13ADD61A83: client=unknown[61.153.151.122]
Mar  1 00:34:18 avas postfix/smtpd[2410]: connect from c-24-16-245-19.client.comcast.net[24.16.245.19]
Mar  1 00:34:18 avas postfix/smtpd[2610]: connect from unknown[218.10.29.13]
Mar  1 00:34:19 avas postfix/smtpd[2410]: 7634361AA4: client=c-24-16-245-19.client.comcast.net[24.16.245.19]
Mar  1 00:34:20 avas postfix/smtpd[2610]: D44FC61AB3: client=unknown[218.10.29.13]
Mar  1 00:34:21 avas postfix/smtpd[2769]: lost connection after RCPT from unknown[61.187.179.152]
Mar  1 00:34:21 avas postfix/smtpd[2769]: disconnect from unknown[61.187.179.152]
Mar  1 00:34:21 avas postfix/smtpd[2411]: lost connection after RCPT from unknown[61.153.151.122]
Mar  1 00:34:21 avas postfix/smtpd[2411]: disconnect from unknown[61.153.151.122]
Mar  1 00:34:22 avas postfix/smtpd[2410]: lost connection after RCPT from c-24-16-245-19.client.comcast.net[24.16.245.19]
Mar  1 00:34:22 avas postfix/smtpd[2410]: disconnect from c-24-16-245-19.client.comcast.net[24.16.245.19]
Mar  1 00:34:24 avas postfix/smtpd[2610]: lost connection after RCPT from unknown[218.10.29.13]
Mar  1 00:34:24 avas postfix/smtpd[2610]: disconnect from unknown[218.10.29.13]
Mar  1 00:34:25 avas postfix/smtpd[2737]: connect from h219-110-178-147.catv02.itscom.jp[219.110.178.147]
Mar  1 00:34:26 avas postfix/smtpd[2413]: lost connection after RCPT from syr-24-59-168-206.twcny.rr.com[24.59.168.206]
Mar  1 00:34:26 avas postfix/smtpd[2413]: disconnect from syr-24-59-168-206.twcny.rr.com[24.59.168.206]
Mar  1 00:34:26 avas postfix/smtpd[2737]: E827761A83: client=h219-110-178-147.catv02.itscom.jp[219.110.178.147]
Mar  1 00:34:27 avas postfix/smtpd[2769]: warning: 208.37.192.234: address not listed for hostname globrite.com
Mar  1 00:34:27 avas postfix/smtpd[2769]: connect from unknown[208.37.192.234]
Mar  1 00:34:28 avas postfix/smtpd[2769]: disconnect from unknown[208.37.192.234]
Mar  1 00:34:28 avas postfix/smtpd[2411]: connect from unknown[219.147.245.67]
Mar  1 00:34:29 avas postfix/smtpd[2737]: lost connection after RCPT from h219-110-178-147.catv02.itscom.jp[219.110.178.147]
Mar  1 00:34:29 avas postfix/smtpd[2737]: disconnect from h219-110-178-147.catv02.itscom.jp[219.110.178.147]
Mar  1 00:34:31 avas postfix/smtpd[2411]: 60CA661A83: client=unknown[219.147.245.67]
Mar  1 00:34:31 avas postfix/smtpd[2410]: connect from unknown[219.149.85.19]
Mar  1 00:34:34 avas postfix/smtpd[2410]: 0B1B761AA4: client=unknown[219.149.85.19]
Mar  1 00:34:35 avas postfix/smtpd[2610]: connect from unknown[218.109.81.4]
Mar  1 00:34:35 avas postfix/smtpd[2610]: lost connection after CONNECT from unknown[218.109.81.4]
Mar  1 00:34:35 avas postfix/smtpd[2610]: disconnect from unknown[218.109.81.4]
Mar  1 00:34:38 avas postfix/smtpd[2410]: lost connection after RCPT from unknown[219.149.85.19]
Mar  1 00:34:38 avas postfix/smtpd[2410]: disconnect from unknown[219.149.85.19]
Mar  1 00:34:39 avas postfix/smtpd[2314]: connect from unknown[211.75.28.99]
Mar  1 00:34:41 avas postfix/smtpd[2314]: 4C78A61AA4: client=unknown[211.75.28.99]
Mar  1 00:34:42 avas postfix/smtpd[2413]: connect from hc210-202-134-201.fx.ebtnet.net[210.202.134.201]
Mar  1 00:34:42 avas postfix/smtpd[2411]: lost connection after RCPT from unknown[219.147.245.67]
Mar  1 00:34:42 avas postfix/smtpd[2411]: disconnect from unknown[219.147.245.67]
Mar  1 00:34:43 avas postfix/smtpd[2769]: warning: 208.37.192.234: address not listed for hostname globrite.com
Mar  1 00:34:43 avas postfix/smtpd[2769]: connect from unknown[208.37.192.234]
Mar  1 00:34:43 avas postfix/smtpd[2413]: 2446B61A83: client=hc210-202-134-201.fx.ebtnet.net[210.202.134.201]
Mar  1 00:34:43 avas postfix/smtpd[2769]: disconnect from unknown[208.37.192.234]
Mar  1 00:34:43 avas postfix/smtpd[2314]: lost connection after RCPT from unknown[211.75.28.99]
Mar  1 00:34:43 avas postfix/smtpd[2314]: disconnect from unknown[211.75.28.99]
Mar  1 00:34:44 avas postfix/smtpd[2737]: warning: 83.129.146.167: hostname p83.129.146.167.tisdip.tiscali.de verification failed: Host not found
Mar  1 00:34:44 avas postfix/smtpd[2737]: connect from unknown[83.129.146.167]
Mar  1 00:34:44 avas postfix/smtpd[2610]: connect from unknown[218.75.12.126]
Mar  1 00:34:45 avas postfix/smtpd[2610]: 7E99261AA4: client=unknown[218.75.12.126]
Mar  1 00:34:45 avas postfix/smtpd[2413]: lost connection after RCPT from hc210-202-134-201.fx.ebtnet.net[210.202.134.201]
Mar  1 00:34:45 avas postfix/smtpd[2413]: disconnect from hc210-202-134-201.fx.ebtnet.net[210.202.134.201]
Mar  1 00:34:45 avas postfix/smtpd[2737]: E6DF261A83: client=unknown[83.129.146.167]
Mar  1 00:34:46 avas postfix/smtpd[2410]: connect from h146.n219-68-237.adsl.giga.net.tw[219.68.237.146]
Mar  1 00:34:47 avas postfix/smtpd[2411]: connect from unknown[210.205.160.186]
Mar  1 00:34:48 avas postfix/smtpd[2410]: 821AC61AA6: client=h146.n219-68-237.adsl.giga.net.tw[219.68.237.146]
Mar  1 00:34:48 avas postfix/smtpd[2411]: A424A61AAF: client=unknown[210.205.160.186]
Mar  1 00:34:50 avas postfix/smtpd[2411]: lost connection after RCPT from unknown[210.205.160.186]
Mar  1 00:34:50 avas postfix/smtpd[2411]: disconnect from unknown[210.205.160.186]
Mar  1 00:34:50 avas postfix/smtpd[2610]: lost connection after RCPT from unknown[218.75.12.126]
Mar  1 00:34:50 avas postfix/smtpd[2610]: disconnect from unknown[218.75.12.126]
Mar  1 00:34:51 avas postfix/cleanup[2603]: E6DF261A83: message-id=<1078129969.5721@ccu.umanitoba.ca>
Mar  1 00:34:51 avas postfix/qmgr[23698]: E6DF261A83: from=<hsosa_sh@ccu.umanitoba.ca>, size=1093, nrcpt=1 (queue active)
Mar  1 00:34:52 avas postfix/smtpd[2737]: disconnect from unknown[83.129.146.167]
Mar  1 00:34:52 avas postfix/smtpd[2769]: connect from unknown[210.219.162.134]
Mar  1 00:34:53 avas amavis[2430]: (02430-07) Not-Delivered, <hsosa_sh@ccu.umanitoba.ca> -> <cnclibrary@example.com>, quarantine spam-dd87750f7fe5c467ba5ea4565bd48873-20040301-003453-02430-07, Message-ID: <1078129969.5721@ccu.umanitoba.ca>, Hits: 12.685
Mar  1 00:34:53 avas postfix/smtp[3039]: E6DF261A83: to=<cnclibrary@example.com>, relay=127.0.0.1[127.0.0.1], delay=8, status=sent (250 2.7.1 Ok, discarded, UBE, id=02430-07)
Mar  1 00:34:54 avas postfix/smtpd[2769]: 2495961A83: client=unknown[210.219.162.134]
Mar  1 00:34:56 avas postfix/smtpd[2769]: lost connection after RCPT from unknown[210.219.162.134]
Mar  1 00:34:56 avas postfix/smtpd[2769]: disconnect from unknown[210.219.162.134]
Mar  1 00:34:58 avas postfix/smtpd[2413]: warning: 208.37.192.234: address not listed for hostname globrite.com
Mar  1 00:34:58 avas postfix/smtpd[2413]: connect from unknown[208.37.192.234]
Mar  1 00:34:58 avas postfix/smtpd[2314]: warning: 203.210.215.144: address not listed for hostname localhost
Mar  1 00:34:58 avas postfix/smtpd[2314]: connect from unknown[203.210.215.144]
Mar  1 00:34:58 avas postfix/smtpd[2413]: disconnect from unknown[208.37.192.234]
Mar  1 00:34:58 avas postfix/smtpd[2314]: E41BA61A83: client=unknown[203.210.215.144]
Mar  1 00:35:03 avas postfix/smtpd[2314]: disconnect from unknown[203.210.215.144]
Mar  1 00:35:04 avas postfix/smtpd[2411]: connect from wblv-227-24.telkomadsl.co.za[165.165.227.24]
Mar  1 00:35:04 avas postfix/smtpd[2411]: lost connection after CONNECT from wblv-227-24.telkomadsl.co.za[165.165.227.24]
Mar  1 00:35:04 avas postfix/smtpd[2411]: disconnect from wblv-227-24.telkomadsl.co.za[165.165.227.24]
Mar  1 00:35:05 avas postfix/smtpd[2610]: connect from wblv-227-24.telkomadsl.co.za[165.165.227.24]
Mar  1 00:35:07 avas postfix/smtpd[2610]: 9894661A83: client=wblv-227-24.telkomadsl.co.za[165.165.227.24]
Mar  1 00:35:13 avas postfix/smtpd[2737]: warning: 208.37.192.234: address not listed for hostname globrite.com
Mar  1 00:35:13 avas postfix/smtpd[2737]: connect from unknown[208.37.192.234]
Mar  1 00:35:13 avas postfix/smtpd[2737]: disconnect from unknown[208.37.192.234]
Mar  1 00:35:17 avas postfix/smtpd[2610]: lost connection after RCPT from wblv-227-24.telkomadsl.co.za[165.165.227.24]
Mar  1 00:35:17 avas postfix/smtpd[2610]: disconnect from wblv-227-24.telkomadsl.co.za[165.165.227.24]
Mar  1 00:35:21 avas postfix/smtpd[2769]: connect from cdm-66-233-55-146.fayt.cox-internet.com[66.233.55.146]
Mar  1 00:35:22 avas postfix/smtpd[2769]: 77FDC61A83: client=cdm-66-233-55-146.fayt.cox-internet.com[66.233.55.146]
Mar  1 00:35:26 avas postfix/smtpd[2413]: warning: 208.37.192.234: address not listed for hostname globrite.com
Mar  1 00:35:26 avas postfix/smtpd[2413]: connect from unknown[208.37.192.234]
Mar  1 00:35:26 avas postfix/smtpd[2413]: disconnect from unknown[208.37.192.234]
Mar  1 00:35:28 avas postfix/smtpd[2314]: connect from unknown[211.111.224.41]
Mar  1 00:35:30 avas postfix/smtpd[2314]: 4671561AA4: client=unknown[211.111.224.41]
Mar  1 00:35:33 avas postfix/smtpd[2314]: lost connection after RCPT from unknown[211.111.224.41]
Mar  1 00:35:33 avas postfix/smtpd[2314]: disconnect from unknown[211.111.224.41]
Mar  1 00:35:33 avas postfix/smtpd[2411]: connect from cpe-203-51-234-87.qld.bigpond.net.au[203.51.234.87]
Mar  1 00:35:36 avas postfix/smtpd[2610]: connect from host60-220.pool80116.interbusiness.it[80.116.220.60]
Mar  1 00:35:38 avas postfix/smtpd[2769]: disconnect from cdm-66-233-55-146.fayt.cox-internet.com[66.233.55.146]
Mar  1 00:35:41 avas postfix/smtpd[2413]: warning: 208.37.192.234: address not listed for hostname globrite.com
Mar  1 00:35:41 avas postfix/smtpd[2413]: connect from unknown[208.37.192.234]
Mar  1 00:35:41 avas postfix/smtpd[2413]: disconnect from unknown[208.37.192.234]
Mar  1 00:35:44 avas postfix/smtpd[2737]: warning: 208.37.192.234: address not listed for hostname globrite.com
Mar  1 00:35:44 avas postfix/smtpd[2737]: connect from unknown[208.37.192.234]
Mar  1 00:35:45 avas postfix/smtpd[2737]: disconnect from unknown[208.37.192.234]
Mar  1 00:35:49 avas postfix/smtpd[2610]: 2905C61A83: client=host60-220.pool80116.interbusiness.it[80.116.220.60]
Mar  1 00:35:49 avas postfix/smtpd[2314]: warning: 208.37.192.234: address not listed for hostname globrite.com
Mar  1 00:35:49 avas postfix/smtpd[2314]: connect from unknown[208.37.192.234]
Mar  1 00:35:49 avas postfix/smtpd[2314]: disconnect from unknown[208.37.192.234]
Mar  1 00:35:52 avas postfix/smtpd[2769]: connect from 81-202-116-174.user.ono.com[81.202.116.174]
Mar  1 00:35:53 avas postfix/smtpd[2610]: disconnect from host60-220.pool80116.interbusiness.it[80.116.220.60]
Mar  1 00:35:54 avas postfix/smtpd[2411]: lost connection after CONNECT from cpe-203-51-234-87.qld.bigpond.net.au[203.51.234.87]
Mar  1 00:35:54 avas postfix/smtpd[2411]: disconnect from cpe-203-51-234-87.qld.bigpond.net.au[203.51.234.87]
Mar  1 00:35:55 avas postfix/smtpd[2413]: connect from c-24-15-131-219.client.comcast.net[24.15.131.219]
Mar  1 00:35:56 avas postfix/smtpd[2413]: 2446F61A83: client=c-24-15-131-219.client.comcast.net[24.15.131.219]
Mar  1 00:35:57 avas postfix/smtpd[2413]: lost connection after RCPT from c-24-15-131-219.client.comcast.net[24.15.131.219]
Mar  1 00:35:57 avas postfix/smtpd[2413]: disconnect from c-24-15-131-219.client.comcast.net[24.15.131.219]
Mar  1 00:36:04 avas postfix/smtpd[2410]: lost connection after RCPT from h146.n219-68-237.adsl.giga.net.tw[219.68.237.146]
Mar  1 00:36:04 avas postfix/smtpd[2410]: disconnect from h146.n219-68-237.adsl.giga.net.tw[219.68.237.146]
Mar  1 00:36:05 avas postfix/smtpd[2610]: warning: 208.37.192.234: address not listed for hostname globrite.com
Mar  1 00:36:05 avas postfix/smtpd[2610]: connect from unknown[208.37.192.234]
Mar  1 00:36:05 avas postfix/smtpd[2610]: disconnect from unknown[208.37.192.234]
Mar  1 00:36:07 avas postfix/smtpd[2769]: 520AA61A83: client=81-202-116-174.user.ono.com[81.202.116.174]
Mar  1 00:36:12 avas postfix/smtpd[2737]: connect from unknown[200.242.80.132]
Mar  1 00:36:15 avas postfix/smtpd[2737]: 4DE3161AA4: client=unknown[200.242.80.132]
Mar  1 00:36:15 avas postfix/smtpd[2411]: connect from unknown[213.37.125.213]
Mar  1 00:36:19 avas postfix/smtpd[2737]: lost connection after RCPT from unknown[200.242.80.132]
Mar  1 00:36:19 avas postfix/smtpd[2737]: disconnect from unknown[200.242.80.132]
Mar  1 00:36:20 avas postfix/smtpd[2314]: warning: 208.37.192.234: address not listed for hostname globrite.com
Mar  1 00:36:20 avas postfix/smtpd[2314]: connect from unknown[208.37.192.234]
Mar  1 00:36:20 avas postfix/smtpd[2314]: disconnect from unknown[208.37.192.234]
Mar  1 00:36:22 avas postfix/smtpd[2411]: BDA8F61AA4: client=unknown[213.37.125.213]
Mar  1 00:36:30 avas postfix/smtpd[2413]: connect from unknown[218.237.210.92]
Mar  1 00:36:31 avas postfix/smtpd[2413]: 2716161AA6: client=unknown[218.237.210.92]
Mar  1 00:36:32 avas postfix/smtpd[2411]: disconnect from unknown[213.37.125.213]
Mar  1 00:36:35 avas postfix/smtpd[2410]: warning: 208.37.192.234: address not listed for hostname globrite.com
Mar  1 00:36:35 avas postfix/smtpd[2410]: connect from unknown[208.37.192.234]
Mar  1 00:36:35 avas postfix/smtpd[2410]: disconnect from unknown[208.37.192.234]
Mar  1 00:36:36 avas postfix/smtpd[2610]: connect from pcp246850pcs.howard01.md.comcast.net[68.55.65.21]
Mar  1 00:36:39 avas postfix/smtpd[2413]: disconnect from unknown[218.237.210.92]
Mar  1 00:36:41 avas postfix/smtpd[2610]: 7E5EF61AA4: client=pcp246850pcs.howard01.md.comcast.net[68.55.65.21]
Mar  1 00:36:41 avas postfix/smtpd[2737]: connect from unknown[210.102.237.88]
Mar  1 00:36:42 avas postfix/smtpd[2737]: 628FC61AA6: client=unknown[210.102.237.88]
Mar  1 00:36:44 avas postfix/smtpd[2737]: lost connection after RCPT from unknown[210.102.237.88]
Mar  1 00:36:44 avas postfix/smtpd[2737]: disconnect from unknown[210.102.237.88]
Mar  1 00:36:46 avas postfix/smtpd[2314]: warning: 200.171.45.182: hostname 200-171-45-182.speedyterra.com.br verification failed: Host not found
Mar  1 00:36:46 avas postfix/smtpd[2314]: connect from unknown[200.171.45.182]
Mar  1 00:36:48 avas postfix/smtpd[2314]: C760E61AA6: client=unknown[200.171.45.182]
Mar  1 00:36:50 avas postfix/smtpd[2410]: warning: 208.37.192.234: address not listed for hostname globrite.com
Mar  1 00:36:50 avas postfix/smtpd[2410]: connect from unknown[208.37.192.234]
Mar  1 00:36:50 avas postfix/smtpd[2410]: disconnect from unknown[208.37.192.234]
Mar  1 00:36:51 avas postfix/smtpd[2314]: lost connection after RCPT from unknown[200.171.45.182]
Mar  1 00:36:51 avas postfix/smtpd[2314]: disconnect from unknown[200.171.45.182]
Mar  1 00:36:57 avas postfix/smtpd[2737]: connect from 194-207-237-24.gci.net[24.237.207.194]
Mar  1 00:37:00 avas postfix/smtpd[2737]: BD14E61AA6: client=194-207-237-24.gci.net[24.237.207.194]
Mar  1 00:37:05 avas postfix/smtpd[2413]: warning: 208.37.192.234: address not listed for hostname globrite.com
Mar  1 00:37:05 avas postfix/smtpd[2413]: connect from unknown[208.37.192.234]
Mar  1 00:37:05 avas postfix/smtpd[2413]: disconnect from unknown[208.37.192.234]
Mar  1 00:37:07 avas postfix/cleanup[2603]: BD14E61AA6: message-id=<4042F58B.C61DABCF@carrier.kiev.ua>
Mar  1 00:37:07 avas postfix/qmgr[23698]: BD14E61AA6: from=<stacycurryef@carrier.kiev.ua>, size=1133, nrcpt=1 (queue active)
Mar  1 00:37:09 avas postfix/smtpd[2737]: disconnect from 194-207-237-24.gci.net[24.237.207.194]
Mar  1 00:37:11 avas amavis[2627]: (02627-06) Not-Delivered, <stacycurryef@carrier.kiev.ua> -> <adamspe@example.com>, quarantine spam-f7c73f1e999bd35568df2483d2e971a3-20040301-003711-02627-06, Message-ID: <4042F58B.C61DABCF@carrier.kiev.ua>, Hits: 16.855
Mar  1 00:37:11 avas postfix/smtp[3050]: BD14E61AA6: to=<adamspe@example.com>, relay=127.0.0.1[127.0.0.1], delay=11, status=sent (250 2.7.1 Ok, discarded, UBE, id=02627-06)
Mar  1 00:37:12 avas postfix/smtpd[2410]: connect from 81-202-116-174.user.ono.com[81.202.116.174]
Mar  1 00:37:15 avas postfix/smtpd[2410]: 3FE5661AA6: client=81-202-116-174.user.ono.com[81.202.116.174]
Mar  1 00:37:16 avas postfix/smtpd[2314]: connect from unknown[193.78.125.10]
Mar  1 00:37:17 avas postfix/smtpd[2314]: 718E661AAF: client=unknown[193.78.125.10]
Mar  1 00:37:18 avas postfix/smtpd[2413]: connect from unknown[61.153.203.162]
Mar  1 00:37:19 avas postfix/smtpd[2314]: disconnect from unknown[193.78.125.10]
Mar  1 00:37:20 avas postfix/smtpd[2413]: 23B9B61AAF: client=unknown[61.153.203.162]
Mar  1 00:37:20 avas postfix/smtpd[2737]: warning: 208.37.192.234: address not listed for hostname globrite.com
Mar  1 00:37:20 avas postfix/smtpd[2737]: connect from unknown[208.37.192.234]
Mar  1 00:37:20 avas postfix/smtpd[2737]: disconnect from unknown[208.37.192.234]
Mar  1 00:37:23 avas postfix/smtpd[2413]: lost connection after RCPT from unknown[61.153.203.162]
Mar  1 00:37:23 avas postfix/smtpd[2413]: disconnect from unknown[61.153.203.162]
Mar  1 00:37:23 avas postfix/smtpd[2769]: lost connection after RCPT from 81-202-116-174.user.ono.com[81.202.116.174]
Mar  1 00:37:23 avas postfix/smtpd[2769]: disconnect from 81-202-116-174.user.ono.com[81.202.116.174]
Mar  1 00:37:35 avas postfix/smtpd[2314]: warning: 208.37.192.234: address not listed for hostname globrite.com
Mar  1 00:37:35 avas postfix/smtpd[2314]: connect from unknown[208.37.192.234]
Mar  1 00:37:35 avas postfix/smtpd[2314]: disconnect from unknown[208.37.192.234]
Mar  1 00:37:49 avas postfix/smtpd[2737]: connect from zi-10.wsowp.poznan.pl[150.254.155.10]
Mar  1 00:37:50 avas postfix/smtpd[2413]: warning: 208.37.192.234: address not listed for hostname globrite.com
Mar  1 00:37:50 avas postfix/smtpd[2413]: connect from unknown[208.37.192.234]
Mar  1 00:37:50 avas postfix/smtpd[2413]: disconnect from unknown[208.37.192.234]
Mar  1 00:37:51 avas postfix/smtpd[2737]: 5C27C61A83: client=zi-10.wsowp.poznan.pl[150.254.155.10]
Mar  1 00:37:52 avas postfix/smtpd[2769]: connect from ool-18be6064.dyn.optonline.net[24.190.96.100]
Mar  1 00:37:53 avas postfix/smtpd[2769]: 750A261AAF: client=ool-18be6064.dyn.optonline.net[24.190.96.100]
Mar  1 00:37:53 avas postfix/smtpd[2314]: connect from 68-174-76-166.ucwphilly.rr.com[68.174.76.166]
Mar  1 00:37:54 avas postfix/smtpd[2314]: 5C6AE61AB3: client=68-174-76-166.ucwphilly.rr.com[68.174.76.166]
Mar  1 00:37:57 avas postfix/smtpd[2413]: connect from unknown[200.76.64.205]
Mar  1 00:37:58 avas postfix/smtpd[2413]: 10DFE61AB4: client=unknown[200.76.64.205]
Mar  1 00:37:58 avas postfix/smtpd[2737]: disconnect from zi-10.wsowp.poznan.pl[150.254.155.10]
Mar  1 00:37:59 avas postfix/smtpd[2769]: disconnect from ool-18be6064.dyn.optonline.net[24.190.96.100]
Mar  1 00:38:04 avas postfix/smtpd[2737]: connect from english-breakfast.cloud9.net[168.100.1.9]
Mar  1 00:38:04 avas postfix/smtpd[2737]: BCDCE61A83: client=english-breakfast.cloud9.net[168.100.1.9]
Mar  1 00:38:05 avas postfix/cleanup[2603]: BCDCE61A83: message-id=<1078130172.498.49.camel@jupiter.castel.nl>
Mar  1 00:38:05 avas postfix/qmgr[23698]: BCDCE61A83: from=<owner-postfix-users@postfix.org>, size=4264, nrcpt=1 (queue active)
Mar  1 00:38:05 avas postfix/smtpd[2737]: disconnect from english-breakfast.cloud9.net[168.100.1.9]
Mar  1 00:38:05 avas postfix/smtpd[3062]: connect from avas.example.com[127.0.0.1]
Mar  1 00:38:05 avas postfix/smtpd[3062]: 9716761AAF: client=avas.example.com[127.0.0.1]
Mar  1 00:38:05 avas postfix/cleanup[3038]: 9716761AAF: message-id=<1078130172.498.49.camel@jupiter.castel.nl>
Mar  1 00:38:05 avas postfix/qmgr[23698]: 9716761AAF: from=<owner-postfix-users@postfix.org>, size=4612, nrcpt=1 (queue active)
Mar  1 00:38:05 avas postfix/smtpd[3062]: disconnect from avas.example.com[127.0.0.1]
Mar  1 00:38:05 avas amavis[2889]: (02889-04) Passed, <owner-postfix-users@postfix.org> -> <gagel@example.com>, Message-ID: <1078130172.498.49.camel@jupiter.castel.nl>, Hits: -
Mar  1 00:38:05 avas postfix/smtp[3050]: BCDCE61A83: to=<gagel@example.com>, relay=127.0.0.1[127.0.0.1], delay=1, status=sent (250 2.6.0 Ok, id=02889-04, from MTA: 250 Ok: queued as 9716761AAF)
Mar  1 00:38:05 avas postfix/smtpd[2413]: lost connection after RCPT from unknown[200.76.64.205]
Mar  1 00:38:05 avas postfix/smtpd[2413]: disconnect from unknown[200.76.64.205]
Mar  1 00:38:05 avas postfix/smtpd[2769]: warning: 208.37.192.234: address not listed for hostname globrite.com
Mar  1 00:38:05 avas postfix/smtpd[2769]: connect from unknown[208.37.192.234]
Mar  1 00:38:05 avas postfix/smtp[3063]: 9716761AAF: to=<gagel@example.com>, relay=10.0.0.251[10.0.0.251], delay=0, status=sent (250 Command DATA Processed mail data Ok)
Mar  1 00:38:05 avas postfix/smtpd[2769]: disconnect from unknown[208.37.192.234]
Mar  1 00:38:06 avas postfix/smtpd[2737]: connect from unknown[166.114.170.65]
Mar  1 00:38:07 avas postfix/smtpd[2737]: 4BCAC61A83: client=unknown[166.114.170.65]
Mar  1 00:38:09 avas postfix/smtpd[2737]: lost connection after RCPT from unknown[166.114.170.65]
Mar  1 00:38:09 avas postfix/smtpd[2737]: disconnect from unknown[166.114.170.65]
Mar  1 00:38:10 avas postfix/smtpd[2314]: lost connection after RCPT from 68-174-76-166.ucwphilly.rr.com[68.174.76.166]
Mar  1 00:38:10 avas postfix/smtpd[2314]: disconnect from 68-174-76-166.ucwphilly.rr.com[68.174.76.166]
Mar  1 00:38:16 avas postfix/smtpd[2769]: connect from wod29026RN.rh.ncsu.edu[152.7.51.115]
Mar  1 00:38:20 avas postfix/smtpd[2737]: warning: 208.37.192.234: address not listed for hostname globrite.com
Mar  1 00:38:20 avas postfix/smtpd[2737]: connect from unknown[208.37.192.234]
Mar  1 00:38:21 avas postfix/smtpd[2737]: disconnect from unknown[208.37.192.234]
