Mar  1 00:53:46 avas postfix/cleanup[3038]: 39AC461A83: message-id=<010001c3ff73$04aa0578$8103ac27@hotmail.com>
Mar  1 00:53:46 avas postfix/qmgr[23698]: 39AC461A83: from=<broms7@hotmail.com>, size=2283, nrcpt=1 (queue active)
Mar  1 00:53:47 avas postfix/smtpd[3199]: warning: 208.37.192.234: address not listed for hostname globrite.com
Mar  1 00:53:47 avas postfix/smtpd[3199]: connect from unknown[208.37.192.234]
Mar  1 00:53:47 avas postfix/smtpd[3199]: disconnect from unknown[208.37.192.234]
Mar  1 00:53:50 avas postfix/smtpd[3082]: 388C761AAF: client=unknown[218.8.9.211]
Mar  1 00:53:53 avas postfix/smtpd[3359]: connect from avas.example.com[127.0.0.1]
Mar  1 00:53:53 avas postfix/smtpd[3359]: 7488861AB4: client=avas.example.com[127.0.0.1]
Mar  1 00:53:53 avas postfix/cleanup[3037]: 7488861AB4: message-id=<010001c3ff73$04aa0578$8103ac27@hotmail.com>
Mar  1 00:53:53 avas postfix/qmgr[23698]: 7488861AB4: from=<broms7@hotmail.com>, size=2662, nrcpt=1 (queue active)
Mar  1 00:53:53 avas postfix/smtpd[3359]: disconnect from avas.example.com[127.0.0.1]
Mar  1 00:53:53 avas amavis[3078]: (03078-03) Passed, <broms7@hotmail.com> -> <kahlke@example.com>, Message-ID: <010001c3ff73$04aa0578$8103ac27@hotmail.com>, Hits: 0.823
Mar  1 00:53:53 avas postfix/smtp[3353]: 39AC461A83: to=<kahlke@example.com>, relay=127.0.0.1[127.0.0.1], delay=18, status=sent (250 2.6.0 Ok, id=03078-03, from MTA: 250 Ok: queued as 7488861AB4)
Mar  1 00:53:53 avas postfix/smtp[3360]: 7488861AB4: to=<kahlke@example.com>, relay=10.0.0.251[10.0.0.251], delay=0, status=sent (250 Command DATA Processed mail data Ok)
Mar  1 00:53:55 avas postfix/smtpd[3082]: lost connection after RCPT from unknown[218.8.9.211]
Mar  1 00:53:55 avas postfix/smtpd[3082]: disconnect from unknown[218.8.9.211]
Mar  1 00:53:57 avas postfix/smtpd[2737]: lost connection after HELO from unknown[218.232.228.130]
Mar  1 00:53:57 avas postfix/smtpd[2737]: disconnect from unknown[218.232.228.130]
Mar  1 00:53:57 avas postfix/smtpd[3200]: connect from unknown[61.153.216.142]
Mar  1 00:53:58 avas postfix/smtpd[3081]: connect from unknown[61.82.59.248]
Mar  1 00:53:59 avas postfix/smtpd[3200]: 9F18961A83: client=unknown[61.153.216.142]
Mar  1 00:53:59 avas postfix/smtpd[3199]: connect from unknown[61.166.49.74]
Mar  1 00:54:00 avas postfix/smtpd[3081]: 5BB7861AAF: client=unknown[61.82.59.248]
Mar  1 00:54:01 avas postfix/smtpd[3359]: connect from avas.example.com[127.0.0.1]
Mar  1 00:54:01 avas postfix/smtpd[3359]: 6AC2361AB4: client=avas.example.com[127.0.0.1]
Mar  1 00:54:01 avas postfix/cleanup[3037]: 6AC2361AB4: message-id=<20040301085309.040F211BD@mailserv03.yss4.com>
Mar  1 00:54:01 avas postfix/qmgr[23698]: 6AC2361AB4: from=<reminder@thebreastcancersite.com>, size=2843, nrcpt=1 (queue active)
Mar  1 00:54:01 avas postfix/smtpd[3359]: disconnect from avas.example.com[127.0.0.1]
Mar  1 00:54:01 avas amavis[3193]: (03193-04) Passed, <reminder@thebreastcancersite.com> -> <conroy@example.com>, Message-ID: <20040301085309.040F211BD@mailserv03.yss4.com>, Hits: 1.188
Mar  1 00:54:01 avas postfix/smtp[3349]: 2DFC061AA4: to=<conroy@example.com>, relay=127.0.0.1[127.0.0.1], delay=20, status=sent (250 2.6.0 Ok, id=03193-04, from MTA: 250 Ok: queued as 6AC2361AB4)
Mar  1 00:54:01 avas postfix/smtpd[3170]: disconnect from c3eea7a88.cable.wanadoo.nl[62.234.122.136]
Mar  1 00:54:02 avas postfix/smtp[3360]: 6AC2361AB4: to=<conroy@example.com>, relay=10.0.0.251[10.0.0.251], delay=1, status=sent (250 Command DATA Processed mail data Ok)
Mar  1 00:54:02 avas postfix/smtpd[3200]: lost connection after RCPT from unknown[61.153.216.142]
Mar  1 00:54:02 avas postfix/smtpd[3200]: disconnect from unknown[61.153.216.142]
Mar  1 00:54:02 avas postfix/smtpd[3081]: lost connection after RCPT from unknown[61.82.59.248]
Mar  1 00:54:02 avas postfix/smtpd[3081]: disconnect from unknown[61.82.59.248]
Mar  1 00:54:02 avas postfix/smtpd[3082]: warning: 208.37.192.234: address not listed for hostname globrite.com
Mar  1 00:54:02 avas postfix/smtpd[3082]: connect from unknown[208.37.192.234]
Mar  1 00:54:02 avas postfix/smtpd[3082]: disconnect from unknown[208.37.192.234]
Mar  1 00:54:03 avas postfix/smtpd[2737]: connect from unknown[218.232.228.130]
Mar  1 00:54:04 avas postfix/smtpd[3199]: 2BC2D61A83: client=unknown[61.166.49.74]
Mar  1 00:54:05 avas postfix/smtpd[2737]: 6C85C61AA4: client=unknown[218.232.228.130]
Mar  1 00:54:06 avas postfix/smtpd[3170]: connect from unknown[61.253.22.72]
Mar  1 00:54:07 avas postfix/smtpd[2737]: lost connection after RCPT from unknown[218.232.228.130]
Mar  1 00:54:07 avas postfix/smtpd[2737]: disconnect from unknown[218.232.228.130]
Mar  1 00:54:08 avas postfix/smtpd[3170]: A584461AA4: client=unknown[61.253.22.72]
Mar  1 00:54:08 avas postfix/smtpd[3200]: connect from unknown[211.186.4.26]
Mar  1 00:54:09 avas postfix/smtpd[2610]: disconnect from unknown[81.195.87.106]
Mar  1 00:54:10 avas postfix/smtpd[3170]: lost connection after RCPT from unknown[61.253.22.72]
Mar  1 00:54:10 avas postfix/smtpd[3170]: disconnect from unknown[61.253.22.72]
Mar  1 00:54:10 avas postfix/smtpd[3200]: C274961AA4: client=unknown[211.186.4.26]
Mar  1 00:54:13 avas postfix/smtpd[3199]: lost connection after RCPT from unknown[61.166.49.74]
Mar  1 00:54:13 avas postfix/smtpd[3199]: disconnect from unknown[61.166.49.74]
Mar  1 00:54:17 avas postfix/smtpd[3082]: connect from zaqdadc13f1.zaq.ne.jp[218.220.19.241]
Mar  1 00:54:17 avas postfix/smtpd[2737]: warning: 208.37.192.234: address not listed for hostname globrite.com
Mar  1 00:54:17 avas postfix/smtpd[2737]: connect from unknown[208.37.192.234]
Mar  1 00:54:18 avas postfix/smtpd[2737]: disconnect from unknown[208.37.192.234]
Mar  1 00:54:20 avas postfix/smtpd[3082]: 7CE7461A83: client=zaqdadc13f1.zaq.ne.jp[218.220.19.241]
Mar  1 00:54:25 avas postfix/smtpd[3082]: lost connection after RCPT from zaqdadc13f1.zaq.ne.jp[218.220.19.241]
Mar  1 00:54:25 avas postfix/smtpd[3082]: disconnect from zaqdadc13f1.zaq.ne.jp[218.220.19.241]
Mar  1 00:54:26 avas postfix/smtpd[2610]: connect from h177n1fls308o1033.telia.com[81.226.62.177]
Mar  1 00:54:27 avas postfix/smtpd[2610]: 4DBFD61A83: client=h177n1fls308o1033.telia.com[81.226.62.177]
Mar  1 00:54:27 avas postfix/smtpd[3170]: connect from unknown[218.75.82.222]
Mar  1 00:54:28 avas postfix/smtpd[3081]: connect from adsl-63-205-138-246.dsl.lsan03.pacbell.net[63.205.138.246]
Mar  1 00:54:29 avas postfix/smtpd[3170]: 8932A61AAF: client=unknown[218.75.82.222]
Mar  1 00:54:29 avas postfix/smtpd[2610]: lost connection after RCPT from h177n1fls308o1033.telia.com[81.226.62.177]
Mar  1 00:54:29 avas postfix/smtpd[2610]: disconnect from h177n1fls308o1033.telia.com[81.226.62.177]
Mar  1 00:54:30 avas postfix/smtpd[3081]: 1227261A83: client=adsl-63-205-138-246.dsl.lsan03.pacbell.net[63.205.138.246]
Mar  1 00:54:31 avas postfix/smtpd[3199]: connect from unknown[61.43.42.169]
Mar  1 00:54:32 avas postfix/smtpd[3199]: 6C70161AB3: client=unknown[61.43.42.169]
Mar  1 00:54:32 avas postfix/smtpd[2737]: connect from unknown[218.190.29.19]
Mar  1 00:54:32 avas postfix/smtpd[3082]: warning: 208.37.192.234: address not listed for hostname globrite.com
Mar  1 00:54:32 avas postfix/smtpd[3082]: connect from unknown[208.37.192.234]
Mar  1 00:54:33 avas postfix/smtpd[3082]: disconnect from unknown[208.37.192.234]
Mar  1 00:54:33 avas postfix/smtpd[2737]: A241D61AB4: client=unknown[218.190.29.19]
Mar  1 00:54:34 avas postfix/smtpd[3199]: lost connection after RCPT from unknown[61.43.42.169]
Mar  1 00:54:34 avas postfix/smtpd[3199]: disconnect from unknown[61.43.42.169]
Mar  1 00:54:35 avas postfix/smtpd[2737]: lost connection after RCPT from unknown[218.190.29.19]
Mar  1 00:54:35 avas postfix/smtpd[2737]: disconnect from unknown[218.190.29.19]
Mar  1 00:54:36 avas postfix/smtpd[3170]: lost connection after RCPT from unknown[218.75.82.222]
Mar  1 00:54:36 avas postfix/smtpd[3170]: disconnect from unknown[218.75.82.222]
Mar  1 00:54:36 avas postfix/smtpd[2610]: connect from unknown[140.121.193.205]
Mar  1 00:54:36 avas postfix/smtpd[3082]: connect from unknown[218.22.163.66]
Mar  1 00:54:37 avas postfix/smtpd[2610]: 6AF0961AAF: client=unknown[140.121.193.205]
Mar  1 00:54:38 avas postfix/smtpd[3081]: lost connection after RCPT from adsl-63-205-138-246.dsl.lsan03.pacbell.net[63.205.138.246]
Mar  1 00:54:38 avas postfix/smtpd[3081]: disconnect from adsl-63-205-138-246.dsl.lsan03.pacbell.net[63.205.138.246]
Mar  1 00:54:38 avas postfix/smtpd[3082]: A7A6561A83: client=unknown[218.22.163.66]
Mar  1 00:54:38 avas postfix/smtpd[2769]: lost connection after RCPT from unknown[61.105.133.247]
Mar  1 00:54:38 avas postfix/smtpd[2769]: disconnect from unknown[61.105.133.247]
Mar  1 00:54:39 avas postfix/smtpd[2610]: lost connection after RCPT from unknown[140.121.193.205]
Mar  1 00:54:39 avas postfix/smtpd[2610]: disconnect from unknown[140.121.193.205]
Mar  1 00:54:40 avas postfix/smtpd[3199]: connect from unknown[218.12.93.125]
Mar  1 00:54:41 avas postfix/smtpd[3082]: lost connection after RCPT from unknown[218.22.163.66]
Mar  1 00:54:41 avas postfix/smtpd[3082]: disconnect from unknown[218.22.163.66]
Mar  1 00:54:44 avas postfix/smtpd[3199]: DFE2661A83: client=unknown[218.12.93.125]
Mar  1 00:54:48 avas postfix/smtpd[2737]: connect from d141-194-132.home.cgocable.net[24.141.194.132]
Mar  1 00:54:48 avas postfix/smtpd[3170]: warning: 208.37.192.234: address not listed for hostname globrite.com
Mar  1 00:54:48 avas postfix/smtpd[3170]: connect from unknown[208.37.192.234]
Mar  1 00:54:48 avas postfix/smtpd[3199]: lost connection after RCPT from unknown[218.12.93.125]
Mar  1 00:54:48 avas postfix/smtpd[3199]: disconnect from unknown[218.12.93.125]
Mar  1 00:54:48 avas postfix/smtpd[3170]: disconnect from unknown[208.37.192.234]
Mar  1 00:54:48 avas postfix/smtpd[2737]: 7A78161A83: client=d141-194-132.home.cgocable.net[24.141.194.132]
Mar  1 00:54:51 avas postfix/smtpd[3081]: connect from c-24-11-14-151.client.comcast.net[24.11.14.151]
Mar  1 00:54:51 avas postfix/smtpd[2737]: lost connection after RCPT from d141-194-132.home.cgocable.net[24.141.194.132]
Mar  1 00:54:51 avas postfix/smtpd[2737]: disconnect from d141-194-132.home.cgocable.net[24.141.194.132]
Mar  1 00:54:51 avas postfix/smtpd[3081]: B039161A83: client=c-24-11-14-151.client.comcast.net[24.11.14.151]
Mar  1 00:54:52 avas postfix/smtpd[2769]: connect from h24-65-32-107.fm.shawcable.net[24.65.32.107]
Mar  1 00:54:52 avas postfix/smtpd[2769]: BFFA161AA6: client=h24-65-32-107.fm.shawcable.net[24.65.32.107]
Mar  1 00:54:54 avas postfix/smtpd[2769]: disconnect from h24-65-32-107.fm.shawcable.net[24.65.32.107]
Mar  1 00:54:58 avas postfix/smtpd[3081]: lost connection after RCPT from c-24-11-14-151.client.comcast.net[24.11.14.151]
Mar  1 00:54:58 avas postfix/smtpd[3081]: disconnect from c-24-11-14-151.client.comcast.net[24.11.14.151]
Mar  1 00:54:58 avas postfix/smtpd[3082]: connect from unknown[218.106.97.42]
Mar  1 00:55:00 avas postfix/smtpd[3082]: 1D0EA61A83: client=unknown[218.106.97.42]
Mar  1 00:55:01 avas postfix/qmgr[23698]: 4389261AAA: from=<>, size=4546, nrcpt=1 (queue active)
Mar  1 00:55:01 avas postfix/qmgr[23698]: 562D361AA9: from=<OMEARAJ@example.com>, size=112997, nrcpt=39 (queue active)
Mar  1 00:55:01 avas postfix/qmgr[23698]: 53D0B61AAE: from=<hagreen@example.com>, size=6361, nrcpt=5 (queue active)
Mar  1 00:55:01 avas postfix/qmgr[23698]: 3BC8A61AB6: from=<>, size=1086, nrcpt=1 (queue active)
Mar  1 00:55:01 avas postfix/smtp[3367]: connect to evafan.com[64.250.235.140]: Connection refused (port 25)
Mar  1 00:55:01 avas postfix/smtp[3367]: 4389261AAA: to=<wsanchez@evafan.com>, relay=none, delay=384558, status=deferred (connect to evafan.com[64.250.235.140]: Connection refused)
Mar  1 00:55:02 avas postfix/smtpd[3082]: lost connection after RCPT from unknown[218.106.97.42]
Mar  1 00:55:02 avas postfix/smtpd[3082]: disconnect from unknown[218.106.97.42]
Mar  1 00:55:03 avas postfix/smtpd[3199]: warning: 208.37.192.234: address not listed for hostname globrite.com
Mar  1 00:55:03 avas postfix/smtpd[3199]: connect from unknown[208.37.192.234]
Mar  1 00:55:03 avas postfix/smtpd[3199]: disconnect from unknown[208.37.192.234]
Mar  1 00:55:04 avas postfix/smtpd[3170]: connect from unknown[211.186.4.26]
Mar  1 00:55:06 avas postfix/smtpd[3170]: 5C95161A83: client=unknown[211.186.4.26]
Mar  1 00:55:09 avas postfix/smtpd[3170]: lost connection after RCPT from unknown[211.186.4.26]
Mar  1 00:55:09 avas postfix/smtpd[3170]: disconnect from unknown[211.186.4.26]
Mar  1 00:55:13 avas postfix/smtpd[2737]: connect from creteil-3-81-56-24-111.fbx.proxad.net[81.56.24.111]
Mar  1 00:55:14 avas postfix/smtpd[2769]: connect from unknown[218.9.22.82]
Mar  1 00:55:14 avas postfix/smtpd[2737]: 35A7A61A83: client=creteil-3-81-56-24-111.fbx.proxad.net[81.56.24.111]
Mar  1 00:55:14 avas postfix/smtpd[3081]: connect from unknown[218.9.130.101]
Mar  1 00:55:15 avas postfix/smtp[3370]: warning: numeric domain name in resource data of MX record for ared456.com: 218.106.116.147
Mar  1 00:55:15 avas postfix/smtp[3370]: connect to 218.106.116.147[218.106.116.147]: server dropped connection without sending the initial greeting (port 25)
Mar  1 00:55:15 avas postfix/smtp[3370]: 3BC8A61AB6: to=<jrgnglnksex@ared456.com>, relay=none, delay=115042, status=deferred (connect to 218.106.116.147[218.106.116.147]: server dropped connection without sending the initial greeting)
Mar  1 00:55:16 avas postfix/smtpd[2737]: lost connection after RCPT from creteil-3-81-56-24-111.fbx.proxad.net[81.56.24.111]
Mar  1 00:55:16 avas postfix/smtpd[2737]: disconnect from creteil-3-81-56-24-111.fbx.proxad.net[81.56.24.111]
Mar  1 00:55:17 avas postfix/smtpd[2769]: 6705161A83: client=unknown[218.9.22.82]
Mar  1 00:55:17 avas postfix/smtpd[3199]: connect from 63-226-129-155.mpls.qwest.net[63.226.129.155]
Mar  1 00:55:18 avas postfix/smtpd[3170]: warning: 208.37.192.234: address not listed for hostname globrite.com
Mar  1 00:55:18 avas postfix/smtpd[3170]: connect from unknown[208.37.192.234]
Mar  1 00:55:18 avas postfix/smtpd[3199]: 874D661AA6: client=63-226-129-155.mpls.qwest.net[63.226.129.155]
Mar  1 00:55:18 avas postfix/smtpd[3170]: disconnect from unknown[208.37.192.234]
Mar  1 00:55:19 avas postfix/smtpd[3081]: 4391A61AAF: client=unknown[218.9.130.101]
Mar  1 00:55:21 avas postfix/smtpd[3199]: lost connection after RCPT from 63-226-129-155.mpls.qwest.net[63.226.129.155]
Mar  1 00:55:21 avas postfix/smtpd[3199]: disconnect from 63-226-129-155.mpls.qwest.net[63.226.129.155]
Mar  1 00:55:22 avas postfix/smtpd[2769]: lost connection after RCPT from unknown[218.9.22.82]
Mar  1 00:55:22 avas postfix/smtpd[2769]: disconnect from unknown[218.9.22.82]
Mar  1 00:55:23 avas postfix/smtpd[3081]: lost connection after RCPT from unknown[218.9.130.101]
Mar  1 00:55:23 avas postfix/smtpd[3081]: disconnect from unknown[218.9.130.101]
Mar  1 00:55:25 avas postfix/smtpd[2610]: connect from ppp-68-251-78-181.dsl.chcgil.ameritech.net[68.251.78.181]
Mar  1 00:55:25 avas postfix/smtpd[2610]: lost connection after CONNECT from ppp-68-251-78-181.dsl.chcgil.ameritech.net[68.251.78.181]
Mar  1 00:55:25 avas postfix/smtpd[2610]: disconnect from ppp-68-251-78-181.dsl.chcgil.ameritech.net[68.251.78.181]
Mar  1 00:55:27 avas postfix/smtpd[3200]: lost connection after RCPT from unknown[211.186.4.26]
Mar  1 00:55:27 avas postfix/smtpd[3200]: disconnect from unknown[211.186.4.26]
Mar  1 00:55:30 avas postfix/smtpd[2737]: connect from AMontpellier-103-1-9-177.w81-250.abo.wanadoo.fr[81.250.70.177]
Mar  1 00:55:31 avas postfix/smtp[3369]: connect to home.net[64.49.213.239]: Connection timed out (port 25)
Mar  1 00:55:31 avas postfix/smtp[3369]: 53D0B61AAE: to=<raydee5@home.net>, relay=none, delay=298611, status=deferred (connect to home.net[64.49.213.239]: Connection timed out)
Mar  1 00:55:31 avas postfix/smtp[3368]: connect to telus.ca[205.206.163.16]: Connection timed out (port 25)
Mar  1 00:55:31 avas postfix/smtp[3368]: 562D361AA9: to=<wwhudyma@telus.ca>, relay=none, delay=316631, status=deferred (connect to telus.ca[205.206.163.16]: Connection timed out)
Mar  1 00:55:31 avas postfix/smtpd[3082]: connect from unknown[211.190.79.208]
Mar  1 00:55:32 avas postfix/smtpd[3170]: connect from adsl-68-95-143-18.dsl.rcsntx.swbell.net[68.95.143.18]
Mar  1 00:55:33 avas postfix/smtpd[3082]: 5528261A83: client=unknown[211.190.79.208]
Mar  1 00:55:33 avas postfix/smtpd[3199]: warning: 208.37.192.234: address not listed for hostname globrite.com
Mar  1 00:55:33 avas postfix/smtpd[3199]: connect from unknown[208.37.192.234]
Mar  1 00:55:33 avas postfix/smtpd[3199]: disconnect from unknown[208.37.192.234]
Mar  1 00:55:35 avas postfix/smtpd[3082]: lost connection after RCPT from unknown[211.190.79.208]
Mar  1 00:55:35 avas postfix/smtpd[3082]: disconnect from unknown[211.190.79.208]
Mar  1 00:55:36 avas postfix/smtpd[2769]: connect from unknown[211.177.55.51]
Mar  1 00:55:36 avas postfix/smtpd[2737]: C7B5861A83: client=AMontpellier-103-1-9-177.w81-250.abo.wanadoo.fr[81.250.70.177]
Mar  1 00:55:37 avas postfix/smtpd[2769]: 43F0161AA4: client=unknown[211.177.55.51]
Mar  1 00:55:39 avas postfix/smtpd[3081]: connect from unknown[204.104.133.47]
Mar  1 00:55:39 avas postfix/smtpd[3081]: 8A1E961AA6: client=unknown[204.104.133.47]
Mar  1 00:55:42 avas postfix/smtpd[3081]: disconnect from unknown[204.104.133.47]
Mar  1 00:55:48 avas postfix/smtpd[3200]: warning: 208.37.192.234: address not listed for hostname globrite.com
Mar  1 00:55:48 avas postfix/smtpd[3200]: connect from unknown[208.37.192.234]
Mar  1 00:55:48 avas postfix/smtpd[3200]: disconnect from unknown[208.37.192.234]
Mar  1 00:55:53 avas postfix/smtpd[2610]: connect from unknown[211.75.28.99]
Mar  1 00:55:55 avas postfix/smtpd[2610]: 1B16161AA6: client=unknown[211.75.28.99]
Mar  1 00:55:57 avas postfix/smtpd[2610]: lost connection after RCPT from unknown[211.75.28.99]
Mar  1 00:55:57 avas postfix/smtpd[2610]: disconnect from unknown[211.75.28.99]
Mar  1 00:55:57 avas postfix/smtpd[2737]: lost connection after RCPT from AMontpellier-103-1-9-177.w81-250.abo.wanadoo.fr[81.250.70.177]
Mar  1 00:55:57 avas postfix/smtpd[2737]: disconnect from AMontpellier-103-1-9-177.w81-250.abo.wanadoo.fr[81.250.70.177]
Mar  1 00:56:00 avas postfix/smtpd[3199]: connect from unknown[218.63.103.172]
Mar  1 00:56:00 avas postfix/smtpd[3170]: ED62861A83: client=adsl-68-95-143-18.dsl.rcsntx.swbell.net[68.95.143.18]
Mar  1 00:56:00 avas postfix/smtpd[3170]: lost connection after MAIL from adsl-68-95-143-18.dsl.rcsntx.swbell.net[68.95.143.18]
Mar  1 00:56:00 avas postfix/smtpd[3170]: disconnect from adsl-68-95-143-18.dsl.rcsntx.swbell.net[68.95.143.18]
Mar  1 00:56:02 avas postfix/smtpd[3082]: connect from unknown[220.249.97.24]
Mar  1 00:56:03 avas postfix/smtpd[3082]: 4B17261A83: client=unknown[220.249.97.24]
Mar  1 00:56:03 avas postfix/smtpd[3081]: warning: 208.37.192.234: address not listed for hostname globrite.com
Mar  1 00:56:03 avas postfix/smtpd[3081]: connect from unknown[208.37.192.234]
Mar  1 00:56:03 avas postfix/smtpd[3199]: AEDBD61AA6: client=unknown[218.63.103.172]
Mar  1 00:56:03 avas postfix/smtpd[3081]: disconnect from unknown[208.37.192.234]
Mar  1 00:56:07 avas postfix/smtpd[3082]: disconnect from unknown[220.249.97.24]
Mar  1 00:56:08 avas postfix/smtpd[3199]: lost connection after RCPT from unknown[218.63.103.172]
Mar  1 00:56:08 avas postfix/smtpd[3199]: disconnect from unknown[218.63.103.172]
Mar  1 00:56:09 avas postfix/smtpd[3200]: connect from unknown[218.242.157.95]
Mar  1 00:56:11 avas postfix/smtpd[3200]: 023D061A83: client=unknown[218.242.157.95]
Mar  1 00:56:13 avas postfix/smtpd[3200]: lost connection after RCPT from unknown[218.242.157.95]
Mar  1 00:56:13 avas postfix/smtpd[3200]: disconnect from unknown[218.242.157.95]
Mar  1 00:56:18 avas postfix/smtpd[2737]: warning: 208.37.192.234: address not listed for hostname globrite.com
Mar  1 00:56:18 avas postfix/smtpd[2737]: connect from unknown[208.37.192.234]
Mar  1 00:56:18 avas postfix/smtpd[2737]: disconnect from unknown[208.37.192.234]
Mar  1 00:56:25 avas postfix/smtpd[3170]: connect from unknown[210.183.101.130]
Mar  1 00:56:26 avas postfix/smtpd[3170]: 2636261A83: client=unknown[210.183.101.130]
Mar  1 00:56:28 avas postfix/smtpd[3170]: lost connection after RCPT from unknown[210.183.101.130]
Mar  1 00:56:28 avas postfix/smtpd[3170]: disconnect from unknown[210.183.101.130]
Mar  1 00:56:33 avas postfix/smtpd[3081]: warning: 208.37.192.234: address not listed for hostname globrite.com
Mar  1 00:56:33 avas postfix/smtpd[3081]: connect from unknown[208.37.192.234]
Mar  1 00:56:34 avas postfix/smtpd[3081]: disconnect from unknown[208.37.192.234]
Mar  1 00:56:48 avas postfix/smtpd[3082]: warning: 208.37.192.234: address not listed for hostname globrite.com
Mar  1 00:56:48 avas postfix/smtpd[3082]: connect from unknown[208.37.192.234]
Mar  1 00:56:49 avas postfix/smtpd[3082]: disconnect from unknown[208.37.192.234]
Mar  1 00:56:53 avas postfix/smtpd[2769]: lost connection after RCPT from unknown[211.177.55.51]
Mar  1 00:56:53 avas postfix/smtpd[2769]: disconnect from unknown[211.177.55.51]
Mar  1 00:56:53 avas postfix/smtpd[3199]: connect from unknown[219.129.65.148]
Mar  1 00:56:56 avas postfix/smtpd[3199]: A6D2E61A83: client=unknown[219.129.65.148]
Mar  1 00:56:58 avas postfix/smtpd[3200]: warning: 203.210.216.107: address not listed for hostname localhost
Mar  1 00:56:58 avas postfix/smtpd[3200]: connect from unknown[203.210.216.107]
Mar  1 00:56:59 avas postfix/smtpd[3200]: 4BC6061AA4: client=unknown[203.210.216.107]
Mar  1 00:57:01 avas postfix/smtpd[3200]: lost connection after RCPT from unknown[203.210.216.107]
Mar  1 00:57:01 avas postfix/smtpd[3200]: disconnect from unknown[203.210.216.107]
Mar  1 00:57:01 avas postfix/smtpd[2737]: warning: 203.210.216.107: address not listed for hostname localhost
Mar  1 00:57:01 avas postfix/smtpd[2737]: connect from unknown[203.210.216.107]
Mar  1 00:57:02 avas postfix/smtpd[2737]: 3433C61AA4: client=unknown[203.210.216.107]
Mar  1 00:57:03 avas postfix/smtpd[2737]: lost connection after RCPT from unknown[203.210.216.107]
Mar  1 00:57:03 avas postfix/smtpd[2737]: disconnect from unknown[203.210.216.107]
Mar  1 00:57:04 avas postfix/smtpd[3170]: warning: 208.37.192.234: address not listed for hostname globrite.com
Mar  1 00:57:04 avas postfix/smtpd[3170]: connect from unknown[208.37.192.234]
Mar  1 00:57:04 avas postfix/smtpd[3170]: disconnect from unknown[208.37.192.234]
Mar  1 00:57:09 avas postfix/smtpd[3081]: connect from pcp02172123pcs.reding01.pa.comcast.net[68.32.176.175]
Mar  1 00:57:11 avas postfix/smtpd[3081]: 9B49661AA4: client=pcp02172123pcs.reding01.pa.comcast.net[68.32.176.175]
Mar  1 00:57:17 avas postfix/smtpd[2769]: connect from h24-71-225-60.ca.shawcable.net[24.71.225.60]
Mar  1 00:57:17 avas postfix/smtpd[3200]: warning: 203.210.216.107: address not listed for hostname localhost
Mar  1 00:57:17 avas postfix/smtpd[3200]: connect from unknown[203.210.216.107]
Mar  1 00:57:17 avas postfix/smtpd[2769]: AC23361AA6: client=h24-71-225-60.ca.shawcable.net[24.71.225.60]
Mar  1 00:57:18 avas postfix/smtpd[3200]: 33B6161AAF: client=unknown[203.210.216.107]
Mar  1 00:57:18 avas postfix/smtpd[2769]: lost connection after RCPT from h24-71-225-60.ca.shawcable.net[24.71.225.60]
Mar  1 00:57:18 avas postfix/smtpd[2769]: disconnect from h24-71-225-60.ca.shawcable.net[24.71.225.60]
Mar  1 00:57:19 avas postfix/smtpd[2737]: warning: 208.37.192.234: address not listed for hostname globrite.com
Mar  1 00:57:19 avas postfix/smtpd[2737]: connect from unknown[208.37.192.234]
Mar  1 00:57:19 avas postfix/smtpd[2737]: disconnect from unknown[208.37.192.234]
Mar  1 00:57:20 avas postfix/smtpd[3200]: lost connection after RCPT from unknown[203.210.216.107]
Mar  1 00:57:20 avas postfix/smtpd[3200]: disconnect from unknown[203.210.216.107]
Mar  1 00:57:24 avas postfix/smtpd[3170]: connect from h24-71-225-60.ca.shawcable.net[24.71.225.60]
Mar  1 00:57:24 avas postfix/smtpd[3170]: 563AA61AA6: client=h24-71-225-60.ca.shawcable.net[24.71.225.60]
Mar  1 00:57:25 avas postfix/smtpd[3170]: lost connection after RCPT from h24-71-225-60.ca.shawcable.net[24.71.225.60]
Mar  1 00:57:25 avas postfix/smtpd[3170]: disconnect from h24-71-225-60.ca.shawcable.net[24.71.225.60]
Mar  1 00:57:29 avas postfix/smtpd[3082]: connect from ntkngw028214.kngw.nt.adsl.ppp.infoweb.ne.jp[61.210.42.214]
Mar  1 00:57:34 avas postfix/smtpd[2769]: warning: 208.37.192.234: address not listed for hostname globrite.com
Mar  1 00:57:34 avas postfix/smtpd[2769]: connect from unknown[208.37.192.234]
Mar  1 00:57:34 avas postfix/smtpd[2769]: disconnect from unknown[208.37.192.234]
Mar  1 00:57:36 avas postfix/smtpd[3200]: connect from unknown[62.113.122.52]
Mar  1 00:57:37 avas postfix/smtpd[3200]: 543BB61AA6: client=unknown[62.113.122.52]
Mar  1 00:57:37 avas postfix/smtpd[3081]: lost connection after RCPT from pcp02172123pcs.reding01.pa.comcast.net[68.32.176.175]
Mar  1 00:57:37 avas postfix/smtpd[3081]: disconnect from pcp02172123pcs.reding01.pa.comcast.net[68.32.176.175]
Mar  1 00:57:45 avas postfix/smtpd[3200]: disconnect from unknown[62.113.122.52]
Mar  1 00:57:48 avas postfix/smtpd[3170]: warning: 208.37.192.234: address not listed for hostname globrite.com
Mar  1 00:57:48 avas postfix/smtpd[3170]: connect from unknown[208.37.192.234]
Mar  1 00:57:49 avas postfix/smtpd[3170]: disconnect from unknown[208.37.192.234]
Mar  1 00:57:49 avas postfix/smtpd[2769]: connect from unknown[217.175.131.51]
Mar  1 00:57:50 avas postfix/smtpd[3082]: lost connection after CONNECT from ntkngw028214.kngw.nt.adsl.ppp.infoweb.ne.jp[61.210.42.214]
Mar  1 00:57:50 avas postfix/smtpd[3082]: disconnect from ntkngw028214.kngw.nt.adsl.ppp.infoweb.ne.jp[61.210.42.214]
Mar  1 00:57:50 avas postfix/smtpd[2769]: B1A5861AA4: client=unknown[217.175.131.51]
Mar  1 00:57:52 avas postfix/smtpd[3081]: connect from h24-71-225-60.ca.shawcable.net[24.71.225.60]
Mar  1 00:57:53 avas postfix/smtpd[3081]: 159BC61AA6: client=h24-71-225-60.ca.shawcable.net[24.71.225.60]
Mar  1 00:57:53 avas postfix/smtpd[2769]: lost connection after RCPT from unknown[217.175.131.51]
Mar  1 00:57:53 avas postfix/smtpd[2769]: disconnect from unknown[217.175.131.51]
Mar  1 00:57:54 avas postfix/smtpd[3081]: lost connection after RCPT from h24-71-225-60.ca.shawcable.net[24.71.225.60]
Mar  1 00:57:54 avas postfix/smtpd[3081]: disconnect from h24-71-225-60.ca.shawcable.net[24.71.225.60]
Mar  1 00:58:01 avas postfix/smtpd[3200]: connect from host217-46-225-9.in-addr.btopenworld.com[217.46.225.9]
Mar  1 00:58:02 avas postfix/smtpd[3200]: CF87E61AA4: client=host217-46-225-9.in-addr.btopenworld.com[217.46.225.9]
Mar  1 00:58:04 avas postfix/smtpd[3170]: warning: 208.37.192.234: address not listed for hostname globrite.com
Mar  1 00:58:04 avas postfix/smtpd[3170]: connect from unknown[208.37.192.234]
Mar  1 00:58:04 avas postfix/smtpd[3170]: disconnect from unknown[208.37.192.234]
Mar  1 00:58:05 avas postfix/smtpd[3200]: lost connection after RCPT from host217-46-225-9.in-addr.btopenworld.com[217.46.225.9]
Mar  1 00:58:05 avas postfix/smtpd[3200]: disconnect from host217-46-225-9.in-addr.btopenworld.com[217.46.225.9]
Mar  1 00:58:06 avas postfix/smtpd[3082]: connect from unknown[207.226.29.45]
Mar  1 00:58:07 avas postfix/smtpd[3082]: 2D12A61AA4: client=unknown[207.226.29.45]
Mar  1 00:58:12 avas postfix/smtpd[3199]: lost connection after RCPT from unknown[219.129.65.148]
Mar  1 00:58:12 avas postfix/smtpd[3199]: disconnect from unknown[219.129.65.148]
Mar  1 00:58:12 avas postfix/cleanup[3037]: 2D12A61AA4: message-id=<20040301085807.2D12A61AA4@avas.example.com>
Mar  1 00:58:12 avas postfix/qmgr[23698]: 2D12A61AA4: from=<eveeyes@sayclub.com>, size=1221, nrcpt=1 (queue active)
Mar  1 00:58:12 avas postfix/smtpd[3082]: disconnect from unknown[207.226.29.45]
Mar  1 00:58:19 avas postfix/smtpd[2769]: warning: 208.37.192.234: address not listed for hostname globrite.com
Mar  1 00:58:19 avas postfix/smtpd[2769]: connect from unknown[208.37.192.234]
Mar  1 00:58:19 avas postfix/smtpd[2769]: disconnect from unknown[208.37.192.234]
Mar  1 00:58:34 avas postfix/smtpd[3081]: warning: 208.37.192.234: address not listed for hostname globrite.com
Mar  1 00:58:34 avas postfix/smtpd[3081]: connect from unknown[208.37.192.234]
Mar  1 00:58:34 avas postfix/smtpd[3081]: disconnect from unknown[208.37.192.234]
Mar  1 00:58:42 avas postfix/smtpd[3170]: connect from unknown[219.137.113.155]
Mar  1 00:58:46 avas postfix/smtpd[3200]: connect from 81-202-12-165.user.ono.com[81.202.12.165]
Mar  1 00:58:46 avas postfix/smtpd[3170]: 8D03F61A83: client=unknown[219.137.113.155]
Mar  1 00:58:47 avas postfix/smtpd[3200]: 10A7061AA6: client=81-202-12-165.user.ono.com[81.202.12.165]
Mar  1 00:58:49 avas postfix/smtpd[3199]: warning: 208.37.192.234: address not listed for hostname globrite.com
Mar  1 00:58:49 avas postfix/smtpd[3199]: connect from unknown[208.37.192.234]
Mar  1 00:58:49 avas postfix/smtpd[3199]: disconnect from unknown[208.37.192.234]
Mar  1 00:58:52 avas postfix/smtpd[3082]: connect from FL3-24.217.240.215.charter-stl.com[24.217.240.215]
Mar  1 00:58:53 avas postfix/smtpd[3082]: 47F7D61AAF: client=FL3-24.217.240.215.charter-stl.com[24.217.240.215]
Mar  1 00:58:57 avas postfix/smtpd[2769]: connect from 65-57-173-181.jacarandamail.com[65.57.173.181]
Mar  1 00:58:58 avas postfix/smtpd[2769]: 25B6B61AB3: client=65-57-173-181.jacarandamail.com[65.57.173.181]
Mar  1 00:58:59 avas postfix/smtpd[3081]: connect from unknown[220.249.97.24]
Mar  1 00:58:59 avas postfix/smtpd[3081]: B137361AB4: client=unknown[220.249.97.24]
Mar  1 00:58:59 avas postfix/smtpd[3082]: disconnect from FL3-24.217.240.215.charter-stl.com[24.217.240.215]
Mar  1 00:59:01 avas amavis[3246]: (03246-01) Not-Delivered, <eveeyes@sayclub.com> -> <williams@example.com>, quarantine spam-e1d2aae116ba467b5e2a0cb7ee09b3b7-20040301-005859-03246-01, Message-ID: <20040301085807.2D12A61AA4@avas.example.com>, Hits: 21.721
Mar  1 00:59:01 avas postfix/smtpd[3081]: disconnect from unknown[220.249.97.24]
Mar  1 00:59:01 avas postfix/smtp[3373]: 2D12A61AA4: to=<williams@example.com>, relay=127.0.0.1[127.0.0.1], delay=54, status=sent (250 2.7.1 Ok, discarded, UBE, id=03246-01)
Mar  1 00:59:04 avas postfix/smtpd[3200]: 169F761AA4: client=81-202-12-165.user.ono.com[81.202.12.165]
Mar  1 00:59:04 avas postfix/smtpd[3199]: warning: 208.37.192.234: address not listed for hostname globrite.com
Mar  1 00:59:04 avas postfix/smtpd[3199]: connect from unknown[208.37.192.234]
Mar  1 00:59:05 avas postfix/smtpd[3199]: disconnect from unknown[208.37.192.234]
Mar  1 00:59:05 avas postfix/cleanup[3038]: 8D03F61A83: message-id=<101001c3ff74$5315247b$c06f6881@hotmail.com>
Mar  1 00:59:06 avas postfix/qmgr[23698]: 8D03F61A83: from=<bigpapapump187@hotmail.com>, size=2460, nrcpt=1 (queue active)
Mar  1 00:59:08 avas postfix/smtpd[3170]: disconnect from unknown[219.137.113.155]
Mar  1 00:59:09 avas postfix/smtpd[2769]: warning: 65-57-173-181.jacarandamail.com[65.57.173.181] sent From: header instead of SMTP command: From: Auto Warranty <o92-_@op.mdmgb.jacarandamail.com>
Mar  1 00:59:09 avas postfix/smtpd[2769]: disconnect from 65-57-173-181.jacarandamail.com[65.57.173.181]
Mar  1 00:59:14 avas postfix/smtpd[3200]: C5B9561AA4: client=81-202-12-165.user.ono.com[81.202.12.165]
Mar  1 00:59:17 avas postfix/smtpd[3384]: connect from avas.example.com[127.0.0.1]
Mar  1 00:59:18 avas postfix/smtpd[3384]: 1DA8761AA6: client=avas.example.com[127.0.0.1]
Mar  1 00:59:18 avas postfix/cleanup[3036]: 1DA8761AA6: message-id=<101001c3ff74$5315247b$c06f6881@hotmail.com>
Mar  1 00:59:18 avas postfix/qmgr[23698]: 1DA8761AA6: from=<bigpapapump187@hotmail.com>, size=2941, nrcpt=1 (queue active)
Mar  1 00:59:18 avas postfix/smtpd[3384]: disconnect from avas.example.com[127.0.0.1]
Mar  1 00:59:18 avas postfix/smtp[3385]: 1DA8761AA6: to=<giese@example.com>, relay=10.0.0.251[10.0.0.251], delay=0, status=sent (250 Command DATA Processed mail data Ok)
Mar  1 00:59:18 avas amavis[3348]: (03348-01) Passed, <bigpapapump187@hotmail.com> -> <giese@example.com>, Message-ID: <101001c3ff74$5315247b$c06f6881@hotmail.com>, Hits: 5.801
Mar  1 00:59:18 avas postfix/smtp[3373]: 8D03F61A83: to=<giese@example.com>, relay=127.0.0.1[127.0.0.1], delay=32, status=sent (250 2.6.0 Ok, id=03348-01, from MTA: 250 Ok: queued as 1DA8761AA6)
Mar  1 00:59:19 avas postfix/smtpd[3082]: warning: 208.37.192.234: address not listed for hostname globrite.com
Mar  1 00:59:19 avas postfix/smtpd[3082]: connect from unknown[208.37.192.234]
Mar  1 00:59:20 avas postfix/smtpd[3082]: disconnect from unknown[208.37.192.234]
Mar  1 00:59:34 avas postfix/smtpd[3081]: warning: 208.37.192.234: address not listed for hostname globrite.com
Mar  1 00:59:34 avas postfix/smtpd[3081]: connect from unknown[208.37.192.234]
Mar  1 00:59:35 avas postfix/smtpd[3081]: disconnect from unknown[208.37.192.234]
Mar  1 00:59:37 avas postfix/smtpd[3199]: connect from lists.sourceforge.net[66.35.250.206]
Mar  1 00:59:37 avas postfix/smtpd[3199]: 94D9E61A83: client=lists.sourceforge.net[66.35.250.206]
Mar  1 00:59:37 avas postfix/cleanup[3058]: 94D9E61A83: message-id=<4042FB22.7020102@telkom.co.id>
Mar  1 00:59:37 avas postfix/qmgr[23698]: 94D9E61A83: from=<clamav-users-admin@lists.sourceforge.net>, size=3993, nrcpt=1 (queue active)
Mar  1 00:59:37 avas postfix/smtpd[3199]: disconnect from lists.sourceforge.net[66.35.250.206]
Mar  1 00:59:40 avas postfix/smtpd[3170]: connect from pcp516934pcs.nash01.tn.comcast.net[68.53.137.47]
Mar  1 00:59:40 avas postfix/smtpd[3170]: 9AED861AA4: client=pcp516934pcs.nash01.tn.comcast.net[68.53.137.47]
Mar  1 00:59:40 avas postfix/smtpd[2769]: warning: 208.37.192.234: address not listed for hostname globrite.com
Mar  1 00:59:40 avas postfix/smtpd[2769]: connect from unknown[208.37.192.234]
Mar  1 00:59:41 avas postfix/smtpd[2769]: disconnect from unknown[208.37.192.234]
Mar  1 00:59:41 avas postfix/smtpd[3082]: warning: 208.37.192.234: address not listed for hostname globrite.com
Mar  1 00:59:41 avas postfix/smtpd[3082]: connect from unknown[208.37.192.234]
Mar  1 00:59:41 avas postfix/smtpd[3082]: disconnect from unknown[208.37.192.234]
Mar  1 00:59:43 avas postfix/smtpd[3170]: lost connection after RCPT from pcp516934pcs.nash01.tn.comcast.net[68.53.137.47]
Mar  1 00:59:43 avas postfix/smtpd[3170]: disconnect from pcp516934pcs.nash01.tn.comcast.net[68.53.137.47]
Mar  1 00:59:44 avas postfix/smtpd[3200]: D191261AA4: client=81-202-12-165.user.ono.com[81.202.12.165]
Mar  1 00:59:52 avas postfix/smtpd[3384]: connect from avas.example.com[127.0.0.1]
Mar  1 00:59:52 avas postfix/smtpd[3384]: 1BB1261AA6: client=avas.example.com[127.0.0.1]
Mar  1 00:59:52 avas postfix/cleanup[3037]: 1BB1261AA6: message-id=<4042FB22.7020102@telkom.co.id>
Mar  1 00:59:52 avas postfix/qmgr[23698]: 1BB1261AA6: from=<clamav-users-admin@lists.sourceforge.net>, size=4112, nrcpt=1 (queue active)
Mar  1 00:59:52 avas postfix/smtpd[3384]: disconnect from avas.example.com[127.0.0.1]
Mar  1 00:59:52 avas postfix/smtp[3385]: 1BB1261AA6: to=<gagel@example.com>, relay=10.0.0.251[10.0.0.251], delay=0, status=sent (250 Command DATA Processed mail data Ok)
Mar  1 00:59:52 avas amavis[3078]: (03078-04) Passed, <clamav-users-admin@lists.sourceforge.net> -> <gagel@example.com>, Message-ID: <4042FB22.7020102@telkom.co.id>, Hits: -98.946
Mar  1 00:59:52 avas postfix/smtp[3373]: 94D9E61A83: to=<gagel@example.com>, relay=127.0.0.1[127.0.0.1], delay=15, status=sent (250 2.6.0 Ok, id=03078-04, from MTA: 250 Ok: queued as 1BB1261AA6)
Mar  1 00:59:56 avas postfix/smtpd[3081]: warning: 208.37.192.234: address not listed for hostname globrite.com
Mar  1 00:59:56 avas postfix/smtpd[3081]: connect from unknown[208.37.192.234]
Mar  1 00:59:57 avas postfix/smtpd[3081]: disconnect from unknown[208.37.192.234]
                                                                                                                                                                                                                                                                                                                                                                                                                                                                                                                                                                                                                                                                                                                                                                                                                                                                                                                                                                                                                                                                                                                                                                                                                                                                                                                                                                                                                                                                                                                                                                                                                                                                                                                                                                                                                                                                                                                                                                                                                                                                                                                                                                    
