Mar  1 00:10:02 avas postfix/smtp[2731]: D3CDF61AA4: to=<mckielk@example.com>, relay=127.0.0.1[127.0.0.1], delay=8, status=sent (250 2.7.1 Ok, discarded, UBE, id=02313-04)
Mar  1 00:10:03 avas postfix/smtpd[2610]: connect from h89n2fls32o862.telia.com[217.208.100.89]
Mar  1 00:10:04 avas postfix/smtpd[2610]: 78D6D61AA4: client=h89n2fls32o862.telia.com[217.208.100.89]
Mar  1 00:10:04 avas postfix/smtpd[2411]: warning: 208.37.192.234: address not listed for hostname mail.globrite.com
Mar  1 00:10:04 avas postfix/smtpd[2411]: connect from unknown[208.37.192.234]
Mar  1 00:10:05 avas postfix/smtpd[2411]: disconnect from unknown[208.37.192.234]
Mar  1 00:10:05 avas postfix/smtpd[2413]: lost connection after RCPT from unknown[4.33.237.234]
Mar  1 00:10:05 avas postfix/smtpd[2413]: disconnect from unknown[4.33.237.234]
Mar  1 00:10:06 avas postfix/smtpd[2610]: lost connection after RCPT from h89n2fls32o862.telia.com[217.208.100.89]
Mar  1 00:10:06 avas postfix/smtpd[2610]: disconnect from h89n2fls32o862.telia.com[217.208.100.89]
Mar  1 00:10:09 avas postfix/smtpd[2314]: connect from unknown[220.164.112.65]
Mar  1 00:10:12 avas postfix/smtpd[2314]: 09ACD61A83: client=unknown[220.164.112.65]
Mar  1 00:10:15 avas postfix/smtpd[2314]: lost connection after RCPT from unknown[220.164.112.65]
Mar  1 00:10:15 avas postfix/smtpd[2314]: disconnect from unknown[220.164.112.65]
Mar  1 00:10:19 avas postfix/smtpd[2411]: warning: 208.37.192.234: address not listed for hostname mail.globrite.com
Mar  1 00:10:19 avas postfix/smtpd[2411]: connect from unknown[208.37.192.234]
Mar  1 00:10:20 avas postfix/smtpd[2411]: disconnect from unknown[208.37.192.234]
Mar  1 00:10:20 avas postfix/smtpd[2413]: connect from unknown[218.242.220.68]
Mar  1 00:10:23 avas postfix/smtpd[2410]: connect from 66-215-173-200.sb-eres.charterpipeline.net[66.215.173.200]
Mar  1 00:10:24 avas postfix/smtpd[2410]: 72DB961A83: client=66-215-173-200.sb-eres.charterpipeline.net[66.215.173.200]
Mar  1 00:10:26 avas postfix/smtpd[2413]: 4EE4F61AA4: client=unknown[218.242.220.68]
Mar  1 00:10:27 avas postfix/smtpd[2610]: connect from unknown[62.113.122.52]
Mar  1 00:10:27 avas postfix/smtpd[2610]: B927561AA6: client=unknown[62.113.122.52]
Mar  1 00:10:31 avas postfix/smtpd[2411]: connect from unknown[218.22.232.121]
Mar  1 00:10:33 avas postfix/smtpd[2411]: 64FDB61AA6: client=unknown[218.22.232.121]
Mar  1 00:10:34 avas postfix/smtpd[2413]: lost connection after RCPT from unknown[218.242.220.68]
Mar  1 00:10:34 avas postfix/smtpd[2413]: disconnect from unknown[218.242.220.68]
Mar  1 00:10:35 avas postfix/smtpd[2314]: warning: 208.37.192.234: address not listed for hostname mail.globrite.com
Mar  1 00:10:35 avas postfix/smtpd[2314]: connect from unknown[208.37.192.234]
Mar  1 00:10:35 avas postfix/smtpd[2314]: disconnect from unknown[208.37.192.234]
Mar  1 00:10:35 avas postfix/smtpd[2413]: connect from pool-68-161-97-203.ny325.east.verizon.net[68.161.97.203]
Mar  1 00:10:36 avas postfix/smtpd[2413]: 673FE61AA4: client=pool-68-161-97-203.ny325.east.verizon.net[68.161.97.203]
Mar  1 00:10:37 avas postfix/smtpd[2411]: lost connection after RCPT from unknown[218.22.232.121]
Mar  1 00:10:37 avas postfix/smtpd[2411]: disconnect from unknown[218.22.232.121]
Mar  1 00:10:37 avas postfix/smtpd[2610]: disconnect from unknown[62.113.122.52]
Mar  1 00:10:38 avas postfix/smtpd[2314]: connect from d57-7-57.home.cgocable.net[24.57.7.57]
Mar  1 00:10:39 avas postfix/smtpd[2413]: lost connection after RCPT from pool-68-161-97-203.ny325.east.verizon.net[68.161.97.203]
Mar  1 00:10:39 avas postfix/smtpd[2413]: disconnect from pool-68-161-97-203.ny325.east.verizon.net[68.161.97.203]
Mar  1 00:10:39 avas postfix/smtpd[2314]: 818FA61AA4: client=d57-7-57.home.cgocable.net[24.57.7.57]
Mar  1 00:10:39 avas postfix/smtpd[2411]: connect from unknown[204.104.133.47]
Mar  1 00:10:39 avas postfix/smtpd[2411]: F228861AA6: client=unknown[204.104.133.47]
Mar  1 00:10:41 avas postfix/smtpd[2610]: connect from unknown[81.13.209.229]
Mar  1 00:10:41 avas postfix/smtpd[2410]: lost connection after RCPT from 66-215-173-200.sb-eres.charterpipeline.net[66.215.173.200]
Mar  1 00:10:41 avas postfix/smtpd[2410]: disconnect from 66-215-173-200.sb-eres.charterpipeline.net[66.215.173.200]
Mar  1 00:10:41 avas postfix/smtpd[2314]: lost connection after RCPT from d57-7-57.home.cgocable.net[24.57.7.57]
Mar  1 00:10:41 avas postfix/smtpd[2314]: disconnect from d57-7-57.home.cgocable.net[24.57.7.57]
Mar  1 00:10:42 avas postfix/smtpd[2413]: connect from unknown[61.105.62.107]
Mar  1 00:10:43 avas postfix/smtpd[2411]: disconnect from unknown[204.104.133.47]
Mar  1 00:10:43 avas postfix/smtpd[2410]: connect from unknown[218.108.28.132]
Mar  1 00:10:45 avas postfix/smtpd[2410]: EADAE61A83: client=unknown[218.108.28.132]
Mar  1 00:10:46 avas postfix/smtpd[2413]: 1173961AA4: client=unknown[61.105.62.107]
Mar  1 00:10:48 avas postfix/smtpd[2610]: 7826D61AA6: client=unknown[81.13.209.229]
Mar  1 00:10:48 avas postfix/smtpd[2410]: lost connection after RCPT from unknown[218.108.28.132]
Mar  1 00:10:48 avas postfix/smtpd[2410]: disconnect from unknown[218.108.28.132]
Mar  1 00:10:49 avas postfix/smtpd[2411]: connect from cm61-15-123-38.hkcable.com.hk[61.15.123.38]
Mar  1 00:10:49 avas postfix/smtpd[2314]: connect from unknown[202.44.13.145]
Mar  1 00:10:50 avas postfix/smtpd[2411]: 70C2C61A83: client=cm61-15-123-38.hkcable.com.hk[61.15.123.38]
Mar  1 00:10:50 avas postfix/smtpd[2737]: warning: 208.37.192.234: address not listed for hostname mail.globrite.com
Mar  1 00:10:50 avas postfix/smtpd[2737]: connect from unknown[208.37.192.234]
Mar  1 00:10:50 avas postfix/smtpd[2413]: lost connection after RCPT from unknown[61.105.62.107]
Mar  1 00:10:50 avas postfix/smtpd[2413]: disconnect from unknown[61.105.62.107]
Mar  1 00:10:50 avas postfix/smtpd[2410]: connect from c-67-171-58-201.client.comcast.net[67.171.58.201]
Mar  1 00:10:50 avas postfix/smtpd[2737]: disconnect from unknown[208.37.192.234]
Mar  1 00:10:51 avas postfix/smtpd[2314]: 0C5F761AA4: client=unknown[202.44.13.145]
Mar  1 00:10:51 avas postfix/smtpd[2410]: 3040761AAF: client=c-67-171-58-201.client.comcast.net[67.171.58.201]
Mar  1 00:10:53 avas postfix/smtpd[2411]: lost connection after RCPT from cm61-15-123-38.hkcable.com.hk[61.15.123.38]
Mar  1 00:10:53 avas postfix/smtpd[2411]: disconnect from cm61-15-123-38.hkcable.com.hk[61.15.123.38]
Mar  1 00:10:53 avas postfix/smtpd[2314]: disconnect from unknown[202.44.13.145]
Mar  1 00:10:54 avas postfix/smtpd[2413]: connect from unknown[218.93.23.106]
Mar  1 00:10:55 avas postfix/smtpd[2413]: 86FCB61A83: client=unknown[218.93.23.106]
Mar  1 00:10:55 avas postfix/smtpd[2610]: lost connection after RCPT from unknown[81.13.209.229]
Mar  1 00:10:55 avas postfix/smtpd[2610]: disconnect from unknown[81.13.209.229]
Mar  1 00:10:56 avas postfix/smtpd[2411]: connect from unknown[211.244.48.56]
Mar  1 00:10:56 avas postfix/smtpd[2314]: connect from unknown[211.49.30.118]
Mar  1 00:10:57 avas postfix/smtpd[2411]: 2BC8561AA4: client=unknown[211.244.48.56]
Mar  1 00:10:58 avas postfix/smtpd[2413]: lost connection after RCPT from unknown[218.93.23.106]
Mar  1 00:10:58 avas postfix/smtpd[2413]: disconnect from unknown[218.93.23.106]
Mar  1 00:11:00 avas postfix/smtpd[2411]: lost connection after RCPT from unknown[211.244.48.56]
Mar  1 00:11:00 avas postfix/smtpd[2411]: disconnect from unknown[211.244.48.56]
Mar  1 00:11:01 avas postfix/smtpd[2314]: 0E90C61A83: client=unknown[211.49.30.118]
Mar  1 00:11:02 avas postfix/smtpd[2610]: connect from unknown[61.180.189.18]
Mar  1 00:11:03 avas postfix/smtpd[2411]: connect from unknown[211.34.19.125]
Mar  1 00:11:05 avas postfix/smtpd[2610]: 01F5661AA4: client=unknown[61.180.189.18]
Mar  1 00:11:05 avas postfix/smtpd[2411]: 0575361AA6: client=unknown[211.34.19.125]
Mar  1 00:11:05 avas postfix/smtpd[2737]: warning: 208.37.192.234: address not listed for hostname mail.globrite.com
Mar  1 00:11:05 avas postfix/smtpd[2737]: connect from unknown[208.37.192.234]
Mar  1 00:11:05 avas postfix/smtpd[2737]: disconnect from unknown[208.37.192.234]
Mar  1 00:11:07 avas postfix/cleanup[2324]: 0575361AA6: message-id=<VHXVTRB-0001389065925@tupelo>
Mar  1 00:11:07 avas postfix/qmgr[23698]: 0575361AA6: from=<ypxqpipmvrazoh@el-nacional.com>, size=1597, nrcpt=1 (queue active)
Mar  1 00:11:08 avas postfix/smtpd[2410]: lost connection after RCPT from c-67-171-58-201.client.comcast.net[67.171.58.201]
Mar  1 00:11:08 avas postfix/smtpd[2410]: disconnect from c-67-171-58-201.client.comcast.net[67.171.58.201]
Mar  1 00:11:08 avas postfix/smtpd[2411]: disconnect from unknown[211.34.19.125]
Mar  1 00:11:08 avas postfix/cleanup[2603]: 0E90C61A83: message-id=<JOGEGHMLPDJOHOBBMNDMAAEDHMAA.norarileyzs@siba.fi>
Mar  1 00:11:08 avas postfix/qmgr[23698]: 0E90C61A83: from=<norarileyzs@siba.fi>, size=1094, nrcpt=1 (queue active)
Mar  1 00:11:08 avas postfix/smtpd[2610]: lost connection after RCPT from unknown[61.180.189.18]
Mar  1 00:11:08 avas postfix/smtpd[2610]: disconnect from unknown[61.180.189.18]
Mar  1 00:11:09 avas postfix/smtpd[2737]: connect from ya154.internetdsl.tpnet.pl[80.55.234.154]
Mar  1 00:11:09 avas postfix/smtpd[2314]: disconnect from unknown[211.49.30.118]
Mar  1 00:11:10 avas postfix/smtpd[2737]: 65EBF61AA4: client=ya154.internetdsl.tpnet.pl[80.55.234.154]
Mar  1 00:11:10 avas postfix/smtpd[2410]: connect from unknown[221.137.65.139]
Mar  1 00:11:11 avas amavis[2627]: (02627-01) Not-Delivered, <norarileyzs@siba.fi> -> <farr@example.com>, quarantine spam-8c75d02f03ed79946d5cb7ec88d3f3c2-20040301-001111-02627-01, Message-ID: <JOGEGHMLPDJOHOBBMNDMAAEDHMAA.norarileyzs@siba.fi>, Hits: 12.702
Mar  1 00:11:11 avas postfix/smtp[2742]: 0E90C61A83: to=<farr@example.com>, relay=127.0.0.1[127.0.0.1], delay=10, status=sent (250 2.7.1 Ok, discarded, UBE, id=02627-01)
Mar  1 00:11:12 avas postfix/smtpd[2410]: 7684561A83: client=unknown[221.137.65.139]
Mar  1 00:11:13 avas postfix/smtpd[2411]: connect from unknown[219.234.252.188]
Mar  1 00:11:14 avas postfix/smtpd[2411]: E051961AAF: client=unknown[219.234.252.188]
Mar  1 00:11:16 avas postfix/smtpd[2410]: lost connection after RCPT from unknown[221.137.65.139]
Mar  1 00:11:16 avas postfix/smtpd[2410]: disconnect from unknown[221.137.65.139]
Mar  1 00:11:17 avas postfix/smtpd[2737]: disconnect from ya154.internetdsl.tpnet.pl[80.55.234.154]
Mar  1 00:11:17 avas postfix/smtpd[2411]: lost connection after RCPT from unknown[219.234.252.188]
Mar  1 00:11:17 avas postfix/smtpd[2411]: disconnect from unknown[219.234.252.188]
Mar  1 00:11:18 avas postfix/smtpd[2610]: connect from unknown[221.229.241.90]
Mar  1 00:11:18 avas postfix/smtpd[2610]: E53F561A83: client=unknown[221.229.241.90]
Mar  1 00:11:19 avas postfix/smtpd[2751]: connect from avas.example.com[127.0.0.1]
Mar  1 00:11:19 avas postfix/smtpd[2751]: A80C461AA4: client=avas.example.com[127.0.0.1]
Mar  1 00:11:19 avas postfix/cleanup[2412]: A80C461AA4: message-id=<VHXVTRB-0001389065925@tupelo>
Mar  1 00:11:19 avas postfix/qmgr[23698]: A80C461AA4: from=<ypxqpipmvrazoh@el-nacional.com>, size=2099, nrcpt=1 (queue active)
Mar  1 00:11:19 avas postfix/smtpd[2751]: disconnect from avas.example.com[127.0.0.1]
Mar  1 00:11:19 avas amavis[2430]: (02430-04) Passed, <ypxqpipmvrazoh@el-nacional.com> -> <precosky@example.com>, Message-ID: <VHXVTRB-0001389065925@tupelo>, Hits: 8.845
Mar  1 00:11:19 avas postfix/smtp[2731]: 0575361AA6: to=<precosky@example.com>, relay=127.0.0.1[127.0.0.1], delay=14, status=sent (250 2.6.0 Ok, id=02430-04, from MTA: 250 Ok: queued as A80C461AA4)
Mar  1 00:11:19 avas postfix/smtp[2752]: A80C461AA4: to=<precosky@example.com>, relay=10.0.0.251[10.0.0.251], delay=0, status=sent (250 Command DATA Processed mail data Ok)
Mar  1 00:11:20 avas postfix/smtpd[2314]: warning: 208.37.192.234: address not listed for hostname mail.globrite.com
Mar  1 00:11:20 avas postfix/smtpd[2314]: connect from unknown[208.37.192.234]
Mar  1 00:11:20 avas postfix/smtpd[2314]: disconnect from unknown[208.37.192.234]
Mar  1 00:11:21 avas postfix/smtpd[2610]: lost connection after RCPT from unknown[221.229.241.90]
Mar  1 00:11:21 avas postfix/smtpd[2610]: disconnect from unknown[221.229.241.90]
Mar  1 00:11:23 avas postfix/smtpd[2410]: connect from ca-stmnca-cuda1-c3c-139.stmnca.adelphia.net[68.66.184.139]
Mar  1 00:11:25 avas postfix/smtpd[2410]: 5A07161A83: client=ca-stmnca-cuda1-c3c-139.stmnca.adelphia.net[68.66.184.139]
Mar  1 00:11:28 avas postfix/smtpd[2413]: connect from unknown[61.185.154.67]
Mar  1 00:11:28 avas postfix/smtpd[2410]: lost connection after RCPT from ca-stmnca-cuda1-c3c-139.stmnca.adelphia.net[68.66.184.139]
Mar  1 00:11:28 avas postfix/smtpd[2410]: disconnect from ca-stmnca-cuda1-c3c-139.stmnca.adelphia.net[68.66.184.139]
Mar  1 00:11:32 avas postfix/smtpd[2411]: connect from unknown[218.91.248.18]
Mar  1 00:11:33 avas postfix/smtpd[2411]: BBB0661A83: client=unknown[218.91.248.18]
Mar  1 00:11:35 avas postfix/smtpd[2410]: warning: 208.37.192.234: address not listed for hostname mail.globrite.com
Mar  1 00:11:35 avas postfix/smtpd[2410]: connect from unknown[208.37.192.234]
Mar  1 00:11:35 avas postfix/smtpd[2410]: disconnect from unknown[208.37.192.234]
Mar  1 00:11:36 avas postfix/smtpd[2413]: D081E61AA4: client=unknown[61.185.154.67]
Mar  1 00:11:37 avas postfix/smtpd[2411]: lost connection after RCPT from unknown[218.91.248.18]
Mar  1 00:11:37 avas postfix/smtpd[2411]: disconnect from unknown[218.91.248.18]
Mar  1 00:11:37 avas postfix/smtpd[2314]: connect from f01m-5-61.d3.club-internet.fr[195.36.244.61]
Mar  1 00:11:38 avas postfix/smtpd[2314]: 6BBD261A83: client=f01m-5-61.d3.club-internet.fr[195.36.244.61]
Mar  1 00:11:38 avas postfix/smtpd[2737]: connect from h89n2fls32o862.telia.com[217.208.100.89]
Mar  1 00:11:39 avas postfix/smtpd[2737]: 532E761AA6: client=h89n2fls32o862.telia.com[217.208.100.89]
Mar  1 00:11:41 avas postfix/smtpd[2737]: lost connection after RCPT from h89n2fls32o862.telia.com[217.208.100.89]
Mar  1 00:11:41 avas postfix/smtpd[2737]: disconnect from h89n2fls32o862.telia.com[217.208.100.89]
Mar  1 00:11:41 avas postfix/smtpd[2314]: disconnect from f01m-5-61.d3.club-internet.fr[195.36.244.61]
Mar  1 00:11:50 avas postfix/smtpd[2410]: warning: 208.37.192.234: address not listed for hostname mail.globrite.com
Mar  1 00:11:50 avas postfix/smtpd[2410]: connect from unknown[208.37.192.234]
Mar  1 00:11:50 avas postfix/smtpd[2410]: disconnect from unknown[208.37.192.234]
Mar  1 00:11:58 avas postfix/smtpd[2610]: connect from unknown[219.149.53.59]
Mar  1 00:12:00 avas postfix/smtpd[2610]: 83A2F61A83: client=unknown[219.149.53.59]
Mar  1 00:12:03 avas postfix/smtpd[2411]: connect from mail.maildogmanager.com[66.118.131.10]
Mar  1 00:12:03 avas postfix/smtpd[2411]: C880A61AA6: client=mail.maildogmanager.com[66.118.131.10]
Mar  1 00:12:04 avas postfix/smtpd[2610]: lost connection after RCPT from unknown[219.149.53.59]
Mar  1 00:12:04 avas postfix/smtpd[2610]: disconnect from unknown[219.149.53.59]
Mar  1 00:12:05 avas postfix/smtpd[2737]: warning: 208.37.192.234: address not listed for hostname mail.globrite.com
Mar  1 00:12:05 avas postfix/smtpd[2737]: connect from unknown[208.37.192.234]
Mar  1 00:12:05 avas postfix/smtpd[2737]: disconnect from unknown[208.37.192.234]
Mar  1 00:12:06 avas postfix/smtpd[2314]: connect from unknown[218.75.127.182]
Mar  1 00:12:07 avas postfix/smtpd[2314]: F275561A83: client=unknown[218.75.127.182]
Mar  1 00:12:12 avas postfix/cleanup[2603]: C880A61AA6: message-id=<20040301080107.21517.qmail@maildogmanager.com>
Mar  1 00:12:13 avas postfix/qmgr[23698]: C880A61AA6: from=<gprin-64-andersonke=example.com@redfoxmail.com>, size=45768, nrcpt=1 (queue active)
Mar  1 00:12:13 avas postfix/smtpd[2411]: disconnect from mail.maildogmanager.com[66.118.131.10]
Mar  1 00:12:14 avas postfix/smtpd[2314]: lost connection after RCPT from unknown[218.75.127.182]
Mar  1 00:12:14 avas postfix/smtpd[2314]: disconnect from unknown[218.75.127.182]
Mar  1 00:12:17 avas postfix/smtpd[2751]: connect from avas.example.com[127.0.0.1]
Mar  1 00:12:17 avas postfix/smtpd[2751]: 136DA61A83: client=avas.example.com[127.0.0.1]
Mar  1 00:12:17 avas postfix/cleanup[2325]: 136DA61A83: message-id=<20040301080107.21517.qmail@maildogmanager.com>
Mar  1 00:12:17 avas postfix/qmgr[23698]: 136DA61A83: from=<gprin-64-andersonke=example.com@redfoxmail.com>, size=46246, nrcpt=1 (queue active)
Mar  1 00:12:17 avas postfix/smtpd[2751]: disconnect from avas.example.com[127.0.0.1]
Mar  1 00:12:17 avas amavis[2166]: (02166-07) Passed, <gprin-64-andersonke=example.com@redfoxmail.com> -> <andersonke@example.com>, Message-ID: <20040301080107.21517.qmail@maildogmanager.com>, Hits: 1.163
Mar  1 00:12:17 avas postfix/smtp[2742]: C880A61AA6: to=<andersonke@example.com>, relay=127.0.0.1[127.0.0.1], delay=14, status=sent (250 2.6.0 Ok, id=02166-07, from MTA: 250 Ok: queued as 136DA61A83)
Mar  1 00:12:17 avas postfix/smtp[2752]: 136DA61A83: to=<andersonke@example.com>, relay=10.0.0.251[10.0.0.251], delay=0, status=sent (250 Command DATA Processed mail data Ok)
Mar  1 00:12:20 avas postfix/smtpd[2610]: warning: 208.37.192.234: address not listed for hostname mail.globrite.com
Mar  1 00:12:20 avas postfix/smtpd[2610]: connect from unknown[208.37.192.234]
Mar  1 00:12:20 avas postfix/smtpd[2610]: disconnect from unknown[208.37.192.234]
Mar  1 00:12:22 avas postfix/smtpd[2737]: connect from unknown[211.216.24.71]
Mar  1 00:12:23 avas postfix/smtpd[2737]: 6531561A83: client=unknown[211.216.24.71]
Mar  1 00:12:25 avas postfix/smtpd[2737]: disconnect from unknown[211.216.24.71]
Mar  1 00:12:28 avas postfix/smtpd[2410]: connect from ACaen-202-1-16-33.w81-249.abo.wanadoo.fr[81.249.143.33]
Mar  1 00:12:29 avas postfix/smtpd[2410]: A78CD61A83: client=ACaen-202-1-16-33.w81-249.abo.wanadoo.fr[81.249.143.33]
Mar  1 00:12:32 avas postfix/smtpd[2410]: lost connection after RCPT from ACaen-202-1-16-33.w81-249.abo.wanadoo.fr[81.249.143.33]
Mar  1 00:12:32 avas postfix/smtpd[2410]: disconnect from ACaen-202-1-16-33.w81-249.abo.wanadoo.fr[81.249.143.33]
Mar  1 00:12:35 avas postfix/smtpd[2314]: warning: 208.37.192.234: address not listed for hostname mail.globrite.com
Mar  1 00:12:35 avas postfix/smtpd[2314]: connect from unknown[208.37.192.234]
Mar  1 00:12:35 avas postfix/smtpd[2314]: disconnect from unknown[208.37.192.234]
Mar  1 00:12:46 avas postfix/smtpd[2413]: disconnect from unknown[61.185.154.67]
Mar  1 00:12:50 avas postfix/smtpd[2737]: warning: 208.37.192.234: address not listed for hostname mail.globrite.com
Mar  1 00:12:50 avas postfix/smtpd[2737]: connect from unknown[208.37.192.234]
Mar  1 00:12:51 avas postfix/smtpd[2737]: disconnect from unknown[208.37.192.234]
Mar  1 00:13:02 avas postfix/smtpd[2411]: connect from adsl-68-126-248-68.dsl.irvnca.pacbell.net[68.126.248.68]
Mar  1 00:13:02 avas postfix/smtpd[2411]: lost connection after CONNECT from adsl-68-126-248-68.dsl.irvnca.pacbell.net[68.126.248.68]
Mar  1 00:13:02 avas postfix/smtpd[2411]: disconnect from adsl-68-126-248-68.dsl.irvnca.pacbell.net[68.126.248.68]
Mar  1 00:13:04 avas postfix/smtpd[2410]: warning: 208.37.192.234: address not listed for hostname mail.globrite.com
Mar  1 00:13:04 avas postfix/smtpd[2410]: connect from unknown[208.37.192.234]
Mar  1 00:13:04 avas postfix/smtpd[2314]: connect from shawidc-mo1.cg.shawcable.net[24.71.223.10]
Mar  1 00:13:04 avas postfix/smtpd[2314]: D5D4C61A83: client=shawidc-mo1.cg.shawcable.net[24.71.223.10]
Mar  1 00:13:04 avas postfix/smtpd[2410]: disconnect from unknown[208.37.192.234]
Mar  1 00:13:05 avas postfix/cleanup[2325]: D5D4C61A83: message-id=<000f01c3ff63$3afc3c00$55fc4718@Backwater>
Mar  1 00:13:05 avas postfix/qmgr[23698]: D5D4C61A83: from=<backwater@shaw.ca>, size=2846, nrcpt=1 (queue active)
Mar  1 00:13:05 avas postfix/smtpd[2314]: disconnect from shawidc-mo1.cg.shawcable.net[24.71.223.10]
Mar  1 00:13:07 avas postfix/smtpd[2751]: connect from avas.example.com[127.0.0.1]
Mar  1 00:13:07 avas postfix/smtpd[2751]: C1B8461AA4: client=avas.example.com[127.0.0.1]
Mar  1 00:13:07 avas postfix/cleanup[2603]: C1B8461AA4: message-id=<000f01c3ff63$3afc3c00$55fc4718@Backwater>
Mar  1 00:13:07 avas postfix/qmgr[23698]: C1B8461AA4: from=<backwater@shaw.ca>, size=3209, nrcpt=1 (queue active)
Mar  1 00:13:07 avas postfix/smtpd[2751]: disconnect from avas.example.com[127.0.0.1]
Mar  1 00:13:07 avas amavis[2313]: (02313-05) Passed, <backwater@shaw.ca> -> <robertson@example.com>, Message-ID: <000f01c3ff63$3afc3c00$55fc4718@Backwater>, Hits: 0.1
Mar  1 00:13:07 avas postfix/smtp[2742]: D5D4C61A83: to=<robertson@example.com>, relay=127.0.0.1[127.0.0.1], delay=3, status=sent (250 2.6.0 Ok, id=02313-05, from MTA: 250 Ok: queued as C1B8461AA4)
Mar  1 00:13:07 avas postfix/smtp[2752]: C1B8461AA4: to=<robertson@example.com>, relay=10.0.0.251[10.0.0.251], delay=0, status=sent (250 Command DATA Processed mail data Ok)
Mar  1 00:13:08 avas postfix/smtpd[2413]: connect from m77.net81-67-20.noos.fr[81.67.20.77]
Mar  1 00:13:09 avas postfix/smtpd[2413]: 4F7EC61A83: client=m77.net81-67-20.noos.fr[81.67.20.77]
Mar  1 00:13:11 avas postfix/smtpd[2413]: lost connection after RCPT from m77.net81-67-20.noos.fr[81.67.20.77]
Mar  1 00:13:11 avas postfix/smtpd[2413]: disconnect from m77.net81-67-20.noos.fr[81.67.20.77]
Mar  1 00:13:15 avas postfix/smtpd[2610]: connect from unknown[218.93.21.58]
Mar  1 00:13:16 avas postfix/smtpd[2610]: 3605261A83: client=unknown[218.93.21.58]
Mar  1 00:13:18 avas postfix/smtpd[2737]: connect from unknown[61.145.222.58]
Mar  1 00:13:18 avas postfix/smtpd[2610]: lost connection after RCPT from unknown[218.93.21.58]
Mar  1 00:13:18 avas postfix/smtpd[2610]: disconnect from unknown[218.93.21.58]
Mar  1 00:13:19 avas postfix/smtpd[2411]: warning: 208.37.192.234: address not listed for hostname mail.globrite.com
Mar  1 00:13:19 avas postfix/smtpd[2411]: connect from unknown[208.37.192.234]
Mar  1 00:13:19 avas postfix/smtpd[2411]: disconnect from unknown[208.37.192.234]
Mar  1 00:13:20 avas postfix/smtpd[2410]: connect from unknown[218.22.147.136]
Mar  1 00:13:21 avas postfix/smtpd[2737]: 35B0961A83: client=unknown[61.145.222.58]
Mar  1 00:13:23 avas postfix/smtpd[2410]: 02D3061AA4: client=unknown[218.22.147.136]
Mar  1 00:13:26 avas postfix/smtpd[2410]: lost connection after RCPT from unknown[218.22.147.136]
Mar  1 00:13:26 avas postfix/smtpd[2410]: disconnect from unknown[218.22.147.136]
Mar  1 00:13:28 avas postfix/smtpd[2314]: connect from unknown[219.147.235.44]
Mar  1 00:13:29 avas postfix/smtpd[2737]: lost connection after RCPT from unknown[61.145.222.58]
Mar  1 00:13:29 avas postfix/smtpd[2737]: disconnect from unknown[61.145.222.58]
Mar  1 00:13:30 avas postfix/smtpd[2413]: connect from unknown[61.105.127.160]
Mar  1 00:13:31 avas postfix/smtpd[2314]: 4FF8E61A83: client=unknown[219.147.235.44]
Mar  1 00:13:31 avas postfix/smtpd[2413]: 8B34161AA4: client=unknown[61.105.127.160]
Mar  1 00:13:34 avas postfix/smtpd[2314]: lost connection after RCPT from unknown[219.147.235.44]
Mar  1 00:13:34 avas postfix/smtpd[2314]: disconnect from unknown[219.147.235.44]
Mar  1 00:13:34 avas postfix/smtpd[2413]: lost connection after RCPT from unknown[61.105.127.160]
Mar  1 00:13:34 avas postfix/smtpd[2413]: disconnect from unknown[61.105.127.160]
Mar  1 00:13:34 avas postfix/smtpd[2610]: warning: 208.37.192.234: address not listed for hostname mail.globrite.com
Mar  1 00:13:34 avas postfix/smtpd[2610]: connect from unknown[208.37.192.234]
Mar  1 00:13:35 avas postfix/smtpd[2610]: disconnect from unknown[208.37.192.234]
Mar  1 00:13:35 avas postfix/smtpd[2411]: connect from rrcs-central-24-92-136-115.biz.rr.com[24.92.136.115]
Mar  1 00:13:36 avas postfix/smtpd[2410]: connect from unknown[219.138.255.100]
Mar  1 00:13:36 avas postfix/smtpd[2411]: A59EE61A83: client=rrcs-central-24-92-136-115.biz.rr.com[24.92.136.115]
Mar  1 00:13:37 avas postfix/smtpd[2410]: 43DBF61AA4: client=unknown[219.138.255.100]
Mar  1 00:13:40 avas postfix/smtpd[2410]: lost connection after RCPT from unknown[219.138.255.100]
Mar  1 00:13:40 avas postfix/smtpd[2410]: disconnect from unknown[219.138.255.100]
Mar  1 00:13:42 avas postfix/smtpd[2411]: lost connection after RCPT from rrcs-central-24-92-136-115.biz.rr.com[24.92.136.115]
Mar  1 00:13:42 avas postfix/smtpd[2411]: disconnect from rrcs-central-24-92-136-115.biz.rr.com[24.92.136.115]
Mar  1 00:13:43 avas postfix/smtpd[2314]: connect from c-24-15-170-117.client.comcast.net[24.15.170.117]
Mar  1 00:13:44 avas postfix/smtpd[2314]: 4468E61A83: client=c-24-15-170-117.client.comcast.net[24.15.170.117]
Mar  1 00:13:44 avas postfix/smtpd[2413]: connect from unknown[61.102.210.31]
Mar  1 00:13:46 avas postfix/smtpd[2314]: lost connection after RCPT from c-24-15-170-117.client.comcast.net[24.15.170.117]
Mar  1 00:13:46 avas postfix/smtpd[2314]: disconnect from c-24-15-170-117.client.comcast.net[24.15.170.117]
Mar  1 00:13:48 avas postfix/smtpd[2413]: 1BC6861A83: client=unknown[61.102.210.31]
Mar  1 00:13:49 avas postfix/smtpd[2610]: warning: 208.37.192.234: address not listed for hostname mail.globrite.com
Mar  1 00:13:49 avas postfix/smtpd[2610]: connect from unknown[208.37.192.234]
Mar  1 00:13:50 avas postfix/smtpd[2610]: disconnect from unknown[208.37.192.234]
Mar  1 00:13:50 avas postfix/smtpd[2413]: lost connection after RCPT from unknown[61.102.210.31]
Mar  1 00:13:50 avas postfix/smtpd[2413]: disconnect from unknown[61.102.210.31]
Mar  1 00:13:51 avas postfix/smtpd[2410]: connect from blk2-253-114.eastlink.ca[24.224.253.114]
Mar  1 00:13:53 avas postfix/smtpd[2410]: 3A69461A83: client=blk2-253-114.eastlink.ca[24.224.253.114]
Mar  1 00:14:05 avas postfix/smtpd[2737]: warning: 208.37.192.234: address not listed for hostname mail.globrite.com
Mar  1 00:14:05 avas postfix/smtpd[2737]: connect from unknown[208.37.192.234]
Mar  1 00:14:05 avas postfix/smtpd[2737]: disconnect from unknown[208.37.192.234]
Mar  1 00:14:07 avas postfix/smtpd[2411]: connect from unknown[61.83.248.119]
Mar  1 00:14:07 avas postfix/smtpd[2411]: lost connection after CONNECT from unknown[61.83.248.119]
Mar  1 00:14:07 avas postfix/smtpd[2411]: disconnect from unknown[61.83.248.119]
Mar  1 00:14:14 avas postfix/smtpd[2610]: connect from unknown[218.238.255.206]
Mar  1 00:14:19 avas postfix/smtpd[2610]: 3C03761AA4: client=unknown[218.238.255.206]
Mar  1 00:14:20 avas postfix/smtpd[2413]: warning: 208.37.192.234: address not listed for hostname mail.globrite.com
Mar  1 00:14:20 avas postfix/smtpd[2413]: connect from unknown[208.37.192.234]
Mar  1 00:14:20 avas postfix/smtpd[2413]: disconnect from unknown[208.37.192.234]
Mar  1 00:14:23 avas postfix/smtpd[2410]: lost connection after RCPT from blk2-253-114.eastlink.ca[24.224.253.114]
Mar  1 00:14:23 avas postfix/smtpd[2410]: disconnect from blk2-253-114.eastlink.ca[24.224.253.114]
Mar  1 00:14:24 avas postfix/smtpd[2610]: lost connection after RCPT from unknown[218.238.255.206]
Mar  1 00:14:24 avas postfix/smtpd[2610]: disconnect from unknown[218.238.255.206]
Mar  1 00:14:33 avas postfix/smtpd[2737]: warning: 208.37.192.234: address not listed for hostname mail.globrite.com
Mar  1 00:14:33 avas postfix/smtpd[2737]: connect from unknown[208.37.192.234]
Mar  1 00:14:33 avas postfix/smtpd[2737]: disconnect from unknown[208.37.192.234]
Mar  1 00:14:37 avas postfix/smtpd[2411]: connect from unknown[213.254.42.252]
Mar  1 00:14:38 avas postfix/smtpd[2314]: connect from unknown[61.106.50.95]
Mar  1 00:14:38 avas postfix/smtpd[2314]: lost connection after CONNECT from unknown[61.106.50.95]
Mar  1 00:14:38 avas postfix/smtpd[2314]: disconnect from unknown[61.106.50.95]
Mar  1 00:14:42 avas postfix/smtpd[2411]: 54A4261A83: client=unknown[213.254.42.252]
Mar  1 00:14:42 avas postfix/smtpd[2413]: connect from c-24-30-35-187.mw.client2.attbi.com[24.30.35.187]
Mar  1 00:14:48 avas postfix/smtpd[2410]: warning: 208.37.192.234: address not listed for hostname mail.globrite.com
Mar  1 00:14:48 avas postfix/smtpd[2410]: connect from unknown[208.37.192.234]
Mar  1 00:14:48 avas postfix/smtpd[2410]: disconnect from unknown[208.37.192.234]
Mar  1 00:14:49 avas postfix/smtpd[2413]: 9852161AA4: client=c-24-30-35-187.mw.client2.attbi.com[24.30.35.187]
Mar  1 00:14:50 avas postfix/smtpd[2411]: lost connection after RCPT from unknown[213.254.42.252]
Mar  1 00:14:50 avas postfix/smtpd[2411]: disconnect from unknown[213.254.42.252]
Mar  1 00:14:50 avas postfix/smtpd[2610]: connect from unknown[195.96.181.167]
Mar  1 00:14:52 avas postfix/smtpd[2610]: 0855D61A83: client=unknown[195.96.181.167]
Mar  1 00:14:52 avas postfix/smtpd[2314]: connect from ool-435203bb.dyn.optonline.net[67.82.3.187]
Mar  1 00:14:52 avas postfix/smtpd[2314]: 8594861AA6: client=ool-435203bb.dyn.optonline.net[67.82.3.187]
Mar  1 00:14:53 avas postfix/smtpd[2410]: connect from unknown[68.119.49.129]
Mar  1 00:14:54 avas postfix/smtpd[2314]: lost connection after RCPT from ool-435203bb.dyn.optonline.net[67.82.3.187]
Mar  1 00:14:54 avas postfix/smtpd[2314]: disconnect from ool-435203bb.dyn.optonline.net[67.82.3.187]
Mar  1 00:14:54 avas postfix/smtpd[2410]: EF97D61AA6: client=unknown[68.119.49.129]
Mar  1 00:14:55 avas postfix/smtpd[2610]: disconnect from unknown[195.96.181.167]
Mar  1 00:14:55 avas postfix/smtpd[2411]: connect from unknown[61.109.212.2]
Mar  1 00:14:56 avas postfix/smtpd[2411]: 5E3A361A83: client=unknown[61.109.212.2]
Mar  1 00:14:57 avas postfix/smtpd[2314]: connect from ool-18ba426a.dyn.optonline.net[24.186.66.106]
Mar  1 00:14:58 avas postfix/smtpd[2413]: disconnect from c-24-30-35-187.mw.client2.attbi.com[24.30.35.187]
Mar  1 00:14:59 avas postfix/smtpd[2411]: lost connection after RCPT from unknown[61.109.212.2]
Mar  1 00:14:59 avas postfix/smtpd[2411]: disconnect from unknown[61.109.212.2]
Mar  1 00:14:59 avas postfix/smtpd[2314]: 768FF61A83: client=ool-18ba426a.dyn.optonline.net[24.186.66.106]
Mar  1 00:15:00 avas postfix/smtpd[2410]: lost connection after RCPT from unknown[68.119.49.129]
Mar  1 00:15:00 avas postfix/smtpd[2410]: disconnect from unknown[68.119.49.129]
Mar  1 00:15:01 avas postfix/smtpd[2413]: connect from unknown[218.38.86.156]
Mar  1 00:15:03 avas postfix/smtpd[2410]: warning: 208.37.192.234: address not listed for hostname mail.globrite.com
Mar  1 00:15:03 avas postfix/smtpd[2410]: connect from unknown[208.37.192.234]
Mar  1 00:15:03 avas postfix/smtpd[2410]: disconnect from unknown[208.37.192.234]
Mar  1 00:15:05 avas postfix/smtpd[2737]: connect from unknown[211.75.28.99]
Mar  1 00:15:05 avas postfix/smtpd[2410]: connect from host81-153-11-97.range81-153.btcentralplus.com[81.153.11.97]
Mar  1 00:15:05 avas postfix/smtpd[2413]: B174A61AA4: client=unknown[218.38.86.156]
Mar  1 00:15:05 avas postfix/smtpd[2410]: DFEDC61AA6: client=host81-153-11-97.range81-153.btcentralplus.com[81.153.11.97]
Mar  1 00:15:06 avas postfix/smtpd[2769]: connect from 42-190-82.leased.cust.tie.cl[200.42.190.82]
Mar  1 00:15:07 avas postfix/smtpd[2737]: 01E8B61AAF: client=unknown[211.75.28.99]
Mar  1 00:15:07 avas postfix/smtpd[2410]: disconnect from host81-153-11-97.range81-153.btcentralplus.com[81.153.11.97]
Mar  1 00:15:10 avas postfix/smtpd[2413]: lost connection after RCPT from unknown[218.38.86.156]
Mar  1 00:15:10 avas postfix/smtpd[2413]: disconnect from unknown[218.38.86.156]
Mar  1 00:15:13 avas postfix/smtpd[2737]: lost connection after RCPT from unknown[211.75.28.99]
Mar  1 00:15:13 avas postfix/smtpd[2737]: disconnect from unknown[211.75.28.99]
Mar  1 00:15:14 avas postfix/smtpd[2314]: lost connection after RCPT from ool-18ba426a.dyn.optonline.net[24.186.66.106]
Mar  1 00:15:14 avas postfix/smtpd[2314]: disconnect from ool-18ba426a.dyn.optonline.net[24.186.66.106]
Mar  1 00:15:15 avas postfix/smtpd[2410]: connect from d53-246-134.nap.wideopenwest.com[64.53.134.246]
Mar  1 00:15:15 avas postfix/smtpd[2411]: connect from unknown[61.111.33.118]
Mar  1 00:15:16 avas postfix/smtpd[2410]: 7F9BA61A83: client=d53-246-134.nap.wideopenwest.com[64.53.134.246]
Mar  1 00:15:16 avas postfix/smtpd[2411]: E549161AA4: client=unknown[61.111.33.118]
Mar  1 00:15:18 avas postfix/smtpd[2413]: warning: 208.37.192.234: address not listed for hostname mail.globrite.com
Mar  1 00:15:18 avas postfix/smtpd[2413]: connect from unknown[208.37.192.234]
Mar  1 00:15:18 avas postfix/smtpd[2413]: disconnect from unknown[208.37.192.234]
Mar  1 00:15:19 avas postfix/smtpd[2410]: lost connection after RCPT from d53-246-134.nap.wideopenwest.com[64.53.134.246]
Mar  1 00:15:19 avas postfix/smtpd[2410]: disconnect from d53-246-134.nap.wideopenwest.com[64.53.134.246]
Mar  1 00:15:19 avas postfix/smtpd[2411]: lost connection after RCPT from unknown[61.111.33.118]
Mar  1 00:15:19 avas postfix/smtpd[2411]: disconnect from unknown[61.111.33.118]
Mar  1 00:15:20 avas postfix/smtpd[2737]: connect from h24-80-130-84.vc.shawcable.net[24.80.130.84]
Mar  1 00:15:20 avas postfix/smtpd[2314]: connect from wbar17.tmp1-4-8-103-064.tmp1.dsl-verizon.net[4.8.103.64]
Mar  1 00:15:20 avas postfix/smtpd[2737]: D878C61A83: client=h24-80-130-84.vc.shawcable.net[24.80.130.84]
Mar  1 00:15:22 avas postfix/smtpd[2314]: 41B2F61AA4: client=wbar17.tmp1-4-8-103-064.tmp1.dsl-verizon.net[4.8.103.64]
Mar  1 00:15:22 avas postfix/smtpd[2413]: connect from unknown[61.237.209.251]
Mar  1 00:15:23 avas postfix/smtpd[2737]: lost connection after RCPT from h24-80-130-84.vc.shawcable.net[24.80.130.84]
Mar  1 00:15:23 avas postfix/smtpd[2737]: disconnect from h24-80-130-84.vc.shawcable.net[24.80.130.84]
Mar  1 00:15:24 avas postfix/smtpd[2314]: lost connection after RCPT from wbar17.tmp1-4-8-103-064.tmp1.dsl-verizon.net[4.8.103.64]
Mar  1 00:15:24 avas postfix/smtpd[2314]: disconnect from wbar17.tmp1-4-8-103-064.tmp1.dsl-verizon.net[4.8.103.64]
Mar  1 00:15:25 avas postfix/smtpd[2610]: connect from unknown[61.185.143.11]
Mar  1 00:15:25 avas postfix/smtpd[2610]: lost connection after CONNECT from unknown[61.185.143.11]
Mar  1 00:15:25 avas postfix/smtpd[2610]: disconnect from unknown[61.185.143.11]
Mar  1 00:15:25 avas postfix/smtpd[2769]: lost connection after CONNECT from 42-190-82.leased.cust.tie.cl[200.42.190.82]
Mar  1 00:15:25 avas postfix/smtpd[2769]: disconnect from 42-190-82.leased.cust.tie.cl[200.42.190.82]
Mar  1 00:15:25 avas postfix/smtpd[2410]: connect from catv-d5de9b70.catv.broadband.hu[213.222.155.112]
Mar  1 00:15:25 avas postfix/smtpd[2413]: C3A8A61A83: client=unknown[61.237.209.251]
Mar  1 00:15:26 avas postfix/smtpd[2737]: connect from c-67-173-130-103.client.comcast.net[67.173.130.103]
Mar  1 00:15:26 avas postfix/smtpd[2737]: 569C061AA4: client=c-67-173-130-103.client.comcast.net[67.173.130.103]
Mar  1 00:15:26 avas postfix/smtpd[2410]: 85F6661AA6: client=catv-d5de9b70.catv.broadband.hu[213.222.155.112]
Mar  1 00:15:29 avas postfix/smtpd[2737]: lost connection after RCPT from c-67-173-130-103.client.comcast.net[67.173.130.103]
Mar  1 00:15:29 avas postfix/smtpd[2737]: disconnect from c-67-173-130-103.client.comcast.net[67.173.130.103]
Mar  1 00:15:29 avas postfix/smtpd[2410]: lost connection after RCPT from catv-d5de9b70.catv.broadband.hu[213.222.155.112]
Mar  1 00:15:29 avas postfix/smtpd[2410]: disconnect from catv-d5de9b70.catv.broadband.hu[213.222.155.112]
Mar  1 00:15:29 avas postfix/smtpd[2413]: lost connection after RCPT from unknown[61.237.209.251]
Mar  1 00:15:29 avas postfix/smtpd[2413]: disconnect from unknown[61.237.209.251]
Mar  1 00:15:29 avas postfix/smtpd[2314]: connect from unknown[211.91.102.241]
Mar  1 00:15:31 avas postfix/smtpd[2314]: 89B1661A83: client=unknown[211.91.102.241]
Mar  1 00:15:33 avas postfix/smtpd[2610]: warning: 208.37.192.234: address not listed for hostname mail.globrite.com
Mar  1 00:15:33 avas postfix/smtpd[2610]: connect from unknown[208.37.192.234]
Mar  1 00:15:33 avas postfix/smtpd[2610]: disconnect from unknown[208.37.192.234]
Mar  1 00:15:38 avas postfix/smtpd[2314]: lost connection after RCPT from unknown[211.91.102.241]
Mar  1 00:15:38 avas postfix/smtpd[2314]: disconnect from unknown[211.91.102.241]
Mar  1 00:15:43 avas postfix/smtpd[2411]: connect from CDR27-172.accesscable.net[24.138.27.172]
Mar  1 00:15:44 avas postfix/smtpd[2411]: D02B661A83: client=CDR27-172.accesscable.net[24.138.27.172]
Mar  1 00:15:45 avas postfix/smtpd[2737]: connect from adsl-67-64-114-188.dsl.rcsntx.swbell.net[67.64.114.188]
Mar  1 00:15:46 avas postfix/smtpd[2737]: 79C1C61AA4: client=adsl-67-64-114-188.dsl.rcsntx.swbell.net[67.64.114.188]
Mar  1 00:15:47 avas postfix/smtpd[2411]: lost connection after RCPT from CDR27-172.accesscable.net[24.138.27.172]
Mar  1 00:15:47 avas postfix/smtpd[2411]: disconnect from CDR27-172.accesscable.net[24.138.27.172]
Mar  1 00:15:48 avas postfix/smtpd[2410]: warning: 208.37.192.234: address not listed for hostname mail.globrite.com
Mar  1 00:15:48 avas postfix/smtpd[2410]: connect from unknown[208.37.192.234]
Mar  1 00:15:48 avas postfix/smtpd[2737]: lost connection after RCPT from adsl-67-64-114-188.dsl.rcsntx.swbell.net[67.64.114.188]
Mar  1 00:15:48 avas postfix/smtpd[2737]: disconnect from adsl-67-64-114-188.dsl.rcsntx.swbell.net[67.64.114.188]
Mar  1 00:15:48 avas postfix/smtpd[2410]: disconnect from unknown[208.37.192.234]
Mar  1 00:15:50 avas postfix/smtpd[2413]: connect from unknown[219.239.138.2]
Mar  1 00:15:50 avas postfix/smtpd[2610]: connect from ns3.choice-secure.com[216.127.80.8]
Mar  1 00:15:50 avas postfix/smtpd[2610]: 9517F61A83: client=ns3.choice-secure.com[216.127.80.8]
Mar  1 00:15:51 avas postfix/smtpd[2413]: 77B3161AA4: client=unknown[219.239.138.2]
Mar  1 00:15:54 avas postfix/smtpd[2314]: connect from h24-80-130-84.vc.shawcable.net[24.80.130.84]
Mar  1 00:15:54 avas postfix/smtpd[2314]: 8120661A83: client=h24-80-130-84.vc.shawcable.net[24.80.130.84]
Mar  1 00:15:54 avas postfix/smtpd[2411]: warning: 24.197.27.77: hostname rad-va-27-pc-77.cablenet-va.com verification failed: Host not found
Mar  1 00:15:54 avas postfix/smtpd[2411]: connect from unknown[24.197.27.77]
Mar  1 00:15:55 avas postfix/smtpd[2737]: connect from ip503c2f32.speed.planet.nl[80.60.47.50]
Mar  1 00:15:55 avas postfix/smtpd[2314]: lost connection after RCPT from h24-80-130-84.vc.shawcable.net[24.80.130.84]
Mar  1 00:15:55 avas postfix/smtpd[2314]: disconnect from h24-80-130-84.vc.shawcable.net[24.80.130.84]
Mar  1 00:15:57 avas postfix/smtpd[2410]: warning: 208.37.192.234: address not listed for hostname mail.globrite.com
Mar  1 00:15:57 avas postfix/smtpd[2410]: connect from unknown[208.37.192.234]
Mar  1 00:15:57 avas postfix/smtpd[2413]: lost connection after RCPT from unknown[219.239.138.2]
Mar  1 00:15:57 avas postfix/smtpd[2413]: disconnect from unknown[219.239.138.2]
Mar  1 00:15:58 avas postfix/smtpd[2410]: disconnect from unknown[208.37.192.234]
Mar  1 00:15:58 avas postfix/smtpd[2411]: 73FAE61A83: client=unknown[24.197.27.77]
Mar  1 00:15:59 avas postfix/smtpd[2314]: connect from unknown[217.218.75.194]
Mar  1 00:16:01 avas postfix/smtpd[2413]: connect from c-24-13-189-61.client.comcast.net[24.13.189.61]
Mar  1 00:16:01 avas postfix/smtpd[2413]: 37A3A61AA4: client=c-24-13-189-61.client.comcast.net[24.13.189.61]
Mar  1 00:16:01 avas postfix/smtpd[2314]: 3F06B61AA6: client=unknown[217.218.75.194]
Mar  1 00:16:04 avas postfix/smtpd[2314]: lost connection after RCPT from unknown[217.218.75.194]
Mar  1 00:16:04 avas postfix/smtpd[2314]: disconnect from unknown[217.218.75.194]
Mar  1 00:16:06 avas postfix/smtpd[2410]: connect from unknown[218.90.217.190]
Mar  1 00:16:06 avas postfix/smtpd[2410]: E59E261AA6: client=unknown[218.90.217.190]
Mar  1 00:16:11 avas postfix/smtpd[2610]: disconnect from ns3.choice-secure.com[216.127.80.8]
Mar  1 00:16:11 avas postfix/smtpd[2737]: 241E561AAF: client=ip503c2f32.speed.planet.nl[80.60.47.50]
Mar  1 00:16:13 avas postfix/smtpd[2410]: lost connection after RCPT from unknown[218.90.217.190]
Mar  1 00:16:13 avas postfix/smtpd[2410]: disconnect from unknown[218.90.217.190]
Mar  1 00:16:13 avas postfix/smtpd[2769]: warning: 208.37.192.234: address not listed for hostname globrite.com
Mar  1 00:16:13 avas postfix/smtpd[2769]: connect from unknown[208.37.192.234]
Mar  1 00:16:13 avas postfix/smtpd[2769]: disconnect from unknown[208.37.192.234]
Mar  1 00:16:18 avas postfix/smtpd[2411]: lost connection after RCPT from unknown[24.197.27.77]
Mar  1 00:16:18 avas postfix/smtpd[2411]: disconnect from unknown[24.197.27.77]
Mar  1 00:16:21 avas postfix/smtpd[2737]: disconnect from ip503c2f32.speed.planet.nl[80.60.47.50]
Mar  1 00:16:22 avas postfix/smtpd[2610]: connect from unknown[210.16.41.21]
Mar  1 00:16:22 avas postfix/smtpd[2314]: connect from hc210-202-134-201.fx.ebtnet.net[210.202.134.201]
Mar  1 00:16:22 avas postfix/smtpd[2314]: lost connection after CONNECT from hc210-202-134-201.fx.ebtnet.net[210.202.134.201]
Mar  1 00:16:22 avas postfix/smtpd[2314]: disconnect from hc210-202-134-201.fx.ebtnet.net[210.202.134.201]
Mar  1 00:16:23 avas postfix/smtpd[2610]: 49C7A61A83: client=unknown[210.16.41.21]
Mar  1 00:16:25 avas postfix/smtpd[2769]: connect from unknown[61.187.215.16]
Mar  1 00:16:25 avas postfix/smtpd[2769]: lost connection after CONNECT from unknown[61.187.215.16]
Mar  1 00:16:25 avas postfix/smtpd[2769]: disconnect from unknown[61.187.215.16]
Mar  1 00:16:25 avas postfix/cleanup[2603]: 49C7A61A83: message-id=<20040301081623.49C7A61A83@avas.example.com>
Mar  1 00:16:25 avas postfix/qmgr[23698]: 49C7A61A83: from=<charles21@nitro.com.ph>, size=1230, nrcpt=1 (queue active)
Mar  1 00:16:26 avas postfix/smtpd[2610]: disconnect from unknown[210.16.41.21]
Mar  1 00:16:26 avas postfix/smtpd[2410]: connect from unknown[63.76.191.236]
Mar  1 00:16:26 avas postfix/smtpd[2410]: EA77261AA6: client=unknown[63.76.191.236]
Mar  1 00:16:27 avas postfix/smtpd[2411]: warning: 208.37.192.234: address not listed for hostname globrite.com
Mar  1 00:16:27 avas postfix/smtpd[2411]: connect from unknown[208.37.192.234]
Mar  1 00:16:28 avas postfix/smtpd[2411]: disconnect from unknown[208.37.192.234]
Mar  1 00:16:29 avas postfix/smtpd[2410]: lost connection after RCPT from unknown[63.76.191.236]
Mar  1 00:16:29 avas postfix/smtpd[2410]: disconnect from unknown[63.76.191.236]
Mar  1 00:16:30 avas postfix/smtpd[2737]: connect from cable-134-156.inter.net.il[80.230.134.156]
Mar  1 00:16:31 avas postfix/smtpd[2737]: 6EE8661AA6: client=cable-134-156.inter.net.il[80.230.134.156]
Mar  1 00:16:34 avas postfix/smtpd[2737]: lost connection after RCPT from cable-134-156.inter.net.il[80.230.134.156]
Mar  1 00:16:34 avas postfix/smtpd[2737]: disconnect from cable-134-156.inter.net.il[80.230.134.156]
Mar  1 00:16:34 avas postfix/smtpd[2413]: disconnect from c-24-13-189-61.client.comcast.net[24.13.189.61]
Mar  1 00:16:34 avas postfix/smtpd[2314]: connect from unknown[220.95.51.233]
Mar  1 00:16:35 avas postfix/smtpd[2314]: DC6A461AA4: client=unknown[220.95.51.233]
Mar  1 00:16:37 avas amavis[2166]: (02166-08) Not-Delivered, <charles21@nitro.com.ph> -> <hermannm@example.com>, quarantine spam-502b63b811dcf070a56f4cdbae6d1acc-20040301-001637-02166-08, Message-ID: <20040301081623.49C7A61A83@avas.example.com>, Hits: 16.264
Mar  1 00:16:37 avas postfix/smtp[2770]: 49C7A61A83: to=<hermannm@example.com>, relay=127.0.0.1[127.0.0.1], delay=14, status=sent (250 2.7.1 Ok, discarded, UBE, id=02166-08)
Mar  1 00:16:38 avas postfix/smtpd[2769]: connect from dsl-lprgw4u6e.dial.inet.fi[80.223.144.110]
Mar  1 00:16:38 avas postfix/cleanup[2603]: DC6A461AA4: message-id=<c6e401c3ff65$31731017$fb692589@unicontrols.cz>
Mar  1 00:16:38 avas postfix/qmgr[23698]: DC6A461AA4: from=<anthony.martin_ae@episteme.u-bordeaux.fr>, size=3749, nrcpt=1 (queue active)
Mar  1 00:16:39 avas postfix/smtpd[2314]: disconnect from unknown[220.95.51.233]
Mar  1 00:16:39 avas amavis[2627]: (02627-02) Not-Delivered, <anthony.martin_ae@episteme.u-bordeaux.fr> -> <dahl@example.com>, quarantine spam-2bcab29b77da897856abe27f29350502-20040301-001639-02627-02, Message-ID: <c6e401c3ff65$31731017$fb692589@unicontrols.cz>, Hits: 15.323
Mar  1 00:16:39 avas postfix/smtp[2770]: DC6A461AA4: to=<dahl@example.com>, relay=127.0.0.1[127.0.0.1], delay=4, status=sent (250 2.7.1 Ok, discarded, UBE, id=02627-02)
Mar  1 00:16:40 avas postfix/smtpd[2769]: 8C3EE61A83: client=dsl-lprgw4u6e.dial.inet.fi[80.223.144.110]
Mar  1 00:16:43 avas postfix/smtpd[2610]: warning: 208.37.192.234: address not listed for hostname globrite.com
Mar  1 00:16:43 avas postfix/smtpd[2610]: connect from unknown[208.37.192.234]
Mar  1 00:16:43 avas postfix/smtpd[2610]: disconnect from unknown[208.37.192.234]
Mar  1 00:16:44 avas postfix/smtpd[2769]: lost connection after RCPT from dsl-lprgw4u6e.dial.inet.fi[80.223.144.110]
Mar  1 00:16:44 avas postfix/smtpd[2769]: disconnect from dsl-lprgw4u6e.dial.inet.fi[80.223.144.110]
Mar  1 00:16:57 avas postfix/smtpd[2411]: connect from unknown[218.238.255.206]
Mar  1 00:16:58 avas postfix/smtpd[2737]: warning: 208.37.192.234: address not listed for hostname globrite.com
Mar  1 00:16:58 avas postfix/smtpd[2737]: connect from unknown[208.37.192.234]
Mar  1 00:16:58 avas postfix/smtpd[2737]: disconnect from unknown[208.37.192.234]
Mar  1 00:17:01 avas postfix/smtpd[2413]: connect from user243.net843.fl.sprint-hsd.net[69.34.8.243]
Mar  1 00:17:01 avas postfix/smtpd[2411]: 6907C61A83: client=unknown[218.238.255.206]
Mar  1 00:17:01 avas postfix/smtpd[2413]: 723E261AA4: client=user243.net843.fl.sprint-hsd.net[69.34.8.243]
Mar  1 00:17:03 avas postfix/smtpd[2413]: disconnect from user243.net843.fl.sprint-hsd.net[69.34.8.243]
Mar  1 00:17:06 avas postfix/smtpd[2411]: lost connection after RCPT from unknown[218.238.255.206]
Mar  1 00:17:06 avas postfix/smtpd[2411]: disconnect from unknown[218.238.255.206]
Mar  1 00:17:13 avas postfix/smtpd[2314]: warning: 208.37.192.234: address not listed for hostname globrite.com
Mar  1 00:17:13 avas postfix/smtpd[2314]: connect from unknown[208.37.192.234]
Mar  1 00:17:13 avas postfix/smtpd[2314]: disconnect from unknown[208.37.192.234]
Mar  1 00:17:21 avas postfix/smtpd[2410]: connect from unknown[61.248.64.10]
Mar  1 00:17:22 avas postfix/smtpd[2410]: 8073A61A83: client=unknown[61.248.64.10]
Mar  1 00:17:25 avas postfix/smtpd[2410]: lost connection after RCPT from unknown[61.248.64.10]
Mar  1 00:17:25 avas postfix/smtpd[2410]: disconnect from unknown[61.248.64.10]
Mar  1 00:17:28 avas postfix/smtpd[2769]: warning: 208.37.192.234: address not listed for hostname globrite.com
Mar  1 00:17:28 avas postfix/smtpd[2769]: connect from unknown[208.37.192.234]
Mar  1 00:17:28 avas postfix/smtpd[2769]: disconnect from unknown[208.37.192.234]
Mar  1 00:17:29 avas postfix/smtpd[2737]: connect from c-24-13-217-195.client.comcast.net[24.13.217.195]
Mar  1 00:17:32 avas postfix/smtpd[2413]: connect from english-breakfast.cloud9.net[168.100.1.9]
Mar  1 00:17:32 avas postfix/smtpd[2413]: D4CF861A83: client=english-breakfast.cloud9.net[168.100.1.9]
Mar  1 00:17:33 avas postfix/smtpd[2737]: 0561761AA4: client=c-24-13-217-195.client.comcast.net[24.13.217.195]
Mar  1 00:17:33 avas postfix/cleanup[2412]: D4CF861A83: message-id=<4042ED44.5000200@pkme.panasonic.com.ph>
Mar  1 00:17:33 avas postfix/qmgr[23698]: D4CF861A83: from=<owner-postfix-users@postfix.org>, size=4478, nrcpt=1 (queue active)
Mar  1 00:17:33 avas postfix/smtpd[2413]: disconnect from english-breakfast.cloud9.net[168.100.1.9]
Mar  1 00:17:34 avas postfix/smtpd[2785]: connect from avas.example.com[127.0.0.1]
Mar  1 00:17:34 avas postfix/smtpd[2785]: 3C7BE61AA6: client=avas.example.com[127.0.0.1]
Mar  1 00:17:34 avas postfix/cleanup[2325]: 3C7BE61AA6: message-id=<4042ED44.5000200@pkme.panasonic.com.ph>
Mar  1 00:17:34 avas postfix/qmgr[23698]: 3C7BE61AA6: from=<owner-postfix-users@postfix.org>, size=4768, nrcpt=1 (queue active)
Mar  1 00:17:34 avas postfix/smtpd[2785]: disconnect from avas.example.com[127.0.0.1]
Mar  1 00:17:34 avas amavis[2166]: (02166-09) Passed, <owner-postfix-users@postfix.org> -> <gagel@example.com>, Message-ID: <4042ED44.5000200@pkme.panasonic.com.ph>, Hits: -
Mar  1 00:17:34 avas postfix/smtp[2770]: D4CF861A83: to=<gagel@example.com>, relay=127.0.0.1[127.0.0.1], delay=2, status=sent (250 2.6.0 Ok, id=02166-09, from MTA: 250 Ok: queued as 3C7BE61AA6)
Mar  1 00:17:34 avas postfix/smtp[2786]: 3C7BE61AA6: to=<gagel@example.com>, relay=10.0.0.251[10.0.0.251], delay=0, status=sent (250 Command DATA Processed mail data Ok)
Mar  1 00:17:43 avas postfix/smtpd[2411]: warning: 208.37.192.234: address not listed for hostname globrite.com
Mar  1 00:17:43 avas postfix/smtpd[2411]: connect from unknown[208.37.192.234]
Mar  1 00:17:43 avas postfix/smtpd[2411]: disconnect from unknown[208.37.192.234]
Mar  1 00:17:45 avas postfix/smtpd[2737]: disconnect from c-24-13-217-195.client.comcast.net[24.13.217.195]
Mar  1 00:17:46 avas postfix/smtpd[2314]: connect from unknown[4.10.238.91]
Mar  1 00:17:47 avas postfix/smtpd[2314]: 325ED61A83: client=unknown[4.10.238.91]
Mar  1 00:17:49 avas postfix/smtpd[2314]: lost connection after RCPT from unknown[4.10.238.91]
Mar  1 00:17:49 avas postfix/smtpd[2314]: disconnect from unknown[4.10.238.91]
Mar  1 00:17:52 avas postfix/smtpd[2410]: connect from wbar14.tampa1-4-4-155-244.tampa1.dsl-verizon.net[4.4.155.244]
Mar  1 00:17:55 avas postfix/smtpd[2610]: warning: 148.235.184.100: hostname customer-148-235-184-100.uninet-ide.com.mx verification failed: Host not found
Mar  1 00:17:55 avas postfix/smtpd[2610]: connect from unknown[148.235.184.100]
Mar  1 00:17:55 avas postfix/smtpd[2610]: lost connection after CONNECT from unknown[148.235.184.100]
Mar  1 00:17:55 avas postfix/smtpd[2610]: disconnect from unknown[148.235.184.100]
Mar  1 00:17:55 avas postfix/smtpd[2410]: A2D0361A83: client=wbar14.tampa1-4-4-155-244.tampa1.dsl-verizon.net[4.4.155.244]
Mar  1 00:17:58 avas postfix/smtpd[2769]: warning: 208.37.192.234: address not listed for hostname globrite.com
Mar  1 00:17:58 avas postfix/smtpd[2769]: connect from unknown[208.37.192.234]
Mar  1 00:17:58 avas postfix/smtpd[2769]: disconnect from unknown[208.37.192.234]
