Mar  1 00:18:01 avas postfix/smtpd[2410]: lost connection after RCPT from wbar14.tampa1-4-4-155-244.tampa1.dsl-verizon.net[4.4.155.244]
Mar  1 00:18:01 avas postfix/smtpd[2410]: disconnect from wbar14.tampa1-4-4-155-244.tampa1.dsl-verizon.net[4.4.155.244]
Mar  1 00:18:05 avas postfix/smtpd[2413]: connect from unknown[218.22.147.136]
Mar  1 00:18:08 avas postfix/smtpd[2413]: 9CA2E61A83: client=unknown[218.22.147.136]
Mar  1 00:18:08 avas postfix/smtpd[2411]: connect from mia10.ediets.com[216.52.164.210]
Mar  1 00:18:08 avas postfix/smtpd[2411]: EB5FC61AA4: client=mia10.ediets.com[216.52.164.210]
Mar  1 00:18:13 avas postfix/smtpd[2413]: lost connection after RCPT from unknown[218.22.147.136]
Mar  1 00:18:13 avas postfix/smtpd[2413]: disconnect from unknown[218.22.147.136]
Mar  1 00:18:13 avas postfix/smtpd[2737]: warning: 208.37.192.234: address not listed for hostname globrite.com
Mar  1 00:18:13 avas postfix/smtpd[2737]: connect from unknown[208.37.192.234]
Mar  1 00:18:13 avas postfix/smtpd[2737]: disconnect from unknown[208.37.192.234]
Mar  1 00:18:13 avas postfix/cleanup[2324]: EB5FC61AA4: message-id=<22228894.1078129088273.JavaMail.root@dbmia40>
Mar  1 00:18:14 avas postfix/qmgr[23698]: EB5FC61AA4: from=<bounce-fvgxrdaqxyxa@customer.ediets.com>, size=48047, nrcpt=1 (queue active)
Mar  1 00:18:17 avas postfix/smtpd[2314]: connect from adsl-208-191-75-78.dsl.tulsok.swbell.net[208.191.75.78]
Mar  1 00:18:18 avas postfix/smtpd[2314]: 87ECA61A83: client=adsl-208-191-75-78.dsl.tulsok.swbell.net[208.191.75.78]
Mar  1 00:18:19 avas postfix/smtpd[2411]: disconnect from mia10.ediets.com[216.52.164.210]
Mar  1 00:18:20 avas postfix/smtpd[2610]: connect from unknown[218.94.83.48]
Mar  1 00:18:20 avas postfix/smtpd[2314]: lost connection after RCPT from adsl-208-191-75-78.dsl.tulsok.swbell.net[208.191.75.78]
Mar  1 00:18:20 avas postfix/smtpd[2314]: disconnect from adsl-208-191-75-78.dsl.tulsok.swbell.net[208.191.75.78]
Mar  1 00:18:21 avas postfix/smtpd[2769]: connect from unknown[218.154.20.149]
Mar  1 00:18:22 avas postfix/smtpd[2769]: 77CCB61A83: client=unknown[218.154.20.149]
Mar  1 00:18:24 avas postfix/smtpd[2610]: 1496B61AA6: client=unknown[218.94.83.48]
Mar  1 00:18:25 avas postfix/cleanup[2412]: 77CCB61A83: message-id=<GROPHCTPBJAKXLAJUSZAP@cgocable.ca>
Mar  1 00:18:25 avas postfix/qmgr[23698]: 77CCB61A83: from=<UYXJOKIBI@earthlink.net>, size=1536, nrcpt=1 (queue active)
Mar  1 00:18:25 avas postfix/smtpd[2769]: disconnect from unknown[218.154.20.149]
Mar  1 00:18:28 avas postfix/smtpd[2410]: connect from CPE0008a10b3b0f-CM000a73a9653d.cpe.net.cable.rogers.com[63.139.243.121]
Mar  1 00:18:28 avas amavis[2313]: (02313-06) Not-Delivered, <UYXJOKIBI@earthlink.net> -> <idiens@example.com>, quarantine spam-8121710dcd9f95828cec97abfc69256c-20040301-001828-02313-06, Message-ID: <GROPHCTPBJAKXLAJUSZAP@cgocable.ca>, Hits: 16.656
Mar  1 00:18:28 avas postfix/smtp[2791]: 77CCB61A83: to=<idiens@example.com>, relay=127.0.0.1[127.0.0.1], delay=6, status=sent (250 2.7.1 Ok, discarded, UBE, id=02313-06)
Mar  1 00:18:28 avas postfix/smtpd[2737]: warning: 208.37.192.234: address not listed for hostname globrite.com
Mar  1 00:18:28 avas postfix/smtpd[2737]: connect from unknown[208.37.192.234]
Mar  1 00:18:28 avas postfix/smtpd[2410]: D31D361A83: client=CPE0008a10b3b0f-CM000a73a9653d.cpe.net.cable.rogers.com[63.139.243.121]
Mar  1 00:18:28 avas postfix/smtpd[2737]: disconnect from unknown[208.37.192.234]
Mar  1 00:18:29 avas postfix/smtpd[2610]: lost connection after RCPT from unknown[218.94.83.48]
Mar  1 00:18:29 avas postfix/smtpd[2610]: disconnect from unknown[218.94.83.48]
Mar  1 00:18:29 avas amavis[2430]: (02430-05) Not-Delivered, <bounce-fvgxrdaqxyxa@customer.ediets.com> -> <steelej@example.com>, quarantine spam-1b1c5954430b94314ca0145f65dd3c24-20040301-001829-02430-05, Message-ID: <22228894.1078129088273.JavaMail.root@dbmia40>, Hits: 14.873
Mar  1 00:18:29 avas postfix/smtp[2770]: EB5FC61AA4: to=<steelej@example.com>, relay=127.0.0.1[127.0.0.1], delay=21, status=sent (250 2.7.1 Ok, discarded, UBE, id=02430-05)
Mar  1 00:18:31 avas postfix/smtpd[2410]: disconnect from CPE0008a10b3b0f-CM000a73a9653d.cpe.net.cable.rogers.com[63.139.243.121]
Mar  1 00:18:32 avas postfix/smtpd[2413]: connect from 65-57-173-178.criticschoicemail.com[65.57.173.178]
Mar  1 00:18:32 avas postfix/smtpd[2413]: 9471061A83: client=65-57-173-178.criticschoicemail.com[65.57.173.178]
Mar  1 00:18:34 avas postfix/smtpd[2411]: connect from adsl-156-142-181.owb.bellsouth.net[66.156.142.181]
Mar  1 00:18:37 avas postfix/smtpd[2413]: disconnect from 65-57-173-178.criticschoicemail.com[65.57.173.178]
Mar  1 00:18:40 avas postfix/smtpd[2411]: ADA1C61A83: client=adsl-156-142-181.owb.bellsouth.net[66.156.142.181]
Mar  1 00:18:43 avas postfix/smtpd[2314]: warning: 208.37.192.234: address not listed for hostname globrite.com
Mar  1 00:18:43 avas postfix/smtpd[2314]: connect from unknown[208.37.192.234]
Mar  1 00:18:44 avas postfix/smtpd[2314]: disconnect from unknown[208.37.192.234]
Mar  1 00:18:45 avas postfix/smtpd[2769]: connect from unknown[218.14.11.177]
Mar  1 00:18:47 avas postfix/smtpd[2769]: 8A6BF61AA4: client=unknown[218.14.11.177]
Mar  1 00:18:48 avas postfix/smtpd[2411]: lost connection after RCPT from adsl-156-142-181.owb.bellsouth.net[66.156.142.181]
Mar  1 00:18:48 avas postfix/smtpd[2411]: disconnect from adsl-156-142-181.owb.bellsouth.net[66.156.142.181]
Mar  1 00:18:49 avas postfix/smtpd[2737]: connect from unknown[61.235.226.65]
Mar  1 00:18:52 avas postfix/smtpd[2737]: BFF5661A83: client=unknown[61.235.226.65]
Mar  1 00:18:57 avas postfix/smtpd[2737]: lost connection after RCPT from unknown[61.235.226.65]
Mar  1 00:18:57 avas postfix/smtpd[2737]: disconnect from unknown[61.235.226.65]
Mar  1 00:18:58 avas postfix/smtpd[2610]: warning: 208.37.192.234: address not listed for hostname globrite.com
Mar  1 00:18:58 avas postfix/smtpd[2610]: connect from unknown[208.37.192.234]
Mar  1 00:18:59 avas postfix/smtpd[2610]: disconnect from unknown[208.37.192.234]
Mar  1 00:18:59 avas postfix/smtpd[2769]: disconnect from unknown[218.14.11.177]
Mar  1 00:19:03 avas postfix/smtpd[2410]: connect from unknown[211.93.47.139]
Mar  1 00:19:03 avas postfix/smtpd[2413]: connect from unknown[61.144.128.135]
Mar  1 00:19:05 avas postfix/smtpd[2413]: 04C0561A83: client=unknown[61.144.128.135]
Mar  1 00:19:06 avas postfix/smtpd[2410]: 2A96E61AA4: client=unknown[211.93.47.139]
Mar  1 00:19:07 avas postfix/smtpd[2413]: disconnect from unknown[61.144.128.135]
Mar  1 00:19:12 avas postfix/smtpd[2410]: lost connection after RCPT from unknown[211.93.47.139]
Mar  1 00:19:12 avas postfix/smtpd[2410]: disconnect from unknown[211.93.47.139]
Mar  1 00:19:14 avas postfix/smtpd[2314]: warning: 208.37.192.234: address not listed for hostname globrite.com
Mar  1 00:19:14 avas postfix/smtpd[2314]: connect from unknown[208.37.192.234]
Mar  1 00:19:14 avas postfix/smtpd[2314]: disconnect from unknown[208.37.192.234]
Mar  1 00:19:17 avas postfix/smtpd[2411]: connect from unknown[218.22.232.121]
Mar  1 00:19:21 avas postfix/smtpd[2411]: 839C561A83: client=unknown[218.22.232.121]
Mar  1 00:19:22 avas postfix/smtpd[2610]: connect from unknown[210.82.111.134]
Mar  1 00:19:23 avas postfix/smtpd[2610]: AE08561AA4: client=unknown[210.82.111.134]
Mar  1 00:19:25 avas postfix/smtpd[2411]: lost connection after RCPT from unknown[218.22.232.121]
Mar  1 00:19:25 avas postfix/smtpd[2411]: disconnect from unknown[218.22.232.121]
Mar  1 00:19:26 avas postfix/smtpd[2610]: lost connection after RCPT from unknown[210.82.111.134]
Mar  1 00:19:26 avas postfix/smtpd[2610]: disconnect from unknown[210.82.111.134]
Mar  1 00:19:27 avas postfix/smtpd[2413]: connect from h24-69-171-93.pk.shawcable.net[24.69.171.93]
Mar  1 00:19:29 avas postfix/smtpd[2410]: warning: 208.37.192.234: address not listed for hostname globrite.com
Mar  1 00:19:29 avas postfix/smtpd[2410]: connect from unknown[208.37.192.234]
Mar  1 00:19:29 avas postfix/smtpd[2410]: disconnect from unknown[208.37.192.234]
Mar  1 00:19:30 avas postfix/smtpd[2413]: 76FEF61A83: client=h24-69-171-93.pk.shawcable.net[24.69.171.93]
Mar  1 00:19:34 avas postfix/smtpd[2737]: connect from unknown[210.95.204.3]
Mar  1 00:19:34 avas postfix/smtpd[2769]: connect from cpe-4-251.cm-dynip.usadig.com[216.187.173.251]
Mar  1 00:19:34 avas postfix/smtpd[2769]: B2F1461AA4: client=cpe-4-251.cm-dynip.usadig.com[216.187.173.251]
Mar  1 00:19:34 avas postfix/smtpd[2413]: lost connection after RCPT from h24-69-171-93.pk.shawcable.net[24.69.171.93]
Mar  1 00:19:34 avas postfix/smtpd[2413]: disconnect from h24-69-171-93.pk.shawcable.net[24.69.171.93]
Mar  1 00:19:35 avas postfix/smtpd[2737]: 1025C61A83: client=unknown[210.95.204.3]
Mar  1 00:19:37 avas postfix/smtpd[2737]: lost connection after RCPT from unknown[210.95.204.3]
Mar  1 00:19:37 avas postfix/smtpd[2737]: disconnect from unknown[210.95.204.3]
Mar  1 00:19:40 avas postfix/smtpd[2314]: connect from unknown[210.117.108.66]
Mar  1 00:19:44 avas postfix/smtpd[2610]: warning: 208.37.192.234: address not listed for hostname globrite.com
Mar  1 00:19:44 avas postfix/smtpd[2610]: connect from unknown[208.37.192.234]
Mar  1 00:19:44 avas postfix/smtpd[2610]: disconnect from unknown[208.37.192.234]
Mar  1 00:19:44 avas postfix/cleanup[2412]: B2F1461AA4: message-id=<20040301081934.B2F1461AA4@avas.example.com>
Mar  1 00:19:45 avas postfix/qmgr[23698]: B2F1461AA4: from=<WPTTIx@anuncia.com>, size=12096, nrcpt=1 (queue active)
Mar  1 00:19:45 avas postfix/smtpd[2769]: disconnect from cpe-4-251.cm-dynip.usadig.com[216.187.173.251]
Mar  1 00:19:48 avas postfix/smtpd[2410]: connect from h00045a7f639a.ne.client2.attbi.com[24.61.100.139]
Mar  1 00:19:49 avas amavis[2627]: (02627-03) Not-Delivered, <WPTTIx@anuncia.com> -> <kennedy@example.com>, quarantine spam-484b8cda783881a69b59e5f6ef8b9310-20040301-001949-02627-03, Message-ID: <20040301081934.B2F1461AA4@avas.example.com>, Hits: 21.959
Mar  1 00:19:49 avas postfix/smtp[2791]: B2F1461AA4: to=<kennedy@example.com>, relay=127.0.0.1[127.0.0.1], delay=15, status=sent (250 2.7.1 Ok, discarded, UBE, id=02627-03)
Mar  1 00:19:57 avas postfix/smtpd[2411]: connect from unknown[61.248.1.179]
Mar  1 00:19:58 avas postfix/smtpd[2410]: 7C98B61A83: client=h00045a7f639a.ne.client2.attbi.com[24.61.100.139]
Mar  1 00:19:59 avas postfix/smtpd[2737]: warning: 208.37.192.234: address not listed for hostname globrite.com
Mar  1 00:19:59 avas postfix/smtpd[2737]: connect from unknown[208.37.192.234]
Mar  1 00:19:59 avas postfix/smtpd[2737]: disconnect from unknown[208.37.192.234]
Mar  1 00:20:00 avas postfix/smtpd[2314]: 746DD61AA4: client=unknown[210.117.108.66]
Mar  1 00:20:02 avas postfix/smtpd[2314]: lost connection after RCPT from unknown[210.117.108.66]
Mar  1 00:20:02 avas postfix/smtpd[2314]: disconnect from unknown[210.117.108.66]
Mar  1 00:20:03 avas postfix/smtpd[2411]: DFFB061AA4: client=unknown[61.248.1.179]
Mar  1 00:20:07 avas postfix/smtpd[2410]: disconnect from h00045a7f639a.ne.client2.attbi.com[24.61.100.139]
Mar  1 00:20:11 avas postfix/smtpd[2413]: connect from unknown[211.147.224.46]
Mar  1 00:20:11 avas postfix/smtpd[2413]: lost connection after CONNECT from unknown[211.147.224.46]
Mar  1 00:20:11 avas postfix/smtpd[2413]: disconnect from unknown[211.147.224.46]
Mar  1 00:20:12 avas postfix/smtpd[2610]: connect from c-24-126-46-9.we.client2.attbi.com[24.126.46.9]
Mar  1 00:20:12 avas postfix/smtpd[2411]: lost connection after RCPT from unknown[61.248.1.179]
Mar  1 00:20:12 avas postfix/smtpd[2411]: disconnect from unknown[61.248.1.179]
Mar  1 00:20:12 avas postfix/smtpd[2610]: CEE5261A83: client=c-24-126-46-9.we.client2.attbi.com[24.126.46.9]
Mar  1 00:20:14 avas postfix/smtpd[2737]: warning: 208.37.192.234: address not listed for hostname globrite.com
Mar  1 00:20:14 avas postfix/smtpd[2737]: connect from unknown[208.37.192.234]
Mar  1 00:20:14 avas postfix/smtpd[2737]: disconnect from unknown[208.37.192.234]
Mar  1 00:20:14 avas postfix/smtpd[2413]: connect from unknown[218.22.163.66]
Mar  1 00:20:17 avas postfix/smtpd[2610]: disconnect from c-24-126-46-9.we.client2.attbi.com[24.126.46.9]
Mar  1 00:20:20 avas postfix/smtpd[2413]: 69A2661A83: client=unknown[218.22.163.66]
Mar  1 00:20:26 avas postfix/smtpd[2413]: lost connection after RCPT from unknown[218.22.163.66]
Mar  1 00:20:26 avas postfix/smtpd[2413]: disconnect from unknown[218.22.163.66]
Mar  1 00:20:27 avas postfix/smtpd[2769]: connect from umsan1.unitedmedia.com[65.114.4.75]
Mar  1 00:20:28 avas postfix/smtpd[2769]: 589C961A83: client=umsan1.unitedmedia.com[65.114.4.75]
Mar  1 00:20:29 avas postfix/smtpd[2411]: warning: 208.37.192.234: address not listed for hostname globrite.com
Mar  1 00:20:29 avas postfix/smtpd[2411]: connect from unknown[208.37.192.234]
Mar  1 00:20:29 avas postfix/cleanup[2325]: 589C961A83: message-id=<LYRIS-505531-26488-2004.03.01-02.11.03--bowmanj#example.com@umsan1.unitedmedia.com>
Mar  1 00:20:29 avas postfix/smtpd[2411]: disconnect from unknown[208.37.192.234]
Mar  1 00:20:29 avas postfix/qmgr[23698]: 589C961A83: from=<bounce-26488-505531@umsan1.unitedmedia.com>, size=14618, nrcpt=1 (queue active)
Mar  1 00:20:30 avas postfix/smtpd[2769]: disconnect from umsan1.unitedmedia.com[65.114.4.75]
Mar  1 00:20:36 avas postfix/smtpd[2887]: connect from avas.example.com[127.0.0.1]
Mar  1 00:20:36 avas postfix/smtpd[2887]: 90C0B61AA4: client=avas.example.com[127.0.0.1]
Mar  1 00:20:36 avas postfix/cleanup[2324]: 90C0B61AA4: message-id=<LYRIS-505531-26488-2004.03.01-02.11.03--bowmanj#example.com@umsan1.unitedmedia.com>
Mar  1 00:20:36 avas postfix/qmgr[23698]: 90C0B61AA4: from=<bounce-26488-505531@umsan1.unitedmedia.com>, size=15009, nrcpt=1 (queue active)
Mar  1 00:20:36 avas postfix/smtpd[2887]: disconnect from avas.example.com[127.0.0.1]
Mar  1 00:20:36 avas amavis[2166]: (02166-10) Passed, <bounce-26488-505531@umsan1.unitedmedia.com> -> <bowmanj@example.com>, Message-ID: <LYRIS-505531-26488-2004.03.01-02.11.03--bowmanj#example.com@umsan1.unitedmedia.com>, Hits: 0.816
Mar  1 00:20:36 avas postfix/smtp[2791]: 589C961A83: to=<bowmanj@example.com>, relay=127.0.0.1[127.0.0.1], delay=8, status=sent (250 2.6.0 Ok, id=02166-10, from MTA: 250 Ok: queued as 90C0B61AA4)
Mar  1 00:20:36 avas postfix/smtp[2888]: 90C0B61AA4: to=<bowmanj@example.com>, relay=10.0.0.251[10.0.0.251], delay=0, status=sent (250 Command DATA Processed mail data Ok)
Mar  1 00:20:44 avas postfix/smtpd[2737]: warning: 208.37.192.234: address not listed for hostname globrite.com
Mar  1 00:20:44 avas postfix/smtpd[2737]: connect from unknown[208.37.192.234]
Mar  1 00:20:44 avas postfix/smtpd[2737]: disconnect from unknown[208.37.192.234]
Mar  1 00:20:47 avas postfix/smtpd[2413]: warning: 208.37.192.234: address not listed for hostname globrite.com
Mar  1 00:20:47 avas postfix/smtpd[2413]: connect from unknown[208.37.192.234]
Mar  1 00:20:48 avas postfix/smtpd[2610]: connect from athe530-m038.otenet.gr[212.205.248.38]
Mar  1 00:20:48 avas postfix/smtpd[2413]: disconnect from unknown[208.37.192.234]
Mar  1 00:20:48 avas postfix/smtpd[2314]: warning: 208.37.192.234: address not listed for hostname globrite.com
Mar  1 00:20:48 avas postfix/smtpd[2314]: connect from unknown[208.37.192.234]
Mar  1 00:20:48 avas postfix/smtpd[2314]: disconnect from unknown[208.37.192.234]
Mar  1 00:20:50 avas postfix/smtpd[2610]: 5114E61A83: client=athe530-m038.otenet.gr[212.205.248.38]
Mar  1 00:20:55 avas postfix/smtpd[2610]: disconnect from athe530-m038.otenet.gr[212.205.248.38]
Mar  1 00:20:56 avas postfix/smtpd[2410]: connect from nk210-203-70-245.adsl.fx.apol.com.tw[210.203.70.245]
Mar  1 00:20:56 avas postfix/smtpd[2411]: connect from host83-145.pool217141.interbusiness.it[217.141.145.83]
Mar  1 00:20:57 avas postfix/smtpd[2410]: 162FD61A83: client=nk210-203-70-245.adsl.fx.apol.com.tw[210.203.70.245]
Mar  1 00:20:59 avas postfix/smtpd[2410]: lost connection after RCPT from nk210-203-70-245.adsl.fx.apol.com.tw[210.203.70.245]
Mar  1 00:20:59 avas postfix/smtpd[2410]: disconnect from nk210-203-70-245.adsl.fx.apol.com.tw[210.203.70.245]
Mar  1 00:21:00 avas postfix/smtpd[2411]: 64CD161A83: client=host83-145.pool217141.interbusiness.it[217.141.145.83]
Mar  1 00:21:01 avas postfix/smtpd[2769]: connect from unknown[24.83.92.5]
Mar  1 00:21:02 avas postfix/smtpd[2769]: 107D361AA4: client=unknown[24.83.92.5]
Mar  1 00:21:03 avas postfix/smtpd[2769]: disconnect from unknown[24.83.92.5]
Mar  1 00:21:03 avas postfix/smtpd[2737]: warning: 208.37.192.234: address not listed for hostname globrite.com
Mar  1 00:21:03 avas postfix/smtpd[2737]: connect from unknown[208.37.192.234]
Mar  1 00:21:03 avas postfix/smtpd[2737]: disconnect from unknown[208.37.192.234]
Mar  1 00:21:12 avas postfix/smtpd[2413]: connect from unknown[61.171.22.56]
Mar  1 00:21:15 avas postfix/smtpd[2314]: connect from unknown[218.158.196.195]
Mar  1 00:21:15 avas postfix/smtpd[2314]: EF5F061AA4: client=unknown[218.158.196.195]
Mar  1 00:21:16 avas postfix/smtpd[2413]: 9455F61AA6: client=unknown[61.171.22.56]
Mar  1 00:21:18 avas postfix/cleanup[2412]: EF5F061AA4: message-id=<EEFPKVHTZKMDCRIARHSEXB@cox.net>
Mar  1 00:21:18 avas postfix/qmgr[23698]: EF5F061AA4: from=<ferrer@comcast.net>, size=1885, nrcpt=1 (queue active)
Mar  1 00:21:18 avas postfix/smtpd[2737]: warning: 208.37.192.234: address not listed for hostname globrite.com
Mar  1 00:21:18 avas postfix/smtpd[2737]: connect from unknown[208.37.192.234]
Mar  1 00:21:18 avas postfix/smtpd[2314]: disconnect from unknown[218.158.196.195]
Mar  1 00:21:19 avas postfix/smtpd[2737]: disconnect from unknown[208.37.192.234]
Mar  1 00:21:23 avas postfix/smtpd[2413]: disconnect from unknown[61.171.22.56]
Mar  1 00:21:24 avas postfix/smtpd[2411]: 52D0E61A83: client=host83-145.pool217141.interbusiness.it[217.141.145.83]
Mar  1 00:21:29 avas amavis[2313]: (02313-07) Not-Delivered, <ferrer@comcast.net> -> <ancheta@example.com>, quarantine spam-d2e2d0e9494b5ab89eb387b6b836f381-20040301-002129-02313-07, Message-ID: <EEFPKVHTZKMDCRIARHSEXB@cox.net>, Hits: 16.34
Mar  1 00:21:29 avas postfix/smtp[2791]: EF5F061AA4: to=<ancheta@example.com>, relay=127.0.0.1[127.0.0.1], delay=14, status=sent (250 2.7.1 Ok, discarded, UBE, id=02313-07)
Mar  1 00:21:30 avas postfix/smtpd[2610]: connect from unknown[210.94.122.7]
Mar  1 00:21:32 avas postfix/smtpd[2610]: 43D3F61AA4: client=unknown[210.94.122.7]
Mar  1 00:21:33 avas postfix/smtpd[2769]: warning: 208.37.192.234: address not listed for hostname globrite.com
Mar  1 00:21:33 avas postfix/smtpd[2769]: connect from unknown[208.37.192.234]
Mar  1 00:21:33 avas postfix/smtpd[2769]: disconnect from unknown[208.37.192.234]
Mar  1 00:21:34 avas postfix/smtpd[2410]: connect from unknown[211.109.60.126]
Mar  1 00:21:34 avas postfix/smtpd[2410]: lost connection after CONNECT from unknown[211.109.60.126]
Mar  1 00:21:34 avas postfix/smtpd[2410]: disconnect from unknown[211.109.60.126]
Mar  1 00:21:34 avas postfix/smtpd[2610]: lost connection after RCPT from unknown[210.94.122.7]
Mar  1 00:21:34 avas postfix/smtpd[2610]: disconnect from unknown[210.94.122.7]
Mar  1 00:21:34 avas postfix/smtpd[2314]: connect from usen-221x248x213x62.ap-US01.usen.ad.jp[221.248.213.62]
Mar  1 00:21:35 avas postfix/smtpd[2314]: 9686B61AA4: client=usen-221x248x213x62.ap-US01.usen.ad.jp[221.248.213.62]
Mar  1 00:21:37 avas postfix/smtpd[2411]: disconnect from host83-145.pool217141.interbusiness.it[217.141.145.83]
Mar  1 00:21:37 avas postfix/smtpd[2314]: lost connection after RCPT from usen-221x248x213x62.ap-US01.usen.ad.jp[221.248.213.62]
Mar  1 00:21:37 avas postfix/smtpd[2314]: disconnect from usen-221x248x213x62.ap-US01.usen.ad.jp[221.248.213.62]
Mar  1 00:21:39 avas postfix/smtpd[2737]: connect from unknown[219.147.243.80]
Mar  1 00:21:42 avas postfix/smtpd[2737]: 10F1E61A83: client=unknown[219.147.243.80]
Mar  1 00:21:45 avas postfix/smtpd[2737]: lost connection after RCPT from unknown[219.147.243.80]
Mar  1 00:21:45 avas postfix/smtpd[2737]: disconnect from unknown[219.147.243.80]
Mar  1 00:21:47 avas postfix/smtpd[2769]: connect from unknown[211.75.28.99]
Mar  1 00:21:47 avas postfix/smtpd[2410]: connect from mia10.ediets.com[216.52.164.210]
Mar  1 00:21:48 avas postfix/smtpd[2410]: 311F061A83: client=mia10.ediets.com[216.52.164.210]
Mar  1 00:21:48 avas postfix/smtpd[2769]: 73EB661AA4: client=unknown[211.75.28.99]
Mar  1 00:21:48 avas postfix/cleanup[2325]: 311F061A83: message-id=<19516162.1078129307314.JavaMail.root@dbmia40>
Mar  1 00:21:48 avas postfix/smtpd[2610]: warning: 208.37.192.234: address not listed for hostname globrite.com
Mar  1 00:21:48 avas postfix/smtpd[2610]: connect from unknown[208.37.192.234]
Mar  1 00:21:48 avas postfix/smtpd[2610]: disconnect from unknown[208.37.192.234]
Mar  1 00:21:49 avas postfix/qmgr[23698]: 311F061A83: from=<bounce-jacwwacapxjc@customer.ediets.com>, size=48048, nrcpt=1 (queue active)
Mar  1 00:21:50 avas postfix/smtpd[2769]: lost connection after RCPT from unknown[211.75.28.99]
Mar  1 00:21:50 avas postfix/smtpd[2769]: disconnect from unknown[211.75.28.99]
Mar  1 00:21:51 avas postfix/smtpd[2411]: connect from unknown[61.253.142.181]
Mar  1 00:21:52 avas postfix/smtpd[2411]: AC24561AA4: client=unknown[61.253.142.181]
Mar  1 00:21:54 avas postfix/smtpd[2410]: disconnect from mia10.ediets.com[216.52.164.210]
Mar  1 00:21:55 avas postfix/smtpd[2411]: lost connection after RCPT from unknown[61.253.142.181]
Mar  1 00:21:55 avas postfix/smtpd[2411]: disconnect from unknown[61.253.142.181]
Mar  1 00:21:56 avas postfix/smtpd[2314]: connect from unknown[218.23.240.46]
Mar  1 00:21:58 avas postfix/smtpd[2314]: 8DF4861AA4: client=unknown[218.23.240.46]
Mar  1 00:22:00 avas amavis[2430]: (02430-06) Not-Delivered, <bounce-jacwwacapxjc@customer.ediets.com> -> <herberta@example.com>, quarantine spam-1d6252116ede98ae7395440452da1c5f-20040301-002200-02430-06, Message-ID: <19516162.1078129307314.JavaMail.root@dbmia40>, Hits: 14.879
Mar  1 00:22:00 avas postfix/smtp[2791]: 311F061A83: to=<herberta@example.com>, relay=127.0.0.1[127.0.0.1], delay=12, status=sent (250 2.7.1 Ok, discarded, UBE, id=02430-06)
Mar  1 00:22:01 avas postfix/smtpd[2413]: connect from unknown[61.149.95.123]
Mar  1 00:22:01 avas postfix/smtpd[2737]: connect from pD9EB557F.dip.t-dialin.net[217.235.85.127]
Mar  1 00:22:02 avas postfix/smtpd[2314]: lost connection after RCPT from unknown[218.23.240.46]
Mar  1 00:22:02 avas postfix/smtpd[2314]: disconnect from unknown[218.23.240.46]
Mar  1 00:22:03 avas postfix/smtpd[2413]: 5C66461A83: client=unknown[61.149.95.123]
Mar  1 00:22:03 avas postfix/smtpd[2769]: warning: 208.37.192.234: address not listed for hostname globrite.com
Mar  1 00:22:03 avas postfix/smtpd[2769]: connect from unknown[208.37.192.234]
Mar  1 00:22:04 avas postfix/smtpd[2769]: disconnect from unknown[208.37.192.234]
Mar  1 00:22:05 avas postfix/smtpd[2737]: 2279F61AA4: client=pD9EB557F.dip.t-dialin.net[217.235.85.127]
Mar  1 00:22:06 avas postfix/smtpd[2410]: connect from unknown[210.205.146.58]
Mar  1 00:22:07 avas postfix/smtpd[2410]: EF41661AA6: client=unknown[210.205.146.58]
Mar  1 00:22:09 avas postfix/smtpd[2737]: disconnect from pD9EB557F.dip.t-dialin.net[217.235.85.127]
Mar  1 00:22:10 avas postfix/smtpd[2413]: disconnect from unknown[61.149.95.123]
Mar  1 00:22:11 avas postfix/smtpd[2610]: connect from r254054.ap.plala.or.jp[220.108.254.54]
Mar  1 00:22:11 avas postfix/smtpd[2610]: D4F5461A83: client=r254054.ap.plala.or.jp[220.108.254.54]
Mar  1 00:22:13 avas postfix/smtpd[2411]: connect from unknown[218.190.188.148]
Mar  1 00:22:13 avas postfix/smtpd[2410]: lost connection after RCPT from unknown[210.205.146.58]
Mar  1 00:22:13 avas postfix/smtpd[2410]: disconnect from unknown[210.205.146.58]
Mar  1 00:22:14 avas postfix/smtpd[2610]: lost connection after RCPT from r254054.ap.plala.or.jp[220.108.254.54]
Mar  1 00:22:14 avas postfix/smtpd[2610]: disconnect from r254054.ap.plala.or.jp[220.108.254.54]
Mar  1 00:22:17 avas postfix/smtpd[2314]: connect from unknown[202.152.32.198]
Mar  1 00:22:17 avas postfix/smtpd[2411]: 76EA661A83: client=unknown[218.190.188.148]
Mar  1 00:22:18 avas postfix/smtpd[2737]: warning: 208.37.192.234: address not listed for hostname globrite.com
Mar  1 00:22:18 avas postfix/smtpd[2737]: connect from unknown[208.37.192.234]
Mar  1 00:22:19 avas postfix/smtpd[2737]: disconnect from unknown[208.37.192.234]
Mar  1 00:22:21 avas postfix/smtpd[2413]: warning: 208.37.192.234: address not listed for hostname globrite.com
Mar  1 00:22:21 avas postfix/smtpd[2413]: connect from unknown[208.37.192.234]
Mar  1 00:22:21 avas postfix/smtpd[2413]: disconnect from unknown[208.37.192.234]
Mar  1 00:22:22 avas postfix/smtpd[2411]: lost connection after RCPT from unknown[218.190.188.148]
Mar  1 00:22:22 avas postfix/smtpd[2411]: disconnect from unknown[218.190.188.148]
Mar  1 00:22:22 avas postfix/smtpd[2314]: 9196F61A83: client=unknown[202.152.32.198]
Mar  1 00:22:24 avas postfix/smtpd[2610]: connect from unknown[140.121.182.193]
Mar  1 00:22:26 avas postfix/smtpd[2610]: 1F35561AA4: client=unknown[140.121.182.193]
Mar  1 00:22:27 avas postfix/smtpd[2314]: lost connection after RCPT from unknown[202.152.32.198]
Mar  1 00:22:27 avas postfix/smtpd[2314]: disconnect from unknown[202.152.32.198]
Mar  1 00:22:28 avas postfix/smtpd[2737]: connect from mail3068.flowgo.com[12.129.205.68]
Mar  1 00:22:28 avas postfix/smtpd[2737]: 3F00B61A83: client=mail3068.flowgo.com[12.129.205.68]
Mar  1 00:22:30 avas postfix/smtpd[2610]: lost connection after RCPT from unknown[140.121.182.193]
Mar  1 00:22:30 avas postfix/smtpd[2610]: disconnect from unknown[140.121.182.193]
Mar  1 00:22:30 avas postfix/smtpd[2737]: disconnect from mail3068.flowgo.com[12.129.205.68]
Mar  1 00:22:36 avas postfix/smtpd[2413]: warning: 208.37.192.234: address not listed for hostname globrite.com
Mar  1 00:22:36 avas postfix/smtpd[2413]: connect from unknown[208.37.192.234]
Mar  1 00:22:36 avas postfix/smtpd[2413]: disconnect from unknown[208.37.192.234]
Mar  1 00:22:40 avas postfix/smtpd[2410]: connect from unknown[210.96.173.17]
Mar  1 00:22:41 avas postfix/smtpd[2410]: 4C0BD61A83: client=unknown[210.96.173.17]
Mar  1 00:22:42 avas postfix/smtpd[2769]: connect from host-46-210-220-24.midco.net[24.220.210.46]
Mar  1 00:22:42 avas postfix/smtpd[2769]: DB4AF61AA4: client=host-46-210-220-24.midco.net[24.220.210.46]
Mar  1 00:22:43 avas postfix/smtpd[2410]: lost connection after RCPT from unknown[210.96.173.17]
Mar  1 00:22:43 avas postfix/smtpd[2410]: disconnect from unknown[210.96.173.17]
Mar  1 00:22:43 avas postfix/smtpd[2411]: connect from unknown[211.90.171.19]
Mar  1 00:22:45 avas postfix/smtpd[2314]: connect from unknown[210.205.204.180]
Mar  1 00:22:45 avas postfix/smtpd[2411]: D689561A83: client=unknown[211.90.171.19]
Mar  1 00:22:46 avas postfix/smtpd[2314]: 60F3661AA6: client=unknown[210.205.204.180]
Mar  1 00:22:46 avas postfix/smtpd[2610]: connect from adsl-68-88-201-178.dsl.rcsntx.swbell.net[68.88.201.178]
Mar  1 00:22:47 avas postfix/smtpd[2610]: 49B2861AAF: client=adsl-68-88-201-178.dsl.rcsntx.swbell.net[68.88.201.178]
Mar  1 00:22:47 avas postfix/smtpd[2769]: disconnect from host-46-210-220-24.midco.net[24.220.210.46]
Mar  1 00:22:48 avas postfix/smtpd[2411]: lost connection after RCPT from unknown[211.90.171.19]
Mar  1 00:22:48 avas postfix/smtpd[2411]: disconnect from unknown[211.90.171.19]
Mar  1 00:22:48 avas postfix/smtpd[2737]: connect from unknown[61.171.38.77]
Mar  1 00:22:48 avas postfix/smtpd[2314]: lost connection after RCPT from unknown[210.205.204.180]
Mar  1 00:22:48 avas postfix/smtpd[2314]: disconnect from unknown[210.205.204.180]
Mar  1 00:22:49 avas postfix/smtpd[2610]: lost connection after RCPT from adsl-68-88-201-178.dsl.rcsntx.swbell.net[68.88.201.178]
Mar  1 00:22:49 avas postfix/smtpd[2610]: disconnect from adsl-68-88-201-178.dsl.rcsntx.swbell.net[68.88.201.178]
Mar  1 00:22:50 avas postfix/smtpd[2737]: C918561A83: client=unknown[61.171.38.77]
Mar  1 00:22:50 avas postfix/smtpd[2413]: connect from unknown[211.111.107.162]
Mar  1 00:22:51 avas postfix/smtpd[2410]: warning: 208.37.192.234: address not listed for hostname globrite.com
Mar  1 00:22:51 avas postfix/smtpd[2410]: connect from unknown[208.37.192.234]
Mar  1 00:22:51 avas postfix/smtpd[2410]: disconnect from unknown[208.37.192.234]
Mar  1 00:22:59 avas postfix/smtpd[2737]: disconnect from unknown[61.171.38.77]
Mar  1 00:23:00 avas postfix/smtpd[2769]: connect from mil2.mila72.com[207.127.132.86]
Mar  1 00:23:03 avas postfix/smtpd[2769]: 178CD61A83: client=mil2.mila72.com[207.127.132.86]
Mar  1 00:23:06 avas postfix/smtpd[2411]: connect from sj01-net01-194.godspeedhosting.com[209.247.220.194]
Mar  1 00:23:06 avas postfix/smtpd[2411]: 205D361AA4: client=sj01-net01-194.godspeedhosting.com[209.247.220.194]
Mar  1 00:23:06 avas postfix/smtpd[2314]: warning: 208.37.192.234: address not listed for hostname globrite.com
Mar  1 00:23:06 avas postfix/smtpd[2314]: connect from unknown[208.37.192.234]
Mar  1 00:23:06 avas postfix/smtpd[2314]: disconnect from unknown[208.37.192.234]
Mar  1 00:23:07 avas postfix/cleanup[2603]: 205D361AA4: message-id=<20040301082306.205D361AA4@avas.example.com>
Mar  1 00:23:07 avas postfix/qmgr[23698]: 205D361AA4: from=<return9559610@bounce01.godspeedhosting.com>, size=8148, nrcpt=1 (queue active)
Mar  1 00:23:07 avas postfix/smtpd[2411]: disconnect from sj01-net01-194.godspeedhosting.com[209.247.220.194]
Mar  1 00:23:08 avas postfix/smtpd[2906]: connect from avas.example.com[127.0.0.1]
Mar  1 00:23:08 avas postfix/smtpd[2906]: 646CB61AA6: client=avas.example.com[127.0.0.1]
Mar  1 00:23:08 avas postfix/cleanup[2324]: 646CB61AA6: message-id=<20040301082306.205D361AA4@avas.example.com>
Mar  1 00:23:08 avas postfix/qmgr[23698]: 646CB61AA6: from=<return9559610@bounce01.godspeedhosting.com>, size=8526, nrcpt=1 (queue active)
Mar  1 00:23:08 avas postfix/smtpd[2906]: disconnect from avas.example.com[127.0.0.1]
Mar  1 00:23:08 avas amavis[2627]: (02627-04) Passed, <return9559610@bounce01.godspeedhosting.com> -> <tetreauc@example.com>, Message-ID: <20040301082306.205D361AA4@avas.example.com>, Hits: 3.457
Mar  1 00:23:08 avas postfix/smtp[2791]: 205D361AA4: to=<tetreauc@example.com>, relay=127.0.0.1[127.0.0.1], delay=2, status=sent (250 2.6.0 Ok, id=02627-04, from MTA: 250 Ok: queued as 646CB61AA6)
Mar  1 00:23:08 avas postfix/smtp[2907]: 646CB61AA6: to=<tetreauc@example.com>, relay=10.0.0.251[10.0.0.251], delay=0, status=sent (250 Command DATA Processed mail data Ok)
Mar  1 00:23:11 avas postfix/smtpd[2413]: lost connection after HELO from unknown[211.111.107.162]
Mar  1 00:23:11 avas postfix/smtpd[2413]: disconnect from unknown[211.111.107.162]
Mar  1 00:23:13 avas postfix/smtpd[2610]: warning: 208.37.192.234: address not listed for hostname globrite.com
Mar  1 00:23:13 avas postfix/smtpd[2610]: connect from unknown[208.37.192.234]
Mar  1 00:23:13 avas postfix/smtpd[2610]: disconnect from unknown[208.37.192.234]
Mar  1 00:23:17 avas postfix/smtpd[2410]: warning: 208.37.192.234: address not listed for hostname globrite.com
Mar  1 00:23:17 avas postfix/smtpd[2410]: connect from unknown[208.37.192.234]
Mar  1 00:23:17 avas postfix/smtpd[2410]: disconnect from unknown[208.37.192.234]
Mar  1 00:23:23 avas postfix/smtpd[2737]: connect from ca-stmnca-cuda1-c3c-139.stmnca.adelphia.net[68.66.184.139]
Mar  1 00:23:24 avas postfix/cleanup[2412]: 178CD61A83: message-id=<1_1_71364911_5964@dtj36.junk-food.com>
Mar  1 00:23:25 avas postfix/smtpd[2737]: 7D91961AA4: client=ca-stmnca-cuda1-c3c-139.stmnca.adelphia.net[68.66.184.139]
Mar  1 00:23:26 avas postfix/qmgr[23698]: 178CD61A83: from=<Joke-Of-The-Day.-return-1-1-71364911-vutbhVi41B25GeTS-5964@dtj36.junk-food.com>, size=12945, nrcpt=1 (queue active)
Mar  1 00:23:28 avas postfix/smtpd[2737]: lost connection after RCPT from ca-stmnca-cuda1-c3c-139.stmnca.adelphia.net[68.66.184.139]
Mar  1 00:23:28 avas postfix/smtpd[2737]: disconnect from ca-stmnca-cuda1-c3c-139.stmnca.adelphia.net[68.66.184.139]
Mar  1 00:23:28 avas postfix/smtpd[2314]: connect from cm61-15-123-38.hkcable.com.hk[61.15.123.38]
Mar  1 00:23:29 avas postfix/smtpd[2314]: D92AA61AA4: client=cm61-15-123-38.hkcable.com.hk[61.15.123.38]
Mar  1 00:23:32 avas postfix/smtpd[2411]: warning: 208.37.192.234: address not listed for hostname globrite.com
Mar  1 00:23:32 avas postfix/smtpd[2411]: connect from unknown[208.37.192.234]
Mar  1 00:23:32 avas postfix/smtpd[2314]: lost connection after RCPT from cm61-15-123-38.hkcable.com.hk[61.15.123.38]
Mar  1 00:23:32 avas postfix/smtpd[2314]: disconnect from cm61-15-123-38.hkcable.com.hk[61.15.123.38]
Mar  1 00:23:32 avas postfix/smtpd[2411]: disconnect from unknown[208.37.192.234]
Mar  1 00:23:32 avas postfix/smtpd[2769]: disconnect from mil2.mila72.com[207.127.132.86]
Mar  1 00:23:42 avas amavis[2889]: (02889-01) Not-Delivered, <Joke-Of-The-Day.-return-1-1-71364911-vutbhVi41B25GeTS-5964@dtj36.junk-food.com> -> <ovington@example.com>, quarantine spam-4da5ce03d3148f6561f7b465cfe814c2-20040301-002342-02889-01, Message-ID: <1_1_71364911_5964@dtj36.junk-food.com>, Hits: 13.824
Mar  1 00:23:42 avas postfix/smtp[2791]: 178CD61A83: to=<ovington@example.com>, relay=127.0.0.1[127.0.0.1], delay=39, status=sent (250 2.7.1 Ok, discarded, UBE, id=02889-01)
Mar  1 00:23:47 avas postfix/smtpd[2413]: warning: 208.37.192.234: address not listed for hostname globrite.com
Mar  1 00:23:47 avas postfix/smtpd[2413]: connect from unknown[208.37.192.234]
Mar  1 00:23:47 avas postfix/smtpd[2413]: disconnect from unknown[208.37.192.234]
Mar  1 00:23:50 avas postfix/smtpd[2610]: connect from c-24-11-13-12.client.comcast.net[24.11.13.12]
Mar  1 00:23:51 avas postfix/smtpd[2610]: AED1D61A83: client=c-24-11-13-12.client.comcast.net[24.11.13.12]
Mar  1 00:23:55 avas postfix/smtpd[2610]: lost connection after RCPT from c-24-11-13-12.client.comcast.net[24.11.13.12]
Mar  1 00:23:55 avas postfix/smtpd[2610]: disconnect from c-24-11-13-12.client.comcast.net[24.11.13.12]
Mar  1 00:23:59 avas postfix/smtpd[2410]: warning: 208.37.192.234: address not listed for hostname globrite.com
Mar  1 00:23:59 avas postfix/smtpd[2410]: connect from unknown[208.37.192.234]
Mar  1 00:23:59 avas postfix/smtpd[2410]: disconnect from unknown[208.37.192.234]
Mar  1 00:24:03 avas postfix/smtpd[2737]: connect from h24-84-4-191.vs.shawcable.net[24.84.4.191]
Mar  1 00:24:03 avas postfix/smtpd[2737]: D703A61A83: client=h24-84-4-191.vs.shawcable.net[24.84.4.191]
Mar  1 00:24:05 avas postfix/smtpd[2411]: connect from unknown[210.205.160.186]
Mar  1 00:24:06 avas postfix/smtpd[2737]: lost connection after RCPT from h24-84-4-191.vs.shawcable.net[24.84.4.191]
Mar  1 00:24:06 avas postfix/smtpd[2737]: disconnect from h24-84-4-191.vs.shawcable.net[24.84.4.191]
Mar  1 00:24:06 avas postfix/smtpd[2411]: CABC161A83: client=unknown[210.205.160.186]
Mar  1 00:24:13 avas postfix/smtpd[2411]: lost connection after RCPT from unknown[210.205.160.186]
Mar  1 00:24:13 avas postfix/smtpd[2411]: disconnect from unknown[210.205.160.186]
Mar  1 00:24:13 avas postfix/smtpd[2769]: connect from unknown[211.107.154.195]
Mar  1 00:24:14 avas postfix/smtpd[2413]: warning: 208.37.192.234: address not listed for hostname globrite.com
Mar  1 00:24:14 avas postfix/smtpd[2413]: connect from unknown[208.37.192.234]
Mar  1 00:24:14 avas postfix/smtpd[2413]: disconnect from unknown[208.37.192.234]
Mar  1 00:24:15 avas postfix/smtpd[2769]: 8A8A861A83: client=unknown[211.107.154.195]
Mar  1 00:24:17 avas postfix/smtpd[2769]: lost connection after RCPT from unknown[211.107.154.195]
Mar  1 00:24:17 avas postfix/smtpd[2769]: disconnect from unknown[211.107.154.195]
Mar  1 00:24:29 avas postfix/smtpd[2610]: warning: 208.37.192.234: address not listed for hostname globrite.com
Mar  1 00:24:29 avas postfix/smtpd[2610]: connect from unknown[208.37.192.234]
Mar  1 00:24:30 avas postfix/smtpd[2610]: disconnect from unknown[208.37.192.234]
Mar  1 00:24:40 avas postfix/smtpd[2410]: connect from 65-57-173-180.seaturtlemail.com[65.57.173.180]
Mar  1 00:24:40 avas postfix/smtpd[2410]: B79C561A83: client=65-57-173-180.seaturtlemail.com[65.57.173.180]
Mar  1 00:24:42 avas postfix/smtpd[2410]: disconnect from 65-57-173-180.seaturtlemail.com[65.57.173.180]
Mar  1 00:24:43 avas postfix/smtpd[2314]: connect from unknown[211.110.203.197]
Mar  1 00:24:44 avas postfix/smtpd[2737]: warning: 208.37.192.234: address not listed for hostname globrite.com
Mar  1 00:24:44 avas postfix/smtpd[2737]: connect from unknown[208.37.192.234]
Mar  1 00:24:45 avas postfix/smtpd[2737]: disconnect from unknown[208.37.192.234]
Mar  1 00:24:45 avas postfix/smtpd[2413]: connect from 64-144-31-242.client.dsl.net[64.144.31.242]
Mar  1 00:24:46 avas postfix/smtpd[2413]: 45ACD61A83: client=64-144-31-242.client.dsl.net[64.144.31.242]
Mar  1 00:24:47 avas postfix/smtpd[2413]: disconnect from 64-144-31-242.client.dsl.net[64.144.31.242]
Mar  1 00:24:59 avas postfix/smtpd[2769]: warning: 208.37.192.234: address not listed for hostname globrite.com
Mar  1 00:24:59 avas postfix/smtpd[2769]: connect from unknown[208.37.192.234]
Mar  1 00:25:00 avas postfix/smtpd[2769]: disconnect from unknown[208.37.192.234]
Mar  1 00:25:05 avas postfix/smtpd[2411]: connect from unknown[61.107.22.113]
Mar  1 00:25:05 avas postfix/smtpd[2610]: connect from c-67-173-75-21.client.comcast.net[67.173.75.21]
Mar  1 00:25:06 avas postfix/smtpd[2610]: 454DD61A83: client=c-67-173-75-21.client.comcast.net[67.173.75.21]
Mar  1 00:25:06 avas postfix/smtpd[2411]: 6473061AA4: client=unknown[61.107.22.113]
Mar  1 00:25:08 avas postfix/smtpd[2610]: disconnect from c-67-173-75-21.client.comcast.net[67.173.75.21]
Mar  1 00:25:09 avas postfix/smtpd[2411]: lost connection after RCPT from unknown[61.107.22.113]
Mar  1 00:25:09 avas postfix/smtpd[2411]: disconnect from unknown[61.107.22.113]
Mar  1 00:25:12 avas postfix/smtpd[2314]: 2581661A83: client=unknown[211.110.203.197]
Mar  1 00:25:12 avas postfix/smtpd[2314]: lost connection after MAIL from unknown[211.110.203.197]
Mar  1 00:25:12 avas postfix/smtpd[2314]: disconnect from unknown[211.110.203.197]
Mar  1 00:25:15 avas postfix/smtpd[2410]: warning: 208.37.192.234: address not listed for hostname globrite.com
Mar  1 00:25:15 avas postfix/smtpd[2410]: connect from unknown[208.37.192.234]
Mar  1 00:25:15 avas postfix/smtpd[2410]: disconnect from unknown[208.37.192.234]
Mar  1 00:25:19 avas postfix/smtpd[2737]: connect from 64-144-31-242.client.dsl.net[64.144.31.242]
Mar  1 00:25:20 avas postfix/smtpd[2737]: 7C77761A83: client=64-144-31-242.client.dsl.net[64.144.31.242]
Mar  1 00:25:22 avas postfix/smtpd[2737]: disconnect from 64-144-31-242.client.dsl.net[64.144.31.242]
Mar  1 00:25:30 avas postfix/smtpd[2413]: warning: 208.37.192.234: address not listed for hostname globrite.com
Mar  1 00:25:30 avas postfix/smtpd[2413]: connect from unknown[208.37.192.234]
Mar  1 00:25:30 avas postfix/smtpd[2413]: disconnect from unknown[208.37.192.234]
Mar  1 00:25:38 avas postfix/smtpd[2769]: connect from unknown[204.104.133.47]
Mar  1 00:25:38 avas postfix/smtpd[2769]: F1CD361A83: client=unknown[204.104.133.47]
Mar  1 00:25:40 avas postfix/smtpd[2610]: connect from c24.158.28.17.dul.mn.charter.com[24.158.28.17]
Mar  1 00:25:40 avas postfix/smtpd[2610]: 75DD661A83: client=c24.158.28.17.dul.mn.charter.com[24.158.28.17]
Mar  1 00:25:42 avas postfix/smtpd[2769]: disconnect from unknown[204.104.133.47]
Mar  1 00:25:42 avas postfix/smtpd[2610]: lost connection after RCPT from c24.158.28.17.dul.mn.charter.com[24.158.28.17]
Mar  1 00:25:42 avas postfix/smtpd[2610]: disconnect from c24.158.28.17.dul.mn.charter.com[24.158.28.17]
Mar  1 00:25:42 avas postfix/smtpd[2411]: connect from c68.187.158.42.stc.mn.charter.com[68.187.158.42]
Mar  1 00:25:42 avas postfix/smtpd[2411]: E9EFB61A83: client=c68.187.158.42.stc.mn.charter.com[68.187.158.42]
Mar  1 00:25:45 avas postfix/smtpd[2411]: disconnect from c68.187.158.42.stc.mn.charter.com[68.187.158.42]
Mar  1 00:25:45 avas postfix/smtpd[2314]: warning: 208.37.192.234: address not listed for hostname globrite.com
Mar  1 00:25:45 avas postfix/smtpd[2314]: connect from unknown[208.37.192.234]
Mar  1 00:25:45 avas postfix/smtpd[2314]: disconnect from unknown[208.37.192.234]
Mar  1 00:25:56 avas postfix/smtpd[2410]: warning: 208.37.192.234: address not listed for hostname globrite.com
Mar  1 00:25:56 avas postfix/smtpd[2410]: connect from unknown[208.37.192.234]
Mar  1 00:25:56 avas postfix/smtpd[2410]: disconnect from unknown[208.37.192.234]
Mar  1 00:25:58 avas postfix/smtpd[2737]: connect from sea2-f47.sea2.hotmail.com[207.68.165.47]
Mar  1 00:25:58 avas postfix/smtpd[2737]: 3C84261A83: client=sea2-f47.sea2.hotmail.com[207.68.165.47]
Mar  1 00:25:58 avas postfix/cleanup[2412]: 3C84261A83: message-id=<Sea2-F4749V1loMbhW40003a594@hotmail.com>
Mar  1 00:25:59 avas postfix/qmgr[23698]: 3C84261A83: from=<natashaquarenghi@hotmail.com>, size=2254, nrcpt=1 (queue active)
Mar  1 00:25:59 avas postfix/smtpd[2737]: disconnect from sea2-f47.sea2.hotmail.com[207.68.165.47]
Mar  1 00:26:00 avas postfix/smtpd[2413]: warning: 208.37.192.234: address not listed for hostname globrite.com
Mar  1 00:26:00 avas postfix/smtpd[2413]: connect from unknown[208.37.192.234]
Mar  1 00:26:00 avas postfix/smtpd[2413]: disconnect from unknown[208.37.192.234]
Mar  1 00:26:10 avas postfix/smtpd[2924]: connect from avas.example.com[127.0.0.1]
Mar  1 00:26:10 avas postfix/smtpd[2924]: 83D3261AA4: client=avas.example.com[127.0.0.1]
Mar  1 00:26:10 avas postfix/cleanup[2325]: 83D3261AA4: message-id=<Sea2-F4749V1loMbhW40003a594@hotmail.com>
Mar  1 00:26:10 avas postfix/qmgr[23698]: 83D3261AA4: from=<natashaquarenghi@hotmail.com>, size=2679, nrcpt=1 (queue active)
Mar  1 00:26:10 avas postfix/smtpd[2924]: disconnect from avas.example.com[127.0.0.1]
Mar  1 00:26:10 avas amavis[2627]: (02627-05) Passed, <natashaquarenghi@hotmail.com> -> <quarenghi@example.com>, Message-ID: <Sea2-F4749V1loMbhW40003a594@hotmail.com>, Hits: 1.89
Mar  1 00:26:10 avas postfix/smtp[2918]: 3C84261A83: to=<quarenghi@example.com>, relay=127.0.0.1[127.0.0.1], delay=12, status=sent (250 2.6.0 Ok, id=02627-05, from MTA: 250 Ok: queued as 83D3261AA4)
Mar  1 00:26:10 avas postfix/smtp[2925]: 83D3261AA4: to=<quarenghi@example.com>, relay=10.0.0.251[10.0.0.251], delay=0, status=sent (250 Command DATA Processed mail data Ok)
Mar  1 00:26:15 avas postfix/smtpd[2411]: warning: 208.37.192.234: address not listed for hostname globrite.com
Mar  1 00:26:15 avas postfix/smtpd[2411]: connect from unknown[208.37.192.234]
Mar  1 00:26:16 avas postfix/smtpd[2411]: disconnect from unknown[208.37.192.234]
Mar  1 00:26:16 avas postfix/smtpd[2610]: connect from CBL217-132-80-75.bb.netvision.net.il[217.132.80.75]
Mar  1 00:26:19 avas postfix/smtpd[2610]: 6FB2261A83: client=CBL217-132-80-75.bb.netvision.net.il[217.132.80.75]
Mar  1 00:26:23 avas postfix/smtpd[2610]: lost connection after RCPT from CBL217-132-80-75.bb.netvision.net.il[217.132.80.75]
Mar  1 00:26:23 avas postfix/smtpd[2610]: disconnect from CBL217-132-80-75.bb.netvision.net.il[217.132.80.75]
Mar  1 00:26:30 avas postfix/smtpd[2314]: warning: 208.37.192.234: address not listed for hostname globrite.com
Mar  1 00:26:30 avas postfix/smtpd[2314]: connect from unknown[208.37.192.234]
Mar  1 00:26:31 avas postfix/smtpd[2314]: disconnect from unknown[208.37.192.234]
Mar  1 00:26:40 avas postfix/smtpd[2410]: connect from d161-184-14-24.abhsia.telus.net[161.184.14.24]
Mar  1 00:26:41 avas postfix/smtpd[2410]: 3122361A83: client=d161-184-14-24.abhsia.telus.net[161.184.14.24]
Mar  1 00:26:43 avas postfix/smtpd[2410]: lost connection after RCPT from d161-184-14-24.abhsia.telus.net[161.184.14.24]
Mar  1 00:26:43 avas postfix/smtpd[2410]: disconnect from d161-184-14-24.abhsia.telus.net[161.184.14.24]
Mar  1 00:26:46 avas postfix/smtpd[2737]: warning: 208.37.192.234: address not listed for hostname globrite.com
Mar  1 00:26:46 avas postfix/smtpd[2737]: connect from unknown[208.37.192.234]
Mar  1 00:26:46 avas postfix/smtpd[2737]: disconnect from unknown[208.37.192.234]
Mar  1 00:26:48 avas postfix/smtpd[2413]: connect from d57-179-112.home.cgocable.net[24.57.179.112]
Mar  1 00:26:48 avas postfix/smtpd[2413]: 755D361A83: client=d57-179-112.home.cgocable.net[24.57.179.112]
Mar  1 00:26:50 avas postfix/smtpd[2413]: lost connection after RCPT from d57-179-112.home.cgocable.net[24.57.179.112]
Mar  1 00:26:50 avas postfix/smtpd[2413]: disconnect from d57-179-112.home.cgocable.net[24.57.179.112]
Mar  1 00:27:01 avas postfix/smtpd[2411]: warning: 208.37.192.234: address not listed for hostname globrite.com
Mar  1 00:27:01 avas postfix/smtpd[2411]: connect from unknown[208.37.192.234]
Mar  1 00:27:01 avas postfix/smtpd[2411]: disconnect from unknown[208.37.192.234]
Mar  1 00:27:02 avas postfix/smtpd[2769]: connect from e3.ny.us.ibm.com[32.97.182.103]
Mar  1 00:27:02 avas postfix/smtpd[2769]: 7F03161A83: client=e3.ny.us.ibm.com[32.97.182.103]
Mar  1 00:27:04 avas postfix/cleanup[2325]: 7F03161A83: message-id=<OFB95A7E7C.58FCEEFD-ON85256E4A.002E4B1B@ca.ibm.com>
Mar  1 00:27:04 avas postfix/qmgr[23698]: 7F03161A83: from=<ozeroff@ca.ibm.com>, size=3278, nrcpt=1 (queue active)
Mar  1 00:27:04 avas postfix/smtpd[2769]: disconnect from e3.ny.us.ibm.com[32.97.182.103]
Mar  1 00:27:06 avas postfix/smtpd[2314]: connect from unknown[219.145.98.56]
Mar  1 00:27:08 avas postfix/smtpd[2314]: 1909261AA4: client=unknown[219.145.98.56]
Mar  1 00:27:12 avas postfix/smtpd[2314]: lost connection after RCPT from unknown[219.145.98.56]
Mar  1 00:27:12 avas postfix/smtpd[2314]: disconnect from unknown[219.145.98.56]
Mar  1 00:27:15 avas postfix/smtpd[2924]: connect from avas.example.com[127.0.0.1]
Mar  1 00:27:15 avas postfix/smtpd[2924]: 29EC261AA4: client=avas.example.com[127.0.0.1]
Mar  1 00:27:15 avas postfix/cleanup[2324]: 29EC261AA4: message-id=<OFB95A7E7C.58FCEEFD-ON85256E4A.002E4B1B@ca.ibm.com>
Mar  1 00:27:15 avas postfix/qmgr[23698]: 29EC261AA4: from=<ozeroff@ca.ibm.com>, size=3642, nrcpt=1 (queue active)
Mar  1 00:27:15 avas postfix/smtpd[2924]: disconnect from avas.example.com[127.0.0.1]
Mar  1 00:27:15 avas amavis[2889]: (02889-02) Passed, <ozeroff@ca.ibm.com> -> <shelley@example.com>, Message-ID: <OFB95A7E7C.58FCEEFD-ON85256E4A.002E4B1B@ca.ibm.com>, Hits: 0.831
Mar  1 00:27:15 avas postfix/smtp[2918]: 7F03161A83: to=<shelley@example.com>, relay=127.0.0.1[127.0.0.1], delay=13, status=sent (250 2.6.0 Ok, id=02889-02, from MTA: 250 Ok: queued as 29EC261AA4)
Mar  1 00:27:15 avas postfix/smtp[2925]: 29EC261AA4: to=<shelley@example.com>, relay=10.0.0.251[10.0.0.251], delay=0, status=sent (250 Command DATA Processed mail data Ok)
Mar  1 00:27:16 avas postfix/smtpd[2410]: warning: 208.37.192.234: address not listed for hostname globrite.com
Mar  1 00:27:16 avas postfix/smtpd[2410]: connect from unknown[208.37.192.234]
Mar  1 00:27:16 avas postfix/smtpd[2410]: disconnect from unknown[208.37.192.234]
Mar  1 00:27:29 avas postfix/smtpd[2610]: connect from adsl-68-73-114-215.dsl.emhril.ameritech.net[68.73.114.215]
Mar  1 00:27:31 avas postfix/smtpd[2610]: 5CB7561A83: client=adsl-68-73-114-215.dsl.emhril.ameritech.net[68.73.114.215]
Mar  1 00:27:31 avas postfix/smtpd[2413]: warning: 208.37.192.234: address not listed for hostname globrite.com
Mar  1 00:27:31 avas postfix/smtpd[2413]: connect from unknown[208.37.192.234]
Mar  1 00:27:31 avas postfix/smtpd[2413]: disconnect from unknown[208.37.192.234]
Mar  1 00:27:32 avas postfix/smtpd[2411]: connect from 82-168-166-110-bbxl.xdsl.tiscali.nl[82.168.166.110]
Mar  1 00:27:32 avas postfix/smtpd[2737]: connect from bim.kou.edu.tr[194.27.72.2]
Mar  1 00:27:32 avas postfix/smtpd[2737]: lost connection after CONNECT from bim.kou.edu.tr[194.27.72.2]
Mar  1 00:27:32 avas postfix/smtpd[2737]: disconnect from bim.kou.edu.tr[194.27.72.2]
Mar  1 00:27:33 avas postfix/smtpd[2411]: 450D461AA4: client=82-168-166-110-bbxl.xdsl.tiscali.nl[82.168.166.110]
Mar  1 00:27:35 avas postfix/smtpd[2411]: disconnect from 82-168-166-110-bbxl.xdsl.tiscali.nl[82.168.166.110]
Mar  1 00:27:42 avas postfix/smtpd[2610]: lost connection after RCPT from adsl-68-73-114-215.dsl.emhril.ameritech.net[68.73.114.215]
Mar  1 00:27:42 avas postfix/smtpd[2610]: disconnect from adsl-68-73-114-215.dsl.emhril.ameritech.net[68.73.114.215]
Mar  1 00:27:46 avas postfix/smtpd[2769]: warning: 208.37.192.234: address not listed for hostname globrite.com
Mar  1 00:27:46 avas postfix/smtpd[2769]: connect from unknown[208.37.192.234]
Mar  1 00:27:46 avas postfix/smtpd[2769]: disconnect from unknown[208.37.192.234]
Mar  1 00:27:57 avas postfix/smtpd[2314]: connect from ool-18b847ce.dyn.optonline.net[24.184.71.206]
Mar  1 00:28:00 avas postfix/smtpd[2314]: 371DD61A83: client=ool-18b847ce.dyn.optonline.net[24.184.71.206]
Mar  1 00:28:01 avas postfix/smtpd[2410]: warning: 208.37.192.234: address not listed for hostname globrite.com
Mar  1 00:28:01 avas postfix/smtpd[2410]: connect from unknown[208.37.192.234]
Mar  1 00:28:01 avas postfix/smtpd[2410]: disconnect from unknown[208.37.192.234]
Mar  1 00:28:04 avas postfix/smtpd[2314]: lost connection after RCPT from ool-18b847ce.dyn.optonline.net[24.184.71.206]
Mar  1 00:28:04 avas postfix/smtpd[2314]: disconnect from ool-18b847ce.dyn.optonline.net[24.184.71.206]
Mar  1 00:28:06 avas postfix/smtpd[2413]: connect from wordsmith.org[216.12.219.209]
Mar  1 00:28:06 avas postfix/smtpd[2413]: 2B45461A83: client=wordsmith.org[216.12.219.209]
Mar  1 00:28:06 avas postfix/cleanup[2324]: 2B45461A83: message-id=<AWAD.20040301.361254.001.1078118631@wordsmith.org>
Mar  1 00:28:06 avas postfix/qmgr[23698]: 2B45461A83: from=<wsmith@wordsmith.org>, size=3649, nrcpt=1 (queue active)
Mar  1 00:28:07 avas postfix/smtpd[2413]: disconnect from wordsmith.org[216.12.219.209]
Mar  1 00:28:09 avas postfix/smtpd[2737]: connect from unknown[218.7.48.27]
Mar  1 00:28:11 avas postfix/smtpd[2924]: connect from avas.example.com[127.0.0.1]
Mar  1 00:28:11 avas postfix/smtpd[2924]: 0CB0761AA4: client=avas.example.com[127.0.0.1]
